<html>
<body>
<pre>
<h1>µVision Build Log</h1>
<h2>Tool Versions:</h2>
IDE-Version: ¦ÌVision V5.38.0.0
Copyright (C) 2022 ARM Ltd and ARM Germany GmbH. All rights reserved.
License Information: H Administrator, wz, LIC=EXJT4-FSWG5-MMD9I-TXPID-X4RU1-TLSPW
 
Tool Versions:
Toolchain:       MDK-ARM Plus  Version: 5.37.0.0
Toolchain Path:  D:\Work Program\Keil_v5\ARM\ARM_Compiler_5.06u7\Bin
C Compiler:      Armcc.exe V5.06 update 7 (build 960)
Assembler:       Armasm.exe V5.06 update 7 (build 960)
Linker/Locator:  ArmLink.exe V5.06 update 7 (build 960)
Library Manager: ArmAr.exe V5.06 update 7 (build 960)
Hex Converter:   FromElf.exe V5.06 update 7 (build 960)
CPU DLL:         SARMCM3.DLL V5.37.0.0
Dialog DLL:      DCM.DLL V1.17.5.0
Target DLL:      STLink\ST-LINKIII-KEIL_SWO.dll V3.0.9.0
Dialog DLL:      TCM.DLL V1.56.1.0
 
<h2>Project:</h2>
D:\Work Area\Code For WorkBench\3.5 TEST\project\MDK_V5\3.5TEST.uvprojx
Project File Date:  02/07/2025

<h2>Output:</h2>
*** Using Compiler 'V5.06 update 7 (build 960)', folder: 'D:\Work Program\Keil_v5\ARM\ARM_Compiler_5.06u7\Bin'
Build target '3.5TEST'
compiling main.c...
linking...
Program Size: Code=6174 RO-data=13858 RW-data=20 ZI-data=1044  
FromELF: creating hex file...
".\objects\3.5TEST" - 0 Error(s), 0 Warning(s).

<h2>Software Packages used:</h2>

Package Vendor: ArteryTek
                
                ArteryTek.AT32F421_DFP.2.1.8
                ArteryTek AT32F421 Series Device Support,Drivers

<h2>Collection of Component include folders:</h2>
  C:/Users/Administrator/AppData/Local/Arm/Packs/ArteryTek/AT32F421_DFP/2.1.8/Device/Include

<h2>Collection of Component Files used:</h2>
Build Time Elapsed:  00:00:01
</pre>
</body>
</html>
