Component: ARM Compiler 5.06 update 7 (build 960) Tool: armlink [4d3601]

==============================================================================

Section Cross References

    at32f421_int.o(i.SysTick_Handler) refers to wk_system.o(i.wk_timebase_handler) for wk_timebase_handler
    at32f421_int.o(i.SysTick_Handler) refers to at32f421_int.o(.data) for ms_Count
    at32f421_int.o(i.SysTick_Handler) refers to main.o(.data) for FPS_Count
    at32f421_wk_config.o(i.wk_nvic_config) refers to at32f421_misc.o(i.nvic_priority_group_config) for nvic_priority_group_config
    at32f421_wk_config.o(i.wk_nvic_config) refers to at32f421_wk_config.o(i.__NVIC_GetPriorityGrouping) for __NVIC_GetPriorityGrouping
    at32f421_wk_config.o(i.wk_nvic_config) refers to at32f421_wk_config.o(i.NVIC_EncodePriority) for NVIC_EncodePriority
    at32f421_wk_config.o(i.wk_nvic_config) refers to at32f421_wk_config.o(i.__NVIC_SetPriority) for __NVIC_SetPriority
    at32f421_wk_config.o(i.wk_nvic_config) refers to at32f421_misc.o(i.nvic_irq_enable) for nvic_irq_enable
    at32f421_wk_config.o(i.wk_periph_clock_config) refers to at32f421_crm.o(i.crm_periph_clock_enable) for crm_periph_clock_enable
    at32f421_wk_config.o(i.wk_system_clock_config) refers to at32f421_crm.o(i.crm_reset) for crm_reset
    at32f421_wk_config.o(i.wk_system_clock_config) refers to at32f421_crm.o(i.crm_periph_clock_enable) for crm_periph_clock_enable
    at32f421_wk_config.o(i.wk_system_clock_config) refers to at32f421_pwc.o(i.pwc_battery_powered_domain_access) for pwc_battery_powered_domain_access
    at32f421_wk_config.o(i.wk_system_clock_config) refers to at32f421_crm.o(i.crm_flag_get) for crm_flag_get
    at32f421_wk_config.o(i.wk_system_clock_config) refers to at32f421_crm.o(i.crm_clock_source_enable) for crm_clock_source_enable
    at32f421_wk_config.o(i.wk_system_clock_config) refers to at32f421_crm.o(i.crm_hext_stable_wait) for crm_hext_stable_wait
    at32f421_wk_config.o(i.wk_system_clock_config) refers to at32f421_crm.o(i.crm_pll_config) for crm_pll_config
    at32f421_wk_config.o(i.wk_system_clock_config) refers to at32f421_crm.o(i.crm_ahb_div_set) for crm_ahb_div_set
    at32f421_wk_config.o(i.wk_system_clock_config) refers to at32f421_crm.o(i.crm_apb2_div_set) for crm_apb2_div_set
    at32f421_wk_config.o(i.wk_system_clock_config) refers to at32f421_crm.o(i.crm_apb1_div_set) for crm_apb1_div_set
    at32f421_wk_config.o(i.wk_system_clock_config) refers to at32f421_crm.o(i.crm_auto_step_mode_enable) for crm_auto_step_mode_enable
    at32f421_wk_config.o(i.wk_system_clock_config) refers to at32f421_crm.o(i.crm_sysclk_switch) for crm_sysclk_switch
    at32f421_wk_config.o(i.wk_system_clock_config) refers to at32f421_crm.o(i.crm_sysclk_switch_status_get) for crm_sysclk_switch_status_get
    at32f421_wk_config.o(i.wk_system_clock_config) refers to system_at32f421.o(i.system_core_clock_update) for system_core_clock_update
    main.o(i.LCD_Test) refers to lcd.o(i.LCD_Clear) for LCD_Clear
    main.o(i.LCD_Test) refers to lcd.o(i.LCD_ShowIntNum) for LCD_ShowIntNum
    main.o(i.LCD_Test) refers to main.o(.data) for FPS_Count
    main.o(i.main) refers to at32f421_wk_config.o(i.wk_system_clock_config) for wk_system_clock_config
    main.o(i.main) refers to at32f421_wk_config.o(i.wk_periph_clock_config) for wk_periph_clock_config
    main.o(i.main) refers to at32f421_wk_config.o(i.wk_nvic_config) for wk_nvic_config
    main.o(i.main) refers to wk_system.o(i.wk_timebase_init) for wk_timebase_init
    main.o(i.main) refers to wk_usart.o(i.wk_usart1_init) for wk_usart1_init
    main.o(i.main) refers to wk_wdt.o(i.wk_wdt_init) for wk_wdt_init
    main.o(i.main) refers to wk_gpio.o(i.wk_gpio_config) for wk_gpio_config
    main.o(i.main) refers to at32f421_usart.o(i.usart_data_transmit) for usart_data_transmit
    main.o(i.main) refers to lcd.o(i.LCD_Init) for LCD_Init
    main.o(i.main) refers to lcd.o(i.LCD_ShowString) for LCD_ShowString
    main.o(i.main) refers to lcd.o(i.LCD_DrawLine) for LCD_DrawLine
    wk_system.o(i.wk_delay_ms) refers to wk_system.o(i.wk_timebase_get) for wk_timebase_get
    wk_system.o(i.wk_timebase_get) refers to wk_system.o(.data) for timebase_ticks
    wk_system.o(i.wk_timebase_handler) refers to wk_system.o(i.wk_timebase_increase) for wk_timebase_increase
    wk_system.o(i.wk_timebase_increase) refers to wk_system.o(.data) for timebase_ticks
    wk_system.o(i.wk_timebase_init) refers to at32f421_crm.o(i.crm_clocks_freq_get) for crm_clocks_freq_get
    wk_system.o(i.wk_timebase_init) refers to at32f421_misc.o(i.systick_clock_source_config) for systick_clock_source_config
    wk_gpio.o(i.wk_gpio_config) refers to at32f421_gpio.o(i.gpio_default_para_init) for gpio_default_para_init
    wk_gpio.o(i.wk_gpio_config) refers to at32f421_gpio.o(i.gpio_bits_reset) for gpio_bits_reset
    wk_gpio.o(i.wk_gpio_config) refers to at32f421_gpio.o(i.gpio_init) for gpio_init
    wk_usart.o(i.wk_usart1_init) refers to at32f421_gpio.o(i.gpio_default_para_init) for gpio_default_para_init
    wk_usart.o(i.wk_usart1_init) refers to at32f421_gpio.o(i.gpio_pin_mux_config) for gpio_pin_mux_config
    wk_usart.o(i.wk_usart1_init) refers to at32f421_gpio.o(i.gpio_init) for gpio_init
    wk_usart.o(i.wk_usart1_init) refers to at32f421_usart.o(i.usart_init) for usart_init
    wk_usart.o(i.wk_usart1_init) refers to at32f421_usart.o(i.usart_transmitter_enable) for usart_transmitter_enable
    wk_usart.o(i.wk_usart1_init) refers to at32f421_usart.o(i.usart_receiver_enable) for usart_receiver_enable
    wk_usart.o(i.wk_usart1_init) refers to at32f421_usart.o(i.usart_parity_selection_config) for usart_parity_selection_config
    wk_usart.o(i.wk_usart1_init) refers to at32f421_usart.o(i.usart_hardware_flow_control_set) for usart_hardware_flow_control_set
    wk_usart.o(i.wk_usart1_init) refers to at32f421_usart.o(i.usart_enable) for usart_enable
    wk_wdt.o(i.wk_wdt_init) refers to at32f421_wdt.o(i.wdt_register_write_enable) for wdt_register_write_enable
    wk_wdt.o(i.wk_wdt_init) refers to at32f421_wdt.o(i.wdt_divider_set) for wdt_divider_set
    wk_wdt.o(i.wk_wdt_init) refers to at32f421_wdt.o(i.wdt_reload_value_set) for wdt_reload_value_set
    wk_wdt.o(i.wk_wdt_init) refers to at32f421_wdt.o(i.wdt_counter_reload) for wdt_counter_reload
    at32f421_crm.o(i.crm_clocks_freq_get) refers to at32f421_crm.o(i.crm_sysclk_switch_status_get) for crm_sysclk_switch_status_get
    at32f421_crm.o(i.crm_clocks_freq_get) refers to uldiv.o(.text) for __aeabi_uldivmod
    at32f421_crm.o(i.crm_clocks_freq_get) refers to at32f421_crm.o(.constdata) for sclk_ahb_div_table
    at32f421_crm.o(i.crm_hext_stable_wait) refers to at32f421_crm.o(i.crm_flag_get) for crm_flag_get
    at32f421_crm.o(i.crm_hick_sclk_frequency_select) refers to at32f421_crm.o(i.crm_hick_divider_select) for crm_hick_divider_select
    at32f421_gpio.o(i.gpio_reset) refers to at32f421_crm.o(i.crm_periph_reset) for crm_periph_reset
    at32f421_usart.o(i.usart_init) refers to at32f421_crm.o(i.crm_clocks_freq_get) for crm_clocks_freq_get
    at32f421_usart.o(i.usart_reset) refers to at32f421_crm.o(i.crm_periph_reset) for crm_periph_reset
    at32f421_pwc.o(i.pwc_reset) refers to at32f421_crm.o(i.crm_periph_reset) for crm_periph_reset
    at32f421_flash.o(i.flash_boot_memory_extension_mode_enable) refers to at32f421_flash.o(i.flash_operation_wait_for) for flash_operation_wait_for
    at32f421_flash.o(i.flash_byte_program) refers to at32f421_flash.o(i.flash_operation_wait_for) for flash_operation_wait_for
    at32f421_flash.o(i.flash_crc_calibrate) refers to at32f421_flash.o(i.flash_operation_wait_for) for flash_operation_wait_for
    at32f421_flash.o(i.flash_epp_set) refers to at32f421_flash.o(i.flash_operation_wait_for) for flash_operation_wait_for
    at32f421_flash.o(i.flash_epp_set) refers to at32f421_flash.o(.constdata) for .constdata
    at32f421_flash.o(i.flash_extension_memory_slib_enable) refers to at32f421_flash.o(i.flash_operation_wait_for) for flash_operation_wait_for
    at32f421_flash.o(i.flash_fap_enable) refers to at32f421_flash.o(i.flash_operation_wait_for) for flash_operation_wait_for
    at32f421_flash.o(i.flash_fap_high_level_enable) refers to at32f421_flash.o(i.flash_operation_wait_for) for flash_operation_wait_for
    at32f421_flash.o(i.flash_halfword_program) refers to at32f421_flash.o(i.flash_operation_wait_for) for flash_operation_wait_for
    at32f421_flash.o(i.flash_internal_all_erase) refers to at32f421_flash.o(i.flash_operation_wait_for) for flash_operation_wait_for
    at32f421_flash.o(i.flash_operation_wait_for) refers to at32f421_flash.o(i.flash_operation_status_get) for flash_operation_status_get
    at32f421_flash.o(i.flash_sector_erase) refers to at32f421_flash.o(i.flash_operation_wait_for) for flash_operation_wait_for
    at32f421_flash.o(i.flash_slib_disable) refers to at32f421_flash.o(i.flash_operation_wait_for) for flash_operation_wait_for
    at32f421_flash.o(i.flash_slib_enable) refers to at32f421_flash.o(i.flash_operation_wait_for) for flash_operation_wait_for
    at32f421_flash.o(i.flash_ssb_set) refers to at32f421_flash.o(i.flash_operation_wait_for) for flash_operation_wait_for
    at32f421_flash.o(i.flash_user_system_data_erase) refers to at32f421_flash.o(i.flash_fap_status_get) for flash_fap_status_get
    at32f421_flash.o(i.flash_user_system_data_erase) refers to at32f421_flash.o(i.flash_operation_wait_for) for flash_operation_wait_for
    at32f421_flash.o(i.flash_user_system_data_program) refers to at32f421_flash.o(i.flash_operation_wait_for) for flash_operation_wait_for
    at32f421_flash.o(i.flash_word_program) refers to at32f421_flash.o(i.flash_operation_wait_for) for flash_operation_wait_for
    system_at32f421.o(i.system_core_clock_update) refers to at32f421_crm.o(i.crm_sysclk_switch_status_get) for crm_sysclk_switch_status_get
    system_at32f421.o(i.system_core_clock_update) refers to uldiv.o(.text) for __aeabi_uldivmod
    system_at32f421.o(i.system_core_clock_update) refers to system_at32f421.o(.data) for system_core_clock
    system_at32f421.o(i.system_core_clock_update) refers to system_at32f421.o(.constdata) for sys_ahb_div_table
    startup_at32f421.o(RESET) refers to startup_at32f421.o(STACK) for __initial_sp
    startup_at32f421.o(RESET) refers to startup_at32f421.o(.text) for Reset_Handler
    startup_at32f421.o(RESET) refers to at32f421_int.o(i.NMI_Handler) for NMI_Handler
    startup_at32f421.o(RESET) refers to at32f421_int.o(i.HardFault_Handler) for HardFault_Handler
    startup_at32f421.o(RESET) refers to at32f421_int.o(i.MemManage_Handler) for MemManage_Handler
    startup_at32f421.o(RESET) refers to at32f421_int.o(i.BusFault_Handler) for BusFault_Handler
    startup_at32f421.o(RESET) refers to at32f421_int.o(i.UsageFault_Handler) for UsageFault_Handler
    startup_at32f421.o(RESET) refers to at32f421_int.o(i.SVC_Handler) for SVC_Handler
    startup_at32f421.o(RESET) refers to at32f421_int.o(i.DebugMon_Handler) for DebugMon_Handler
    startup_at32f421.o(RESET) refers to at32f421_int.o(i.PendSV_Handler) for PendSV_Handler
    startup_at32f421.o(RESET) refers to at32f421_int.o(i.SysTick_Handler) for SysTick_Handler
    startup_at32f421.o(RESET) refers to at32f421_int.o(i.USART1_IRQHandler) for USART1_IRQHandler
    startup_at32f421.o(.text) refers to system_at32f421.o(i.SystemInit) for SystemInit
    startup_at32f421.o(.text) refers to entry.o(.ARM.Collect$$$$00000000) for __main
    lcd.o(i.Draw_Circle) refers to lcd.o(i.LCD_DrawPoint) for LCD_DrawPoint
    lcd.o(i.LCD_Address_Set) refers to lcd.o(i.LCD_WR_REG) for LCD_WR_REG
    lcd.o(i.LCD_Address_Set) refers to lcd.o(i.LCD_WR_data) for LCD_WR_data
    lcd.o(i.LCD_Clear) refers to lcd.o(i.LCD_Address_Set) for LCD_Address_Set
    lcd.o(i.LCD_Clear) refers to lcd.o(i.LCD_WR_DATA) for LCD_WR_DATA
    lcd.o(i.LCD_Clear) refers to lcd.o(.bss) for lcddev
    lcd.o(i.LCD_DisplayOff) refers to lcd.o(i.LCD_WR_REG) for LCD_WR_REG
    lcd.o(i.LCD_DisplayOn) refers to lcd.o(i.LCD_WR_REG) for LCD_WR_REG
    lcd.o(i.LCD_Display_Dir) refers to lcd.o(i.LCD_Scan_Dir) for LCD_Scan_Dir
    lcd.o(i.LCD_Display_Dir) refers to lcd.o(.bss) for lcddev
    lcd.o(i.LCD_DrawLine) refers to lcd.o(i.LCD_DrawPoint) for LCD_DrawPoint
    lcd.o(i.LCD_DrawPoint) refers to lcd.o(i.LCD_Address_Set) for LCD_Address_Set
    lcd.o(i.LCD_DrawPoint) refers to lcd.o(i.LCD_WR_DATA) for LCD_WR_DATA
    lcd.o(i.LCD_DrawRectangle) refers to lcd.o(i.LCD_DrawLine) for LCD_DrawLine
    lcd.o(i.LCD_Fill) refers to lcd.o(i.LCD_Address_Set) for LCD_Address_Set
    lcd.o(i.LCD_Fill) refers to lcd.o(i.LCD_WR_DATA) for LCD_WR_DATA
    lcd.o(i.LCD_Init) refers to at32f421_gpio.o(i.gpio_bits_set) for gpio_bits_set
    lcd.o(i.LCD_Init) refers to wk_system.o(i.wk_delay_ms) for wk_delay_ms
    lcd.o(i.LCD_Init) refers to lcd.o(i.LCD_WR_REG) for LCD_WR_REG
    lcd.o(i.LCD_Init) refers to lcd.o(i.LCD_RD_DATA) for LCD_RD_DATA
    lcd.o(i.LCD_Init) refers to lcd.o(i.LCD_WR_DATA) for LCD_WR_DATA
    lcd.o(i.LCD_Init) refers to lcd.o(i.LCD_Display_Dir) for LCD_Display_Dir
    lcd.o(i.LCD_Init) refers to lcd.o(i.LCD_Clear) for LCD_Clear
    lcd.o(i.LCD_Init) refers to lcd.o(.bss) for lcddev
    lcd.o(i.LCD_RD_DATA) refers to lcd.o(i.set_mode) for set_mode
    lcd.o(i.LCD_RD_DATA) refers to at32f421_gpio.o(i.gpio_bits_reset) for gpio_bits_reset
    lcd.o(i.LCD_RD_DATA) refers to at32f421_gpio.o(i.gpio_bits_set) for gpio_bits_set
    lcd.o(i.LCD_Scan_Dir) refers to lcd.o(i.LCD_WriteReg) for LCD_WriteReg
    lcd.o(i.LCD_Scan_Dir) refers to lcd.o(i.LCD_WR_REG) for LCD_WR_REG
    lcd.o(i.LCD_Scan_Dir) refers to lcd.o(i.LCD_WR_DATA) for LCD_WR_DATA
    lcd.o(i.LCD_Scan_Dir) refers to lcd.o(.bss) for lcddev
    lcd.o(i.LCD_SetCursor) refers to lcd.o(i.LCD_WR_REG) for LCD_WR_REG
    lcd.o(i.LCD_SetCursor) refers to lcd.o(i.LCD_WR_data) for LCD_WR_data
    lcd.o(i.LCD_ShowChar) refers to lcd.o(i.LCD_Address_Set) for LCD_Address_Set
    lcd.o(i.LCD_ShowChar) refers to lcd.o(i.LCD_WR_DATA) for LCD_WR_DATA
    lcd.o(i.LCD_ShowChar) refers to lcd.o(i.LCD_DrawPoint) for LCD_DrawPoint
    lcd.o(i.LCD_ShowChar) refers to lcd.o(.constdata) for ascii_1206
    lcd.o(i.LCD_ShowChinese) refers to lcd.o(i.LCD_ShowChinese12x12) for LCD_ShowChinese12x12
    lcd.o(i.LCD_ShowChinese) refers to lcd.o(i.LCD_ShowChinese16x16) for LCD_ShowChinese16x16
    lcd.o(i.LCD_ShowChinese) refers to lcd.o(i.LCD_ShowChinese24x24) for LCD_ShowChinese24x24
    lcd.o(i.LCD_ShowChinese) refers to lcd.o(i.LCD_ShowChinese32x32) for LCD_ShowChinese32x32
    lcd.o(i.LCD_ShowChinese12x12) refers to lcd.o(i.LCD_Address_Set) for LCD_Address_Set
    lcd.o(i.LCD_ShowChinese12x12) refers to lcd.o(i.LCD_WR_DATA) for LCD_WR_DATA
    lcd.o(i.LCD_ShowChinese12x12) refers to lcd.o(i.LCD_DrawPoint) for LCD_DrawPoint
    lcd.o(i.LCD_ShowChinese12x12) refers to lcd.o(.constdata) for tfont12
    lcd.o(i.LCD_ShowChinese16x16) refers to lcd.o(i.LCD_Address_Set) for LCD_Address_Set
    lcd.o(i.LCD_ShowChinese16x16) refers to lcd.o(i.LCD_WR_DATA) for LCD_WR_DATA
    lcd.o(i.LCD_ShowChinese16x16) refers to lcd.o(i.LCD_DrawPoint) for LCD_DrawPoint
    lcd.o(i.LCD_ShowChinese16x16) refers to lcd.o(.constdata) for tfont16
    lcd.o(i.LCD_ShowChinese24x24) refers to lcd.o(i.LCD_Address_Set) for LCD_Address_Set
    lcd.o(i.LCD_ShowChinese24x24) refers to lcd.o(i.LCD_WR_DATA) for LCD_WR_DATA
    lcd.o(i.LCD_ShowChinese24x24) refers to lcd.o(i.LCD_DrawPoint) for LCD_DrawPoint
    lcd.o(i.LCD_ShowChinese24x24) refers to lcd.o(.constdata) for tfont24
    lcd.o(i.LCD_ShowChinese32x32) refers to lcd.o(i.LCD_Address_Set) for LCD_Address_Set
    lcd.o(i.LCD_ShowChinese32x32) refers to lcd.o(i.LCD_WR_DATA) for LCD_WR_DATA
    lcd.o(i.LCD_ShowChinese32x32) refers to lcd.o(i.LCD_DrawPoint) for LCD_DrawPoint
    lcd.o(i.LCD_ShowChinese32x32) refers to lcd.o(.constdata) for tfont32
    lcd.o(i.LCD_ShowFloatNum1) refers to fmul.o(.text) for __aeabi_fmul
    lcd.o(i.LCD_ShowFloatNum1) refers to ffixui.o(.text) for __aeabi_f2uiz
    lcd.o(i.LCD_ShowFloatNum1) refers to lcd.o(i.mypow) for mypow
    lcd.o(i.LCD_ShowFloatNum1) refers to lcd.o(i.LCD_ShowChar) for LCD_ShowChar
    lcd.o(i.LCD_ShowIntNum) refers to lcd.o(i.mypow) for mypow
    lcd.o(i.LCD_ShowIntNum) refers to lcd.o(i.LCD_ShowChar) for LCD_ShowChar
    lcd.o(i.LCD_ShowPicture) refers to lcd.o(i.LCD_Address_Set) for LCD_Address_Set
    lcd.o(i.LCD_ShowPicture) refers to lcd.o(i.LCD_WR_DATA) for LCD_WR_DATA
    lcd.o(i.LCD_ShowString) refers to lcd.o(i.LCD_ShowChar) for LCD_ShowChar
    lcd.o(i.LCD_WR_DATA) refers to at32f421_gpio.o(i.gpio_bits_reset) for gpio_bits_reset
    lcd.o(i.LCD_WR_DATA) refers to at32f421_gpio.o(i.gpio_bits_set) for gpio_bits_set
    lcd.o(i.LCD_WR_REG) refers to at32f421_gpio.o(i.gpio_bits_reset) for gpio_bits_reset
    lcd.o(i.LCD_WR_REG) refers to at32f421_gpio.o(i.gpio_bits_set) for gpio_bits_set
    lcd.o(i.LCD_WR_data) refers to at32f421_gpio.o(i.gpio_bits_reset) for gpio_bits_reset
    lcd.o(i.LCD_WR_data) refers to at32f421_gpio.o(i.gpio_bits_set) for gpio_bits_set
    lcd.o(i.LCD_WriteReg) refers to lcd.o(i.LCD_WR_REG) for LCD_WR_REG
    lcd.o(i.LCD_WriteReg) refers to lcd.o(i.LCD_WR_DATA) for LCD_WR_DATA
    lcd.o(i.Set_Dir) refers to lcd.o(.bss) for lcddev
    lcd.o(i.set_mode) refers to at32f421_gpio.o(i.gpio_default_para_init) for gpio_default_para_init
    lcd.o(i.set_mode) refers to at32f421_gpio.o(i.gpio_init) for gpio_init
    entry.o(.ARM.Collect$$$$00000000) refers (Special) to entry10a.o(.ARM.Collect$$$$0000000F) for __rt_final_cpp
    entry.o(.ARM.Collect$$$$00000000) refers (Special) to entry11a.o(.ARM.Collect$$$$00000011) for __rt_final_exit
    entry.o(.ARM.Collect$$$$00000000) refers (Special) to entry12b.o(.ARM.Collect$$$$0000000E) for __rt_lib_shutdown_fini
    entry.o(.ARM.Collect$$$$00000000) refers (Special) to entry7b.o(.ARM.Collect$$$$00000008) for _main_clock
    entry.o(.ARM.Collect$$$$00000000) refers (Special) to entry8b.o(.ARM.Collect$$$$0000000A) for _main_cpp_init
    entry.o(.ARM.Collect$$$$00000000) refers (Special) to entry9a.o(.ARM.Collect$$$$0000000B) for _main_init
    entry.o(.ARM.Collect$$$$00000000) refers (Special) to entry5.o(.ARM.Collect$$$$00000004) for _main_scatterload
    entry.o(.ARM.Collect$$$$00000000) refers (Special) to entry2.o(.ARM.Collect$$$$00000001) for _main_stk
    uldiv.o(.text) refers to llushr.o(.text) for __aeabi_llsr
    uldiv.o(.text) refers to llshl.o(.text) for __aeabi_llsl
    fmul.o(.text) refers (Special) to iusefp.o(.text) for __I$use$fp
    ffixui.o(.text) refers (Special) to iusefp.o(.text) for __I$use$fp
    entry2.o(.ARM.Collect$$$$00000001) refers to entry2.o(.ARM.Collect$$$$00002712) for __lit__00000000
    entry2.o(.ARM.Collect$$$$00002712) refers to startup_at32f421.o(STACK) for __initial_sp
    entry2.o(__vectab_stack_and_reset_area) refers to startup_at32f421.o(STACK) for __initial_sp
    entry2.o(__vectab_stack_and_reset_area) refers to entry.o(.ARM.Collect$$$$00000000) for __main
    entry5.o(.ARM.Collect$$$$00000004) refers to init.o(.text) for __scatterload
    entry9a.o(.ARM.Collect$$$$0000000B) refers to main.o(i.main) for main
    entry9b.o(.ARM.Collect$$$$0000000C) refers to main.o(i.main) for main
    init.o(.text) refers to entry5.o(.ARM.Collect$$$$00000004) for __main_after_scatterload


==============================================================================

Removing Unused input sections from the image.

    Removing at32f421_int.o(.rev16_text), (4 bytes).
    Removing at32f421_int.o(.revsh_text), (4 bytes).
    Removing at32f421_int.o(.rrx_text), (6 bytes).
    Removing at32f421_wk_config.o(.rev16_text), (4 bytes).
    Removing at32f421_wk_config.o(.revsh_text), (4 bytes).
    Removing at32f421_wk_config.o(.rrx_text), (6 bytes).
    Removing main.o(.rev16_text), (4 bytes).
    Removing main.o(.revsh_text), (4 bytes).
    Removing main.o(.rrx_text), (6 bytes).
    Removing main.o(i.LCD_Test), (60 bytes).
    Removing wk_system.o(.rev16_text), (4 bytes).
    Removing wk_system.o(.revsh_text), (4 bytes).
    Removing wk_system.o(.rrx_text), (6 bytes).
    Removing wk_gpio.o(.rev16_text), (4 bytes).
    Removing wk_gpio.o(.revsh_text), (4 bytes).
    Removing wk_gpio.o(.rrx_text), (6 bytes).
    Removing wk_usart.o(.rev16_text), (4 bytes).
    Removing wk_usart.o(.revsh_text), (4 bytes).
    Removing wk_usart.o(.rrx_text), (6 bytes).
    Removing wk_wdt.o(.rev16_text), (4 bytes).
    Removing wk_wdt.o(.revsh_text), (4 bytes).
    Removing wk_wdt.o(.rrx_text), (6 bytes).
    Removing at32f421_crm.o(.rev16_text), (4 bytes).
    Removing at32f421_crm.o(.revsh_text), (4 bytes).
    Removing at32f421_crm.o(.rrx_text), (6 bytes).
    Removing at32f421_crm.o(i.crm_adc_clock_div_set), (32 bytes).
    Removing at32f421_crm.o(i.crm_battery_powered_domain_reset), (20 bytes).
    Removing at32f421_crm.o(i.crm_clkout_div_set), (20 bytes).
    Removing at32f421_crm.o(i.crm_clock_failure_detection_enable), (20 bytes).
    Removing at32f421_crm.o(i.crm_clock_out_set), (32 bytes).
    Removing at32f421_crm.o(i.crm_ertc_clock_enable), (20 bytes).
    Removing at32f421_crm.o(i.crm_ertc_clock_select), (20 bytes).
    Removing at32f421_crm.o(i.crm_flag_clear), (212 bytes).
    Removing at32f421_crm.o(i.crm_hext_bypass), (20 bytes).
    Removing at32f421_crm.o(i.crm_hick_clock_calibration_set), (40 bytes).
    Removing at32f421_crm.o(i.crm_hick_clock_trimming_set), (20 bytes).
    Removing at32f421_crm.o(i.crm_hick_divider_select), (20 bytes).
    Removing at32f421_crm.o(i.crm_hick_sclk_frequency_select), (28 bytes).
    Removing at32f421_crm.o(i.crm_interrupt_enable), (32 bytes).
    Removing at32f421_crm.o(i.crm_interrupt_flag_get), (176 bytes).
    Removing at32f421_crm.o(i.crm_lext_bypass), (20 bytes).
    Removing at32f421_crm.o(i.crm_periph_reset), (68 bytes).
    Removing at32f421_crm.o(i.crm_periph_sleep_mode_clock_enable), (68 bytes).
    Removing at32f421_crm.o(i.crm_pll_config2), (132 bytes).
    Removing at32f421_gpio.o(.rev16_text), (4 bytes).
    Removing at32f421_gpio.o(.revsh_text), (4 bytes).
    Removing at32f421_gpio.o(.rrx_text), (6 bytes).
    Removing at32f421_gpio.o(i.gpio_bits_write), (10 bytes).
    Removing at32f421_gpio.o(i.gpio_input_data_bit_read), (18 bytes).
    Removing at32f421_gpio.o(i.gpio_input_data_read), (8 bytes).
    Removing at32f421_gpio.o(i.gpio_output_data_bit_read), (18 bytes).
    Removing at32f421_gpio.o(i.gpio_output_data_read), (8 bytes).
    Removing at32f421_gpio.o(i.gpio_pin_wp_config), (18 bytes).
    Removing at32f421_gpio.o(i.gpio_pins_huge_driven_config), (18 bytes).
    Removing at32f421_gpio.o(i.gpio_port_write), (4 bytes).
    Removing at32f421_gpio.o(i.gpio_reset), (128 bytes).
    Removing at32f421_usart.o(.rev16_text), (4 bytes).
    Removing at32f421_usart.o(.revsh_text), (4 bytes).
    Removing at32f421_usart.o(.rrx_text), (6 bytes).
    Removing at32f421_usart.o(i.usart_break_bit_num_set), (10 bytes).
    Removing at32f421_usart.o(i.usart_break_send), (12 bytes).
    Removing at32f421_usart.o(i.usart_clock_config), (28 bytes).
    Removing at32f421_usart.o(i.usart_clock_enable), (10 bytes).
    Removing at32f421_usart.o(i.usart_data_receive), (8 bytes).
    Removing at32f421_usart.o(i.usart_dma_receiver_enable), (10 bytes).
    Removing at32f421_usart.o(i.usart_dma_transmitter_enable), (10 bytes).
    Removing at32f421_usart.o(i.usart_flag_clear), (18 bytes).
    Removing at32f421_usart.o(i.usart_flag_get), (16 bytes).
    Removing at32f421_usart.o(i.usart_interrupt_enable), (54 bytes).
    Removing at32f421_usart.o(i.usart_interrupt_flag_get), (176 bytes).
    Removing at32f421_usart.o(i.usart_irda_low_power_enable), (10 bytes).
    Removing at32f421_usart.o(i.usart_irda_mode_enable), (10 bytes).
    Removing at32f421_usart.o(i.usart_irda_smartcard_division_set), (10 bytes).
    Removing at32f421_usart.o(i.usart_lin_mode_enable), (10 bytes).
    Removing at32f421_usart.o(i.usart_receiver_mute_enable), (10 bytes).
    Removing at32f421_usart.o(i.usart_reset), (64 bytes).
    Removing at32f421_usart.o(i.usart_single_line_halfduplex_select), (10 bytes).
    Removing at32f421_usart.o(i.usart_smartcard_guard_time_set), (10 bytes).
    Removing at32f421_usart.o(i.usart_smartcard_mode_enable), (10 bytes).
    Removing at32f421_usart.o(i.usart_smartcard_nack_set), (10 bytes).
    Removing at32f421_usart.o(i.usart_transmit_receive_pin_swap), (10 bytes).
    Removing at32f421_usart.o(i.usart_wakeup_id_set), (10 bytes).
    Removing at32f421_usart.o(i.usart_wakeup_mode_set), (10 bytes).
    Removing at32f421_pwc.o(.rev16_text), (4 bytes).
    Removing at32f421_pwc.o(.revsh_text), (4 bytes).
    Removing at32f421_pwc.o(.rrx_text), (6 bytes).
    Removing at32f421_pwc.o(i.pwc_deep_sleep_mode_enter), (48 bytes).
    Removing at32f421_pwc.o(i.pwc_flag_clear), (48 bytes).
    Removing at32f421_pwc.o(i.pwc_flag_get), (24 bytes).
    Removing at32f421_pwc.o(i.pwc_power_voltage_monitor_enable), (20 bytes).
    Removing at32f421_pwc.o(i.pwc_pvm_level_select), (20 bytes).
    Removing at32f421_pwc.o(i.pwc_reset), (24 bytes).
    Removing at32f421_pwc.o(i.pwc_sleep_mode_enter), (36 bytes).
    Removing at32f421_pwc.o(i.pwc_standby_mode_enter), (56 bytes).
    Removing at32f421_pwc.o(i.pwc_voltage_regulate_set), (48 bytes).
    Removing at32f421_pwc.o(i.pwc_wakeup_pin_enable), (32 bytes).
    Removing at32f421_debug.o(.rev16_text), (4 bytes).
    Removing at32f421_debug.o(.revsh_text), (4 bytes).
    Removing at32f421_debug.o(.rrx_text), (6 bytes).
    Removing at32f421_debug.o(i.debug_device_id_get), (12 bytes).
    Removing at32f421_debug.o(i.debug_periph_mode_set), (32 bytes).
    Removing at32f421_flash.o(.rev16_text), (4 bytes).
    Removing at32f421_flash.o(.revsh_text), (4 bytes).
    Removing at32f421_flash.o(.rrx_text), (6 bytes).
    Removing at32f421_flash.o(i.flash_boot_memory_extension_mode_enable), (64 bytes).
    Removing at32f421_flash.o(i.flash_byte_program), (56 bytes).
    Removing at32f421_flash.o(i.flash_crc_calibrate), (40 bytes).
    Removing at32f421_flash.o(i.flash_em_slib_inststart_sector_get), (16 bytes).
    Removing at32f421_flash.o(i.flash_epp_set), (220 bytes).
    Removing at32f421_flash.o(i.flash_epp_status_get), (12 bytes).
    Removing at32f421_flash.o(i.flash_extension_memory_slib_enable), (88 bytes).
    Removing at32f421_flash.o(i.flash_extension_memory_slib_state_get), (24 bytes).
    Removing at32f421_flash.o(i.flash_fap_enable), (140 bytes).
    Removing at32f421_flash.o(i.flash_fap_high_level_enable), (260 bytes).
    Removing at32f421_flash.o(i.flash_fap_high_level_status_get), (16 bytes).
    Removing at32f421_flash.o(i.flash_fap_status_get), (16 bytes).
    Removing at32f421_flash.o(i.flash_flag_clear), (12 bytes).
    Removing at32f421_flash.o(i.flash_flag_get), (56 bytes).
    Removing at32f421_flash.o(i.flash_halfword_program), (56 bytes).
    Removing at32f421_flash.o(i.flash_internal_all_erase), (60 bytes).
    Removing at32f421_flash.o(i.flash_interrupt_enable), (44 bytes).
    Removing at32f421_flash.o(i.flash_lock), (20 bytes).
    Removing at32f421_flash.o(i.flash_low_power_mode_enable), (20 bytes).
    Removing at32f421_flash.o(i.flash_operation_status_get), (52 bytes).
    Removing at32f421_flash.o(i.flash_operation_wait_for), (36 bytes).
    Removing at32f421_flash.o(i.flash_sector_erase), (64 bytes).
    Removing at32f421_flash.o(i.flash_slib_disable), (52 bytes).
    Removing at32f421_flash.o(i.flash_slib_enable), (148 bytes).
    Removing at32f421_flash.o(i.flash_slib_end_sector_get), (12 bytes).
    Removing at32f421_flash.o(i.flash_slib_inststart_sector_get), (16 bytes).
    Removing at32f421_flash.o(i.flash_slib_start_sector_get), (16 bytes).
    Removing at32f421_flash.o(i.flash_slib_state_get), (24 bytes).
    Removing at32f421_flash.o(i.flash_ssb_set), (92 bytes).
    Removing at32f421_flash.o(i.flash_ssb_status_get), (16 bytes).
    Removing at32f421_flash.o(i.flash_unlock), (24 bytes).
    Removing at32f421_flash.o(i.flash_user_system_data_erase), (152 bytes).
    Removing at32f421_flash.o(i.flash_user_system_data_program), (88 bytes).
    Removing at32f421_flash.o(i.flash_word_program), (56 bytes).
    Removing at32f421_flash.o(.constdata), (8 bytes).
    Removing at32f421_wdt.o(.rev16_text), (4 bytes).
    Removing at32f421_wdt.o(.revsh_text), (4 bytes).
    Removing at32f421_wdt.o(.rrx_text), (6 bytes).
    Removing at32f421_wdt.o(i.wdt_enable), (16 bytes).
    Removing at32f421_wdt.o(i.wdt_flag_get), (24 bytes).
    Removing at32f421_misc.o(.rev16_text), (4 bytes).
    Removing at32f421_misc.o(.revsh_text), (4 bytes).
    Removing at32f421_misc.o(.rrx_text), (6 bytes).
    Removing at32f421_misc.o(i.nvic_irq_disable), (44 bytes).
    Removing at32f421_misc.o(i.nvic_lowpower_mode_config), (32 bytes).
    Removing at32f421_misc.o(i.nvic_system_reset), (44 bytes).
    Removing at32f421_misc.o(i.nvic_vector_table_set), (20 bytes).
    Removing system_at32f421.o(.rev16_text), (4 bytes).
    Removing system_at32f421.o(.revsh_text), (4 bytes).
    Removing system_at32f421.o(.rrx_text), (6 bytes).
    Removing startup_at32f421.o(HEAP), (512 bytes).
    Removing lcd.o(.rev16_text), (4 bytes).
    Removing lcd.o(.revsh_text), (4 bytes).
    Removing lcd.o(.rrx_text), (6 bytes).
    Removing lcd.o(i.Draw_Circle), (158 bytes).
    Removing lcd.o(i.LCD_DisplayOff), (10 bytes).
    Removing lcd.o(i.LCD_DisplayOn), (10 bytes).
    Removing lcd.o(i.LCD_DrawRectangle), (74 bytes).
    Removing lcd.o(i.LCD_Fill), (74 bytes).
    Removing lcd.o(i.LCD_SetCursor), (44 bytes).
    Removing lcd.o(i.LCD_ShowChinese), (140 bytes).
    Removing lcd.o(i.LCD_ShowChinese12x12), (328 bytes).
    Removing lcd.o(i.LCD_ShowChinese16x16), (312 bytes).
    Removing lcd.o(i.LCD_ShowChinese24x24), (328 bytes).
    Removing lcd.o(i.LCD_ShowChinese32x32), (312 bytes).
    Removing lcd.o(i.LCD_ShowFloatNum1), (164 bytes).
    Removing lcd.o(i.LCD_ShowIntNum), (150 bytes).
    Removing lcd.o(i.LCD_ShowPicture), (110 bytes).
    Removing lcd.o(i.Set_Dir), (56 bytes).
    Removing lcd.o(i.mypow), (22 bytes).
    Removing fmul.o(.text), (100 bytes).
    Removing ffixui.o(.text), (40 bytes).

176 unused section(s) (total 7664 bytes) removed from the image.

==============================================================================

Image Symbol Table

    Local Symbols

    Symbol Name                              Value     Ov Type        Size  Object(Section)

    ../clib/microlib/division.c              0x00000000   Number         0  uldiv.o ABSOLUTE
    ../clib/microlib/init/entry.s            0x00000000   Number         0  entry8a.o ABSOLUTE
    ../clib/microlib/init/entry.s            0x00000000   Number         0  entry5.o ABSOLUTE
    ../clib/microlib/init/entry.s            0x00000000   Number         0  entry2.o ABSOLUTE
    ../clib/microlib/init/entry.s            0x00000000   Number         0  entry11a.o ABSOLUTE
    ../clib/microlib/init/entry.s            0x00000000   Number         0  entry12b.o ABSOLUTE
    ../clib/microlib/init/entry.s            0x00000000   Number         0  entry12a.o ABSOLUTE
    ../clib/microlib/init/entry.s            0x00000000   Number         0  entry11b.o ABSOLUTE
    ../clib/microlib/init/entry.s            0x00000000   Number         0  entry10b.o ABSOLUTE
    ../clib/microlib/init/entry.s            0x00000000   Number         0  entry7b.o ABSOLUTE
    ../clib/microlib/init/entry.s            0x00000000   Number         0  entry.o ABSOLUTE
    ../clib/microlib/init/entry.s            0x00000000   Number         0  entry7a.o ABSOLUTE
    ../clib/microlib/init/entry.s            0x00000000   Number         0  entry8b.o ABSOLUTE
    ../clib/microlib/init/entry.s            0x00000000   Number         0  entry10a.o ABSOLUTE
    ../clib/microlib/init/entry.s            0x00000000   Number         0  entry9b.o ABSOLUTE
    ../clib/microlib/init/entry.s            0x00000000   Number         0  entry9a.o ABSOLUTE
    ../clib/microlib/longlong.c              0x00000000   Number         0  llushr.o ABSOLUTE
    ../clib/microlib/longlong.c              0x00000000   Number         0  llshl.o ABSOLUTE
    ../clib/microlib/stubs.s                 0x00000000   Number         0  iusefp.o ABSOLUTE
    ../fplib/microlib/fpfix.c                0x00000000   Number         0  ffixui.o ABSOLUTE
    ../fplib/microlib/fpmul.c                0x00000000   Number         0  fmul.o ABSOLUTE
    ..\..\libraries\cmsis\cm4\device_support\system_at32f421.c 0x00000000   Number         0  system_at32f421.o ABSOLUTE
    ..\..\libraries\drivers\src\at32f421_crm.c 0x00000000   Number         0  at32f421_crm.o ABSOLUTE
    ..\..\libraries\drivers\src\at32f421_debug.c 0x00000000   Number         0  at32f421_debug.o ABSOLUTE
    ..\..\libraries\drivers\src\at32f421_flash.c 0x00000000   Number         0  at32f421_flash.o ABSOLUTE
    ..\..\libraries\drivers\src\at32f421_gpio.c 0x00000000   Number         0  at32f421_gpio.o ABSOLUTE
    ..\..\libraries\drivers\src\at32f421_misc.c 0x00000000   Number         0  at32f421_misc.o ABSOLUTE
    ..\..\libraries\drivers\src\at32f421_pwc.c 0x00000000   Number         0  at32f421_pwc.o ABSOLUTE
    ..\..\libraries\drivers\src\at32f421_usart.c 0x00000000   Number         0  at32f421_usart.o ABSOLUTE
    ..\..\libraries\drivers\src\at32f421_wdt.c 0x00000000   Number         0  at32f421_wdt.o ABSOLUTE
    ..\\..\\libraries\\cmsis\\cm4\\device_support\\system_at32f421.c 0x00000000   Number         0  system_at32f421.o ABSOLUTE
    ..\\..\\libraries\\drivers\\src\\at32f421_crm.c 0x00000000   Number         0  at32f421_crm.o ABSOLUTE
    ..\\..\\libraries\\drivers\\src\\at32f421_debug.c 0x00000000   Number         0  at32f421_debug.o ABSOLUTE
    ..\\..\\libraries\\drivers\\src\\at32f421_flash.c 0x00000000   Number         0  at32f421_flash.o ABSOLUTE
    ..\\..\\libraries\\drivers\\src\\at32f421_gpio.c 0x00000000   Number         0  at32f421_gpio.o ABSOLUTE
    ..\\..\\libraries\\drivers\\src\\at32f421_misc.c 0x00000000   Number         0  at32f421_misc.o ABSOLUTE
    ..\\..\\libraries\\drivers\\src\\at32f421_pwc.c 0x00000000   Number         0  at32f421_pwc.o ABSOLUTE
    ..\\..\\libraries\\drivers\\src\\at32f421_usart.c 0x00000000   Number         0  at32f421_usart.o ABSOLUTE
    ..\\..\\libraries\\drivers\\src\\at32f421_wdt.c 0x00000000   Number         0  at32f421_wdt.o ABSOLUTE
    ..\\app\\lcd.c                           0x00000000   Number         0  lcd.o ABSOLUTE
    ..\\src\\at32f421_int.c                  0x00000000   Number         0  at32f421_int.o ABSOLUTE
    ..\\src\\at32f421_wk_config.c            0x00000000   Number         0  at32f421_wk_config.o ABSOLUTE
    ..\\src\\main.c                          0x00000000   Number         0  main.o ABSOLUTE
    ..\\src\\wk_gpio.c                       0x00000000   Number         0  wk_gpio.o ABSOLUTE
    ..\\src\\wk_system.c                     0x00000000   Number         0  wk_system.o ABSOLUTE
    ..\\src\\wk_usart.c                      0x00000000   Number         0  wk_usart.o ABSOLUTE
    ..\\src\\wk_wdt.c                        0x00000000   Number         0  wk_wdt.o ABSOLUTE
    ..\app\lcd.c                             0x00000000   Number         0  lcd.o ABSOLUTE
    ..\src\at32f421_int.c                    0x00000000   Number         0  at32f421_int.o ABSOLUTE
    ..\src\at32f421_wk_config.c              0x00000000   Number         0  at32f421_wk_config.o ABSOLUTE
    ..\src\main.c                            0x00000000   Number         0  main.o ABSOLUTE
    ..\src\wk_gpio.c                         0x00000000   Number         0  wk_gpio.o ABSOLUTE
    ..\src\wk_system.c                       0x00000000   Number         0  wk_system.o ABSOLUTE
    ..\src\wk_usart.c                        0x00000000   Number         0  wk_usart.o ABSOLUTE
    ..\src\wk_wdt.c                          0x00000000   Number         0  wk_wdt.o ABSOLUTE
    dc.s                                     0x00000000   Number         0  dc.o ABSOLUTE
    handlers.s                               0x00000000   Number         0  handlers.o ABSOLUTE
    init.s                                   0x00000000   Number         0  init.o ABSOLUTE
    startup_at32f421.s                       0x00000000   Number         0  startup_at32f421.o ABSOLUTE
    RESET                                    0x08000000   Section      204  startup_at32f421.o(RESET)
    .ARM.Collect$$$$00000000                 0x080000cc   Section        0  entry.o(.ARM.Collect$$$$00000000)
    .ARM.Collect$$$$00000001                 0x080000cc   Section        4  entry2.o(.ARM.Collect$$$$00000001)
    .ARM.Collect$$$$00000004                 0x080000d0   Section        4  entry5.o(.ARM.Collect$$$$00000004)
    .ARM.Collect$$$$00000008                 0x080000d4   Section        0  entry7b.o(.ARM.Collect$$$$00000008)
    .ARM.Collect$$$$0000000A                 0x080000d4   Section        0  entry8b.o(.ARM.Collect$$$$0000000A)
    .ARM.Collect$$$$0000000B                 0x080000d4   Section        8  entry9a.o(.ARM.Collect$$$$0000000B)
    .ARM.Collect$$$$0000000E                 0x080000dc   Section        4  entry12b.o(.ARM.Collect$$$$0000000E)
    .ARM.Collect$$$$0000000F                 0x080000e0   Section        0  entry10a.o(.ARM.Collect$$$$0000000F)
    .ARM.Collect$$$$00000011                 0x080000e0   Section        0  entry11a.o(.ARM.Collect$$$$00000011)
    .ARM.Collect$$$$00002712                 0x080000e0   Section        4  entry2.o(.ARM.Collect$$$$00002712)
    __lit__00000000                          0x080000e0   Data           4  entry2.o(.ARM.Collect$$$$00002712)
    .text                                    0x080000e4   Section       36  startup_at32f421.o(.text)
    .text                                    0x08000108   Section        0  uldiv.o(.text)
    .text                                    0x0800016a   Section        0  llshl.o(.text)
    .text                                    0x08000188   Section        0  llushr.o(.text)
    .text                                    0x080001a8   Section       36  init.o(.text)
    i.BusFault_Handler                       0x080001cc   Section        0  at32f421_int.o(i.BusFault_Handler)
    i.DebugMon_Handler                       0x080001d0   Section        0  at32f421_int.o(i.DebugMon_Handler)
    i.HardFault_Handler                      0x080001d2   Section        0  at32f421_int.o(i.HardFault_Handler)
    i.LCD_Address_Set                        0x080001d6   Section        0  lcd.o(i.LCD_Address_Set)
    i.LCD_Clear                              0x08000228   Section        0  lcd.o(i.LCD_Clear)
    i.LCD_Display_Dir                        0x08000270   Section        0  lcd.o(i.LCD_Display_Dir)
    i.LCD_DrawLine                           0x080002c0   Section        0  lcd.o(i.LCD_DrawLine)
    i.LCD_DrawPoint                          0x0800036c   Section        0  lcd.o(i.LCD_DrawPoint)
    i.LCD_Init                               0x08000388   Section        0  lcd.o(i.LCD_Init)
    i.LCD_RD_DATA                            0x080005b8   Section        0  lcd.o(i.LCD_RD_DATA)
    i.LCD_Scan_Dir                           0x08000600   Section        0  lcd.o(i.LCD_Scan_Dir)
    i.LCD_ShowChar                           0x0800071c   Section        0  lcd.o(i.LCD_ShowChar)
    i.LCD_ShowString                         0x08000874   Section        0  lcd.o(i.LCD_ShowString)
    i.LCD_WR_DATA                            0x080008b8   Section        0  lcd.o(i.LCD_WR_DATA)
    i.LCD_WR_REG                             0x080008f0   Section        0  lcd.o(i.LCD_WR_REG)
    i.LCD_WR_data                            0x0800093c   Section        0  lcd.o(i.LCD_WR_data)
    i.LCD_WriteReg                           0x08000974   Section        0  lcd.o(i.LCD_WriteReg)
    i.MemManage_Handler                      0x08000988   Section        0  at32f421_int.o(i.MemManage_Handler)
    i.NMI_Handler                            0x0800098c   Section        0  at32f421_int.o(i.NMI_Handler)
    i.NVIC_EncodePriority                    0x0800098e   Section        0  at32f421_wk_config.o(i.NVIC_EncodePriority)
    NVIC_EncodePriority                      0x0800098f   Thumb Code    64  at32f421_wk_config.o(i.NVIC_EncodePriority)
    i.PendSV_Handler                         0x080009ce   Section        0  at32f421_int.o(i.PendSV_Handler)
    i.SVC_Handler                            0x080009d0   Section        0  at32f421_int.o(i.SVC_Handler)
    i.SysTick_Handler                        0x080009d4   Section        0  at32f421_int.o(i.SysTick_Handler)
    i.SystemInit                             0x08000a0c   Section        0  system_at32f421.o(i.SystemInit)
    i.USART1_IRQHandler                      0x08000a78   Section        0  at32f421_int.o(i.USART1_IRQHandler)
    i.UsageFault_Handler                     0x08000a7a   Section        0  at32f421_int.o(i.UsageFault_Handler)
    i.__NVIC_GetPriorityGrouping             0x08000a80   Section        0  at32f421_wk_config.o(i.__NVIC_GetPriorityGrouping)
    __NVIC_GetPriorityGrouping               0x08000a81   Thumb Code    10  at32f421_wk_config.o(i.__NVIC_GetPriorityGrouping)
    i.__NVIC_SetPriority                     0x08000a90   Section        0  at32f421_wk_config.o(i.__NVIC_SetPriority)
    __NVIC_SetPriority                       0x08000a91   Thumb Code    32  at32f421_wk_config.o(i.__NVIC_SetPriority)
    i.__scatterload_copy                     0x08000ab8   Section       14  handlers.o(i.__scatterload_copy)
    i.__scatterload_null                     0x08000ac6   Section        2  handlers.o(i.__scatterload_null)
    i.__scatterload_zeroinit                 0x08000ac8   Section       14  handlers.o(i.__scatterload_zeroinit)
    i.crm_ahb_div_set                        0x08000ad8   Section        0  at32f421_crm.o(i.crm_ahb_div_set)
    i.crm_apb1_div_set                       0x08000aec   Section        0  at32f421_crm.o(i.crm_apb1_div_set)
    i.crm_apb2_div_set                       0x08000b00   Section        0  at32f421_crm.o(i.crm_apb2_div_set)
    i.crm_auto_step_mode_enable              0x08000b14   Section        0  at32f421_crm.o(i.crm_auto_step_mode_enable)
    i.crm_clock_source_enable                0x08000b3c   Section        0  at32f421_crm.o(i.crm_clock_source_enable)
    i.crm_clocks_freq_get                    0x08000b9c   Section        0  at32f421_crm.o(i.crm_clocks_freq_get)
    i.crm_flag_get                           0x08000d48   Section        0  at32f421_crm.o(i.crm_flag_get)
    i.crm_hext_stable_wait                   0x08000d78   Section        0  at32f421_crm.o(i.crm_hext_stable_wait)
    i.crm_periph_clock_enable                0x08000da8   Section        0  at32f421_crm.o(i.crm_periph_clock_enable)
    i.crm_pll_config                         0x08000dec   Section        0  at32f421_crm.o(i.crm_pll_config)
    i.crm_reset                              0x08000f00   Section        0  at32f421_crm.o(i.crm_reset)
    i.crm_sysclk_switch                      0x08000f64   Section        0  at32f421_crm.o(i.crm_sysclk_switch)
    i.crm_sysclk_switch_status_get           0x08000fa0   Section        0  at32f421_crm.o(i.crm_sysclk_switch_status_get)
    i.gpio_bits_reset                        0x08000fb0   Section        0  at32f421_gpio.o(i.gpio_bits_reset)
    i.gpio_bits_set                          0x08000fb4   Section        0  at32f421_gpio.o(i.gpio_bits_set)
    i.gpio_default_para_init                 0x08000fb8   Section        0  at32f421_gpio.o(i.gpio_default_para_init)
    i.gpio_init                              0x08000fcc   Section        0  at32f421_gpio.o(i.gpio_init)
    i.gpio_pin_mux_config                    0x08001046   Section        0  at32f421_gpio.o(i.gpio_pin_mux_config)
    i.main                                   0x08001088   Section        0  main.o(i.main)
    i.nvic_irq_enable                        0x080010f0   Section        0  at32f421_misc.o(i.nvic_irq_enable)
    i.nvic_priority_group_config             0x080011b8   Section        0  at32f421_misc.o(i.nvic_priority_group_config)
    i.pwc_battery_powered_domain_access      0x080011e0   Section        0  at32f421_pwc.o(i.pwc_battery_powered_domain_access)
    i.set_mode                               0x080011f4   Section        0  lcd.o(i.set_mode)
    i.system_core_clock_update               0x0800124c   Section        0  system_at32f421.o(i.system_core_clock_update)
    i.systick_clock_source_config            0x080013a0   Section        0  at32f421_misc.o(i.systick_clock_source_config)
    i.usart_data_transmit                    0x080013c8   Section        0  at32f421_usart.o(i.usart_data_transmit)
    i.usart_enable                           0x080013d0   Section        0  at32f421_usart.o(i.usart_enable)
    i.usart_hardware_flow_control_set        0x080013da   Section        0  at32f421_usart.o(i.usart_hardware_flow_control_set)
    i.usart_init                             0x08001440   Section        0  at32f421_usart.o(i.usart_init)
    i.usart_parity_selection_config          0x080014ac   Section        0  at32f421_usart.o(i.usart_parity_selection_config)
    i.usart_receiver_enable                  0x080014f8   Section        0  at32f421_usart.o(i.usart_receiver_enable)
    i.usart_transmitter_enable               0x08001502   Section        0  at32f421_usart.o(i.usart_transmitter_enable)
    i.wdt_counter_reload                     0x0800150c   Section        0  at32f421_wdt.o(i.wdt_counter_reload)
    i.wdt_divider_set                        0x0800151c   Section        0  at32f421_wdt.o(i.wdt_divider_set)
    i.wdt_register_write_enable              0x08001530   Section        0  at32f421_wdt.o(i.wdt_register_write_enable)
    i.wdt_reload_value_set                   0x08001548   Section        0  at32f421_wdt.o(i.wdt_reload_value_set)
    i.wk_delay_ms                            0x08001554   Section        0  wk_system.o(i.wk_delay_ms)
    i.wk_gpio_config                         0x08001574   Section        0  wk_gpio.o(i.wk_gpio_config)
    i.wk_nvic_config                         0x080015e4   Section        0  at32f421_wk_config.o(i.wk_nvic_config)
    i.wk_periph_clock_config                 0x080016b0   Section        0  at32f421_wk_config.o(i.wk_periph_clock_config)
    i.wk_system_clock_config                 0x080016ec   Section        0  at32f421_wk_config.o(i.wk_system_clock_config)
    i.wk_timebase_get                        0x080017cc   Section        0  wk_system.o(i.wk_timebase_get)
    i.wk_timebase_handler                    0x080017d8   Section        0  wk_system.o(i.wk_timebase_handler)
    i.wk_timebase_increase                   0x080017e0   Section        0  wk_system.o(i.wk_timebase_increase)
    i.wk_timebase_init                       0x080017f0   Section        0  wk_system.o(i.wk_timebase_init)
    i.wk_usart1_init                         0x08001828   Section        0  wk_usart.o(i.wk_usart1_init)
    i.wk_wdt_init                            0x080018d0   Section        0  wk_wdt.o(i.wk_wdt_init)
    .constdata                               0x080018ea   Section       40  at32f421_crm.o(.constdata)
    sclk_ahb_div_table                       0x080018ea   Data          16  at32f421_crm.o(.constdata)
    ahb_apb1_div_table                       0x080018fa   Data           8  at32f421_crm.o(.constdata)
    ahb_apb2_div_table                       0x08001902   Data           8  at32f421_crm.o(.constdata)
    adc_div_table                            0x0800190a   Data           8  at32f421_crm.o(.constdata)
    .constdata                               0x08001912   Section       16  system_at32f421.o(.constdata)
    sys_ahb_div_table                        0x08001912   Data          16  system_at32f421.o(.constdata)
    .constdata                               0x08001922   Section    13564  lcd.o(.constdata)
    .data                                    0x20000000   Section        4  at32f421_int.o(.data)
    ms_Count                                 0x20000000   Data           4  at32f421_int.o(.data)
    .data                                    0x20000004   Section        8  main.o(.data)
    .data                                    0x2000000c   Section        4  wk_system.o(.data)
    .data                                    0x20000010   Section        4  system_at32f421.o(.data)
    .bss                                     0x20000014   Section       14  lcd.o(.bss)
    STACK                                    0x20000028   Section     1024  startup_at32f421.o(STACK)

    Global Symbols

    Symbol Name                              Value     Ov Type        Size  Object(Section)

    BuildAttributes$$THM_ISAv4$E$P$D$K$B$S$7EM$PE$A:L22UL41UL21$X:L11$S22US41US21$IEEE1$IW$USESV6$~STKCKD$USESV7$~SHL$OSPACE$ROPI$EBA8$MICROLIB$REQ8$PRES8$EABIv2 0x00000000   Number         0  anon$$obj.o ABSOLUTE
    __ARM_use_no_argv                        0x00000000   Number         0  main.o ABSOLUTE
    __arm_fini_                               - Undefined Weak Reference
    __cpp_initialize__aeabi_                  - Undefined Weak Reference
    __cxa_finalize                            - Undefined Weak Reference
    __decompress                              - Undefined Weak Reference
    _clock_init                               - Undefined Weak Reference
    _microlib_exit                            - Undefined Weak Reference
    __Vectors_Size                           0x000000cc   Number         0  startup_at32f421.o ABSOLUTE
    __Vectors                                0x08000000   Data           4  startup_at32f421.o(RESET)
    __Vectors_End                            0x080000cc   Data           0  startup_at32f421.o(RESET)
    __main                                   0x080000cd   Thumb Code     0  entry.o(.ARM.Collect$$$$00000000)
    _main_stk                                0x080000cd   Thumb Code     0  entry2.o(.ARM.Collect$$$$00000001)
    _main_scatterload                        0x080000d1   Thumb Code     0  entry5.o(.ARM.Collect$$$$00000004)
    __main_after_scatterload                 0x080000d5   Thumb Code     0  entry5.o(.ARM.Collect$$$$00000004)
    _main_clock                              0x080000d5   Thumb Code     0  entry7b.o(.ARM.Collect$$$$00000008)
    _main_cpp_init                           0x080000d5   Thumb Code     0  entry8b.o(.ARM.Collect$$$$0000000A)
    _main_init                               0x080000d5   Thumb Code     0  entry9a.o(.ARM.Collect$$$$0000000B)
    __rt_lib_shutdown_fini                   0x080000dd   Thumb Code     0  entry12b.o(.ARM.Collect$$$$0000000E)
    __rt_final_cpp                           0x080000e1   Thumb Code     0  entry10a.o(.ARM.Collect$$$$0000000F)
    __rt_final_exit                          0x080000e1   Thumb Code     0  entry11a.o(.ARM.Collect$$$$00000011)
    Reset_Handler                            0x080000e5   Thumb Code     8  startup_at32f421.o(.text)
    ADC1_CMP_IRQHandler                      0x080000ff   Thumb Code     0  startup_at32f421.o(.text)
    CRM_IRQHandler                           0x080000ff   Thumb Code     0  startup_at32f421.o(.text)
    DMA1_Channel1_IRQHandler                 0x080000ff   Thumb Code     0  startup_at32f421.o(.text)
    DMA1_Channel3_2_IRQHandler               0x080000ff   Thumb Code     0  startup_at32f421.o(.text)
    DMA1_Channel5_4_IRQHandler               0x080000ff   Thumb Code     0  startup_at32f421.o(.text)
    ERTC_IRQHandler                          0x080000ff   Thumb Code     0  startup_at32f421.o(.text)
    EXINT15_4_IRQHandler                     0x080000ff   Thumb Code     0  startup_at32f421.o(.text)
    EXINT1_0_IRQHandler                      0x080000ff   Thumb Code     0  startup_at32f421.o(.text)
    EXINT3_2_IRQHandler                      0x080000ff   Thumb Code     0  startup_at32f421.o(.text)
    FLASH_IRQHandler                         0x080000ff   Thumb Code     0  startup_at32f421.o(.text)
    I2C1_ERR_IRQHandler                      0x080000ff   Thumb Code     0  startup_at32f421.o(.text)
    I2C1_EVT_IRQHandler                      0x080000ff   Thumb Code     0  startup_at32f421.o(.text)
    I2C2_ERR_IRQHandler                      0x080000ff   Thumb Code     0  startup_at32f421.o(.text)
    I2C2_EVT_IRQHandler                      0x080000ff   Thumb Code     0  startup_at32f421.o(.text)
    PVM_IRQHandler                           0x080000ff   Thumb Code     0  startup_at32f421.o(.text)
    SPI1_IRQHandler                          0x080000ff   Thumb Code     0  startup_at32f421.o(.text)
    SPI2_IRQHandler                          0x080000ff   Thumb Code     0  startup_at32f421.o(.text)
    TMR14_GLOBAL_IRQHandler                  0x080000ff   Thumb Code     0  startup_at32f421.o(.text)
    TMR15_GLOBAL_IRQHandler                  0x080000ff   Thumb Code     0  startup_at32f421.o(.text)
    TMR16_GLOBAL_IRQHandler                  0x080000ff   Thumb Code     0  startup_at32f421.o(.text)
    TMR17_GLOBAL_IRQHandler                  0x080000ff   Thumb Code     0  startup_at32f421.o(.text)
    TMR1_BRK_OVF_TRG_HALL_IRQHandler         0x080000ff   Thumb Code     0  startup_at32f421.o(.text)
    TMR1_CH_IRQHandler                       0x080000ff   Thumb Code     0  startup_at32f421.o(.text)
    TMR3_GLOBAL_IRQHandler                   0x080000ff   Thumb Code     0  startup_at32f421.o(.text)
    TMR6_GLOBAL_IRQHandler                   0x080000ff   Thumb Code     0  startup_at32f421.o(.text)
    USART2_IRQHandler                        0x080000ff   Thumb Code     0  startup_at32f421.o(.text)
    WWDT_IRQHandler                          0x080000ff   Thumb Code     0  startup_at32f421.o(.text)
    __aeabi_uldivmod                         0x08000109   Thumb Code    98  uldiv.o(.text)
    __aeabi_llsl                             0x0800016b   Thumb Code    30  llshl.o(.text)
    _ll_shift_l                              0x0800016b   Thumb Code     0  llshl.o(.text)
    __aeabi_llsr                             0x08000189   Thumb Code    32  llushr.o(.text)
    _ll_ushift_r                             0x08000189   Thumb Code     0  llushr.o(.text)
    __scatterload                            0x080001a9   Thumb Code    28  init.o(.text)
    __scatterload_rt2                        0x080001a9   Thumb Code     0  init.o(.text)
    BusFault_Handler                         0x080001cd   Thumb Code     4  at32f421_int.o(i.BusFault_Handler)
    DebugMon_Handler                         0x080001d1   Thumb Code     2  at32f421_int.o(i.DebugMon_Handler)
    HardFault_Handler                        0x080001d3   Thumb Code     4  at32f421_int.o(i.HardFault_Handler)
    LCD_Address_Set                          0x080001d7   Thumb Code    82  lcd.o(i.LCD_Address_Set)
    LCD_Clear                                0x08000229   Thumb Code    68  lcd.o(i.LCD_Clear)
    LCD_Display_Dir                          0x08000271   Thumb Code    76  lcd.o(i.LCD_Display_Dir)
    LCD_DrawLine                             0x080002c1   Thumb Code   172  lcd.o(i.LCD_DrawLine)
    LCD_DrawPoint                            0x0800036d   Thumb Code    28  lcd.o(i.LCD_DrawPoint)
    LCD_Init                                 0x08000389   Thumb Code   552  lcd.o(i.LCD_Init)
    LCD_RD_DATA                              0x080005b9   Thumb Code    66  lcd.o(i.LCD_RD_DATA)
    LCD_Scan_Dir                             0x08000601   Thumb Code   280  lcd.o(i.LCD_Scan_Dir)
    LCD_ShowChar                             0x0800071d   Thumb Code   328  lcd.o(i.LCD_ShowChar)
    LCD_ShowString                           0x08000875   Thumb Code    66  lcd.o(i.LCD_ShowString)
    LCD_WR_DATA                              0x080008b9   Thumb Code    50  lcd.o(i.LCD_WR_DATA)
    LCD_WR_REG                               0x080008f1   Thumb Code    70  lcd.o(i.LCD_WR_REG)
    LCD_WR_data                              0x0800093d   Thumb Code    50  lcd.o(i.LCD_WR_data)
    LCD_WriteReg                             0x08000975   Thumb Code    20  lcd.o(i.LCD_WriteReg)
    MemManage_Handler                        0x08000989   Thumb Code     4  at32f421_int.o(i.MemManage_Handler)
    NMI_Handler                              0x0800098d   Thumb Code     2  at32f421_int.o(i.NMI_Handler)
    PendSV_Handler                           0x080009cf   Thumb Code     2  at32f421_int.o(i.PendSV_Handler)
    SVC_Handler                              0x080009d1   Thumb Code     2  at32f421_int.o(i.SVC_Handler)
    SysTick_Handler                          0x080009d5   Thumb Code    42  at32f421_int.o(i.SysTick_Handler)
    SystemInit                               0x08000a0d   Thumb Code    96  system_at32f421.o(i.SystemInit)
    USART1_IRQHandler                        0x08000a79   Thumb Code     2  at32f421_int.o(i.USART1_IRQHandler)
    UsageFault_Handler                       0x08000a7b   Thumb Code     4  at32f421_int.o(i.UsageFault_Handler)
    __scatterload_copy                       0x08000ab9   Thumb Code    14  handlers.o(i.__scatterload_copy)
    __scatterload_null                       0x08000ac7   Thumb Code     2  handlers.o(i.__scatterload_null)
    __scatterload_zeroinit                   0x08000ac9   Thumb Code    14  handlers.o(i.__scatterload_zeroinit)
    crm_ahb_div_set                          0x08000ad9   Thumb Code    14  at32f421_crm.o(i.crm_ahb_div_set)
    crm_apb1_div_set                         0x08000aed   Thumb Code    14  at32f421_crm.o(i.crm_apb1_div_set)
    crm_apb2_div_set                         0x08000b01   Thumb Code    14  at32f421_crm.o(i.crm_apb2_div_set)
    crm_auto_step_mode_enable                0x08000b15   Thumb Code    34  at32f421_crm.o(i.crm_auto_step_mode_enable)
    crm_clock_source_enable                  0x08000b3d   Thumb Code    90  at32f421_crm.o(i.crm_clock_source_enable)
    crm_clocks_freq_get                      0x08000b9d   Thumb Code   396  at32f421_crm.o(i.crm_clocks_freq_get)
    crm_flag_get                             0x08000d49   Thumb Code    42  at32f421_crm.o(i.crm_flag_get)
    crm_hext_stable_wait                     0x08000d79   Thumb Code    46  at32f421_crm.o(i.crm_hext_stable_wait)
    crm_periph_clock_enable                  0x08000da9   Thumb Code    62  at32f421_crm.o(i.crm_periph_clock_enable)
    crm_pll_config                           0x08000ded   Thumb Code   224  at32f421_crm.o(i.crm_pll_config)
    crm_reset                                0x08000f01   Thumb Code    90  at32f421_crm.o(i.crm_reset)
    crm_sysclk_switch                        0x08000f65   Thumb Code    54  at32f421_crm.o(i.crm_sysclk_switch)
    crm_sysclk_switch_status_get             0x08000fa1   Thumb Code    10  at32f421_crm.o(i.crm_sysclk_switch_status_get)
    gpio_bits_reset                          0x08000fb1   Thumb Code     4  at32f421_gpio.o(i.gpio_bits_reset)
    gpio_bits_set                            0x08000fb5   Thumb Code     4  at32f421_gpio.o(i.gpio_bits_set)
    gpio_default_para_init                   0x08000fb9   Thumb Code    20  at32f421_gpio.o(i.gpio_default_para_init)
    gpio_init                                0x08000fcd   Thumb Code   122  at32f421_gpio.o(i.gpio_init)
    gpio_pin_mux_config                      0x08001047   Thumb Code    66  at32f421_gpio.o(i.gpio_pin_mux_config)
    main                                     0x08001089   Thumb Code    92  main.o(i.main)
    nvic_irq_enable                          0x080010f1   Thumb Code   190  at32f421_misc.o(i.nvic_irq_enable)
    nvic_priority_group_config               0x080011b9   Thumb Code    32  at32f421_misc.o(i.nvic_priority_group_config)
    pwc_battery_powered_domain_access        0x080011e1   Thumb Code    14  at32f421_pwc.o(i.pwc_battery_powered_domain_access)
    set_mode                                 0x080011f5   Thumb Code    82  lcd.o(i.set_mode)
    system_core_clock_update                 0x0800124d   Thumb Code   316  system_at32f421.o(i.system_core_clock_update)
    systick_clock_source_config              0x080013a1   Thumb Code    40  at32f421_misc.o(i.systick_clock_source_config)
    usart_data_transmit                      0x080013c9   Thumb Code     8  at32f421_usart.o(i.usart_data_transmit)
    usart_enable                             0x080013d1   Thumb Code    10  at32f421_usart.o(i.usart_enable)
    usart_hardware_flow_control_set          0x080013db   Thumb Code   102  at32f421_usart.o(i.usart_hardware_flow_control_set)
    usart_init                               0x08001441   Thumb Code   102  at32f421_usart.o(i.usart_init)
    usart_parity_selection_config            0x080014ad   Thumb Code    76  at32f421_usart.o(i.usart_parity_selection_config)
    usart_receiver_enable                    0x080014f9   Thumb Code    10  at32f421_usart.o(i.usart_receiver_enable)
    usart_transmitter_enable                 0x08001503   Thumb Code    10  at32f421_usart.o(i.usart_transmitter_enable)
    wdt_counter_reload                       0x0800150d   Thumb Code    10  at32f421_wdt.o(i.wdt_counter_reload)
    wdt_divider_set                          0x0800151d   Thumb Code    14  at32f421_wdt.o(i.wdt_divider_set)
    wdt_register_write_enable                0x08001531   Thumb Code    20  at32f421_wdt.o(i.wdt_register_write_enable)
    wdt_reload_value_set                     0x08001549   Thumb Code     6  at32f421_wdt.o(i.wdt_reload_value_set)
    wk_delay_ms                              0x08001555   Thumb Code    30  wk_system.o(i.wk_delay_ms)
    wk_gpio_config                           0x08001575   Thumb Code   106  wk_gpio.o(i.wk_gpio_config)
    wk_nvic_config                           0x080015e5   Thumb Code   202  at32f421_wk_config.o(i.wk_nvic_config)
    wk_periph_clock_config                   0x080016b1   Thumb Code    50  at32f421_wk_config.o(i.wk_periph_clock_config)
    wk_system_clock_config                   0x080016ed   Thumb Code   212  at32f421_wk_config.o(i.wk_system_clock_config)
    wk_timebase_get                          0x080017cd   Thumb Code     6  wk_system.o(i.wk_timebase_get)
    wk_timebase_handler                      0x080017d9   Thumb Code     8  wk_system.o(i.wk_timebase_handler)
    wk_timebase_increase                     0x080017e1   Thumb Code    12  wk_system.o(i.wk_timebase_increase)
    wk_timebase_init                         0x080017f1   Thumb Code    56  wk_system.o(i.wk_timebase_init)
    wk_usart1_init                           0x08001829   Thumb Code   162  wk_usart.o(i.wk_usart1_init)
    wk_wdt_init                              0x080018d1   Thumb Code    26  wk_wdt.o(i.wk_wdt_init)
    ascii_1206                               0x08001922   Data        1140  lcd.o(.constdata)
    ascii_1608                               0x08001d96   Data        1520  lcd.o(.constdata)
    ascii_2412                               0x08002386   Data        4560  lcd.o(.constdata)
    ascii_3216                               0x08003556   Data        6080  lcd.o(.constdata)
    tfont12                                  0x08004d16   Data          26  lcd.o(.constdata)
    tfont16                                  0x08004d30   Data          34  lcd.o(.constdata)
    tfont24                                  0x08004d52   Data          74  lcd.o(.constdata)
    tfont32                                  0x08004d9c   Data         130  lcd.o(.constdata)
    Region$$Table$$Base                      0x08004e20   Number         0  anon$$obj.o(Region$$Table)
    Region$$Table$$Limit                     0x08004e40   Number         0  anon$$obj.o(Region$$Table)
    FPS                                      0x20000004   Data           4  main.o(.data)
    FPS_Count                                0x20000008   Data           4  main.o(.data)
    timebase_ticks                           0x2000000c   Data           4  wk_system.o(.data)
    system_core_clock                        0x20000010   Data           4  system_at32f421.o(.data)
    lcddev                                   0x20000014   Data          14  lcd.o(.bss)
    __initial_sp                             0x20000428   Data           0  startup_at32f421.o(STACK)



==============================================================================

Memory Map of the image

  Image Entry point : 0x080000cd

  Load Region LR_IROM1 (Base: 0x08000000, Size: 0x00004e54, Max: 0x00010000, ABSOLUTE)

    Execution Region ER_IROM1 (Exec base: 0x08000000, Load base: 0x08000000, Size: 0x00004e40, Max: 0x00010000, ABSOLUTE)

    Exec Addr    Load Addr    Size         Type   Attr      Idx    E Section Name        Object

    0x08000000   0x08000000   0x000000cc   Data   RO         1391    RESET               startup_at32f421.o
    0x080000cc   0x080000cc   0x00000000   Code   RO         1611  * .ARM.Collect$$$$00000000  mc_w.l(entry.o)
    0x080000cc   0x080000cc   0x00000004   Code   RO         1620    .ARM.Collect$$$$00000001  mc_w.l(entry2.o)
    0x080000d0   0x080000d0   0x00000004   Code   RO         1623    .ARM.Collect$$$$00000004  mc_w.l(entry5.o)
    0x080000d4   0x080000d4   0x00000000   Code   RO         1625    .ARM.Collect$$$$00000008  mc_w.l(entry7b.o)
    0x080000d4   0x080000d4   0x00000000   Code   RO         1627    .ARM.Collect$$$$0000000A  mc_w.l(entry8b.o)
    0x080000d4   0x080000d4   0x00000008   Code   RO         1628    .ARM.Collect$$$$0000000B  mc_w.l(entry9a.o)
    0x080000dc   0x080000dc   0x00000004   Code   RO         1635    .ARM.Collect$$$$0000000E  mc_w.l(entry12b.o)
    0x080000e0   0x080000e0   0x00000000   Code   RO         1630    .ARM.Collect$$$$0000000F  mc_w.l(entry10a.o)
    0x080000e0   0x080000e0   0x00000000   Code   RO         1632    .ARM.Collect$$$$00000011  mc_w.l(entry11a.o)
    0x080000e0   0x080000e0   0x00000004   Code   RO         1621    .ARM.Collect$$$$00002712  mc_w.l(entry2.o)
    0x080000e4   0x080000e4   0x00000024   Code   RO         1392    .text               startup_at32f421.o
    0x08000108   0x08000108   0x00000062   Code   RO         1614    .text               mc_w.l(uldiv.o)
    0x0800016a   0x0800016a   0x0000001e   Code   RO         1636    .text               mc_w.l(llshl.o)
    0x08000188   0x08000188   0x00000020   Code   RO         1638    .text               mc_w.l(llushr.o)
    0x080001a8   0x080001a8   0x00000024   Code   RO         1641    .text               mc_w.l(init.o)
    0x080001cc   0x080001cc   0x00000004   Code   RO            4    i.BusFault_Handler  at32f421_int.o
    0x080001d0   0x080001d0   0x00000002   Code   RO            5    i.DebugMon_Handler  at32f421_int.o
    0x080001d2   0x080001d2   0x00000004   Code   RO            6    i.HardFault_Handler  at32f421_int.o
    0x080001d6   0x080001d6   0x00000052   Code   RO         1400    i.LCD_Address_Set   lcd.o
    0x08000228   0x08000228   0x00000048   Code   RO         1401    i.LCD_Clear         lcd.o
    0x08000270   0x08000270   0x00000050   Code   RO         1404    i.LCD_Display_Dir   lcd.o
    0x080002c0   0x080002c0   0x000000ac   Code   RO         1405    i.LCD_DrawLine      lcd.o
    0x0800036c   0x0800036c   0x0000001c   Code   RO         1406    i.LCD_DrawPoint     lcd.o
    0x08000388   0x08000388   0x00000230   Code   RO         1409    i.LCD_Init          lcd.o
    0x080005b8   0x080005b8   0x00000048   Code   RO         1410    i.LCD_RD_DATA       lcd.o
    0x08000600   0x08000600   0x0000011c   Code   RO         1411    i.LCD_Scan_Dir      lcd.o
    0x0800071c   0x0800071c   0x00000158   Code   RO         1413    i.LCD_ShowChar      lcd.o
    0x08000874   0x08000874   0x00000042   Code   RO         1422    i.LCD_ShowString    lcd.o
    0x080008b6   0x080008b6   0x00000002   PAD
    0x080008b8   0x080008b8   0x00000038   Code   RO         1423    i.LCD_WR_DATA       lcd.o
    0x080008f0   0x080008f0   0x0000004c   Code   RO         1424    i.LCD_WR_REG        lcd.o
    0x0800093c   0x0800093c   0x00000038   Code   RO         1425    i.LCD_WR_data       lcd.o
    0x08000974   0x08000974   0x00000014   Code   RO         1426    i.LCD_WriteReg      lcd.o
    0x08000988   0x08000988   0x00000004   Code   RO            7    i.MemManage_Handler  at32f421_int.o
    0x0800098c   0x0800098c   0x00000002   Code   RO            8    i.NMI_Handler       at32f421_int.o
    0x0800098e   0x0800098e   0x00000040   Code   RO          149    i.NVIC_EncodePriority  at32f421_wk_config.o
    0x080009ce   0x080009ce   0x00000002   Code   RO            9    i.PendSV_Handler    at32f421_int.o
    0x080009d0   0x080009d0   0x00000002   Code   RO           10    i.SVC_Handler       at32f421_int.o
    0x080009d2   0x080009d2   0x00000002   PAD
    0x080009d4   0x080009d4   0x00000038   Code   RO           11    i.SysTick_Handler   at32f421_int.o
    0x08000a0c   0x08000a0c   0x0000006c   Code   RO         1355    i.SystemInit        system_at32f421.o
    0x08000a78   0x08000a78   0x00000002   Code   RO           12    i.USART1_IRQHandler  at32f421_int.o
    0x08000a7a   0x08000a7a   0x00000004   Code   RO           13    i.UsageFault_Handler  at32f421_int.o
    0x08000a7e   0x08000a7e   0x00000002   PAD
    0x08000a80   0x08000a80   0x00000010   Code   RO          150    i.__NVIC_GetPriorityGrouping  at32f421_wk_config.o
    0x08000a90   0x08000a90   0x00000028   Code   RO          151    i.__NVIC_SetPriority  at32f421_wk_config.o
    0x08000ab8   0x08000ab8   0x0000000e   Code   RO         1645    i.__scatterload_copy  mc_w.l(handlers.o)
    0x08000ac6   0x08000ac6   0x00000002   Code   RO         1646    i.__scatterload_null  mc_w.l(handlers.o)
    0x08000ac8   0x08000ac8   0x0000000e   Code   RO         1647    i.__scatterload_zeroinit  mc_w.l(handlers.o)
    0x08000ad6   0x08000ad6   0x00000002   PAD
    0x08000ad8   0x08000ad8   0x00000014   Code   RO          384    i.crm_ahb_div_set   at32f421_crm.o
    0x08000aec   0x08000aec   0x00000014   Code   RO          385    i.crm_apb1_div_set  at32f421_crm.o
    0x08000b00   0x08000b00   0x00000014   Code   RO          386    i.crm_apb2_div_set  at32f421_crm.o
    0x08000b14   0x08000b14   0x00000028   Code   RO          387    i.crm_auto_step_mode_enable  at32f421_crm.o
    0x08000b3c   0x08000b3c   0x00000060   Code   RO          392    i.crm_clock_source_enable  at32f421_crm.o
    0x08000b9c   0x08000b9c   0x000001ac   Code   RO          393    i.crm_clocks_freq_get  at32f421_crm.o
    0x08000d48   0x08000d48   0x00000030   Code   RO          397    i.crm_flag_get      at32f421_crm.o
    0x08000d78   0x08000d78   0x0000002e   Code   RO          399    i.crm_hext_stable_wait  at32f421_crm.o
    0x08000da6   0x08000da6   0x00000002   PAD
    0x08000da8   0x08000da8   0x00000044   Code   RO          407    i.crm_periph_clock_enable  at32f421_crm.o
    0x08000dec   0x08000dec   0x00000114   Code   RO          410    i.crm_pll_config    at32f421_crm.o
    0x08000f00   0x08000f00   0x00000064   Code   RO          412    i.crm_reset         at32f421_crm.o
    0x08000f64   0x08000f64   0x0000003c   Code   RO          413    i.crm_sysclk_switch  at32f421_crm.o
    0x08000fa0   0x08000fa0   0x00000010   Code   RO          414    i.crm_sysclk_switch_status_get  at32f421_crm.o
    0x08000fb0   0x08000fb0   0x00000004   Code   RO          594    i.gpio_bits_reset   at32f421_gpio.o
    0x08000fb4   0x08000fb4   0x00000004   Code   RO          595    i.gpio_bits_set     at32f421_gpio.o
    0x08000fb8   0x08000fb8   0x00000014   Code   RO          597    i.gpio_default_para_init  at32f421_gpio.o
    0x08000fcc   0x08000fcc   0x0000007a   Code   RO          598    i.gpio_init         at32f421_gpio.o
    0x08001046   0x08001046   0x00000042   Code   RO          603    i.gpio_pin_mux_config  at32f421_gpio.o
    0x08001088   0x08001088   0x00000068   Code   RO          212    i.main              main.o
    0x080010f0   0x080010f0   0x000000c8   Code   RO         1292    i.nvic_irq_enable   at32f421_misc.o
    0x080011b8   0x080011b8   0x00000028   Code   RO         1294    i.nvic_priority_group_config  at32f421_misc.o
    0x080011e0   0x080011e0   0x00000014   Code   RO          900    i.pwc_battery_powered_domain_access  at32f421_pwc.o
    0x080011f4   0x080011f4   0x00000058   Code   RO         1429    i.set_mode          lcd.o
    0x0800124c   0x0800124c   0x00000154   Code   RO         1356    i.system_core_clock_update  system_at32f421.o
    0x080013a0   0x080013a0   0x00000028   Code   RO         1297    i.systick_clock_source_config  at32f421_misc.o
    0x080013c8   0x080013c8   0x00000008   Code   RO          701    i.usart_data_transmit  at32f421_usart.o
    0x080013d0   0x080013d0   0x0000000a   Code   RO          704    i.usart_enable      at32f421_usart.o
    0x080013da   0x080013da   0x00000066   Code   RO          707    i.usart_hardware_flow_control_set  at32f421_usart.o
    0x08001440   0x08001440   0x0000006c   Code   RO          708    i.usart_init        at32f421_usart.o
    0x080014ac   0x080014ac   0x0000004c   Code   RO          715    i.usart_parity_selection_config  at32f421_usart.o
    0x080014f8   0x080014f8   0x0000000a   Code   RO          716    i.usart_receiver_enable  at32f421_usart.o
    0x08001502   0x08001502   0x0000000a   Code   RO          724    i.usart_transmitter_enable  at32f421_usart.o
    0x0800150c   0x0800150c   0x00000010   Code   RO         1237    i.wdt_counter_reload  at32f421_wdt.o
    0x0800151c   0x0800151c   0x00000014   Code   RO         1238    i.wdt_divider_set   at32f421_wdt.o
    0x08001530   0x08001530   0x00000018   Code   RO         1241    i.wdt_register_write_enable  at32f421_wdt.o
    0x08001548   0x08001548   0x0000000c   Code   RO         1242    i.wdt_reload_value_set  at32f421_wdt.o
    0x08001554   0x08001554   0x0000001e   Code   RO          260    i.wk_delay_ms       wk_system.o
    0x08001572   0x08001572   0x00000002   PAD
    0x08001574   0x08001574   0x00000070   Code   RO          311    i.wk_gpio_config    wk_gpio.o
    0x080015e4   0x080015e4   0x000000ca   Code   RO          152    i.wk_nvic_config    at32f421_wk_config.o
    0x080016ae   0x080016ae   0x00000002   PAD
    0x080016b0   0x080016b0   0x0000003c   Code   RO          153    i.wk_periph_clock_config  at32f421_wk_config.o
    0x080016ec   0x080016ec   0x000000e0   Code   RO          154    i.wk_system_clock_config  at32f421_wk_config.o
    0x080017cc   0x080017cc   0x0000000c   Code   RO          261    i.wk_timebase_get   wk_system.o
    0x080017d8   0x080017d8   0x00000008   Code   RO          262    i.wk_timebase_handler  wk_system.o
    0x080017e0   0x080017e0   0x00000010   Code   RO          263    i.wk_timebase_increase  wk_system.o
    0x080017f0   0x080017f0   0x00000038   Code   RO          264    i.wk_timebase_init  wk_system.o
    0x08001828   0x08001828   0x000000a8   Code   RO          335    i.wk_usart1_init    wk_usart.o
    0x080018d0   0x080018d0   0x0000001a   Code   RO          359    i.wk_wdt_init       wk_wdt.o
    0x080018ea   0x080018ea   0x00000028   Data   RO          415    .constdata          at32f421_crm.o
    0x08001912   0x08001912   0x00000010   Data   RO         1357    .constdata          system_at32f421.o
    0x08001922   0x08001922   0x000034fc   Data   RO         1431    .constdata          lcd.o
    0x08004e1e   0x08004e1e   0x00000002   PAD
    0x08004e20   0x08004e20   0x00000020   Data   RO         1643    Region$$Table       anon$$obj.o


    Execution Region RW_IRAM1 (Exec base: 0x20000000, Load base: 0x08004e40, Size: 0x00000428, Max: 0x00004000, ABSOLUTE)

    Exec Addr    Load Addr    Size         Type   Attr      Idx    E Section Name        Object

    0x20000000   0x08004e40   0x00000004   Data   RW           14    .data               at32f421_int.o
    0x20000004   0x08004e44   0x00000008   Data   RW          213    .data               main.o
    0x2000000c   0x08004e4c   0x00000004   Data   RW          265    .data               wk_system.o
    0x20000010   0x08004e50   0x00000004   Data   RW         1358    .data               system_at32f421.o
    0x20000014        -       0x0000000e   Zero   RW         1430    .bss                lcd.o
    0x20000022   0x08004e54   0x00000006   PAD
    0x20000028        -       0x00000400   Zero   RW         1389    STACK               startup_at32f421.o


==============================================================================

Image component sizes


      Code (inc. data)   RO Data    RW Data    ZI Data      Debug   Object Name

      1238        154         40          0          0       8192   at32f421_crm.o
       216          0          0          0          0       3337   at32f421_gpio.o
        82         14          0          4          0      34590   at32f421_int.o
       280         18          0          0          0      32536   at32f421_misc.o
        20          6          0          0          0        536   at32f421_pwc.o
       324          6          0          0          0       4607   at32f421_usart.o
        72         22          0          0          0       2014   at32f421_wdt.o
       606         36          0          0          0      33102   at32f421_wk_config.o
      2056         82      13564          0         14      12732   lcd.o
       104         12          0          8          0        723   main.o
        36          8        204          0       1024        760   startup_at32f421.o
       448         36         16          4          0       2220   system_at32f421.o
       112          6          0          0          0        517   wk_gpio.o
       122         10          0          4          0       2865   wk_system.o
       168          6          0          0          0        545   wk_usart.o
        26          0          0          0          0        438   wk_wdt.o

    ----------------------------------------------------------------------
      5922        416      13858         20       1044     139714   Object Totals
         0          0         32          0          0          0   (incl. Generated)
        12          0          2          0          6          0   (incl. Padding)

    ----------------------------------------------------------------------

      Code (inc. data)   RO Data    RW Data    ZI Data      Debug   Library Member Name

         0          0          0          0          0          0   entry.o
         0          0          0          0          0          0   entry10a.o
         0          0          0          0          0          0   entry11a.o
         4          0          0          0          0          0   entry12b.o
         8          4          0          0          0          0   entry2.o
         4          0          0          0          0          0   entry5.o
         0          0          0          0          0          0   entry7b.o
         0          0          0          0          0          0   entry8b.o
         8          4          0          0          0          0   entry9a.o
        30          0          0          0          0          0   handlers.o
        36          8          0          0          0         68   init.o
        30          0          0          0          0         68   llshl.o
        32          0          0          0          0         68   llushr.o
        98          0          0          0          0         92   uldiv.o

    ----------------------------------------------------------------------
       252         16          0          0          0        296   Library Totals
         2          0          0          0          0          0   (incl. Padding)

    ----------------------------------------------------------------------

      Code (inc. data)   RO Data    RW Data    ZI Data      Debug   Library Name

       250         16          0          0          0        296   mc_w.l

    ----------------------------------------------------------------------
       252         16          0          0          0        296   Library Totals

    ----------------------------------------------------------------------

==============================================================================


      Code (inc. data)   RO Data    RW Data    ZI Data      Debug   

      6174        432      13858         20       1044     136418   Grand Totals
      6174        432      13858         20       1044     136418   ELF Image Totals
      6174        432      13858         20          0          0   ROM Totals

==============================================================================

    Total RO  Size (Code + RO Data)                20032 (  19.56kB)
    Total RW  Size (RW Data + ZI Data)              1064 (   1.04kB)
    Total ROM Size (Code + RO Data + RW Data)      20052 (  19.58kB)

==============================================================================

