Component: ARM Compiler 5.06 update 7 (build 960) Tool: armlink [4d3601]

==============================================================================

Section Cross References

    at32f421_int.o(i.SysTick_Handler) refers to wk_system.o(i.wk_timebase_handler) for wk_timebase_handler
    at32f421_int.o(i.SysTick_Handler) refers to at32f421_int.o(.data) for ms_Count
    at32f421_int.o(i.SysTick_Handler) refers to main.o(.data) for FPS_Count
    at32f421_wk_config.o(i.wk_nvic_config) refers to at32f421_misc.o(i.nvic_priority_group_config) for nvic_priority_group_config
    at32f421_wk_config.o(i.wk_nvic_config) refers to at32f421_wk_config.o(i.__NVIC_GetPriorityGrouping) for __NVIC_GetPriorityGrouping
    at32f421_wk_config.o(i.wk_nvic_config) refers to at32f421_wk_config.o(i.NVIC_EncodePriority) for NVIC_EncodePriority
    at32f421_wk_config.o(i.wk_nvic_config) refers to at32f421_wk_config.o(i.__NVIC_SetPriority) for __NVIC_SetPriority
    at32f421_wk_config.o(i.wk_nvic_config) refers to at32f421_misc.o(i.nvic_irq_enable) for nvic_irq_enable
    at32f421_wk_config.o(i.wk_periph_clock_config) refers to at32f421_crm.o(i.crm_periph_clock_enable) for crm_periph_clock_enable
    at32f421_wk_config.o(i.wk_system_clock_config) refers to at32f421_crm.o(i.crm_reset) for crm_reset
    at32f421_wk_config.o(i.wk_system_clock_config) refers to at32f421_crm.o(i.crm_periph_clock_enable) for crm_periph_clock_enable
    at32f421_wk_config.o(i.wk_system_clock_config) refers to at32f421_pwc.o(i.pwc_battery_powered_domain_access) for pwc_battery_powered_domain_access
    at32f421_wk_config.o(i.wk_system_clock_config) refers to at32f421_crm.o(i.crm_flag_get) for crm_flag_get
    at32f421_wk_config.o(i.wk_system_clock_config) refers to at32f421_crm.o(i.crm_clock_source_enable) for crm_clock_source_enable
    at32f421_wk_config.o(i.wk_system_clock_config) refers to at32f421_crm.o(i.crm_hext_stable_wait) for crm_hext_stable_wait
    at32f421_wk_config.o(i.wk_system_clock_config) refers to at32f421_crm.o(i.crm_pll_config) for crm_pll_config
    at32f421_wk_config.o(i.wk_system_clock_config) refers to at32f421_crm.o(i.crm_ahb_div_set) for crm_ahb_div_set
    at32f421_wk_config.o(i.wk_system_clock_config) refers to at32f421_crm.o(i.crm_apb2_div_set) for crm_apb2_div_set
    at32f421_wk_config.o(i.wk_system_clock_config) refers to at32f421_crm.o(i.crm_apb1_div_set) for crm_apb1_div_set
    at32f421_wk_config.o(i.wk_system_clock_config) refers to at32f421_crm.o(i.crm_auto_step_mode_enable) for crm_auto_step_mode_enable
    at32f421_wk_config.o(i.wk_system_clock_config) refers to at32f421_crm.o(i.crm_sysclk_switch) for crm_sysclk_switch
    at32f421_wk_config.o(i.wk_system_clock_config) refers to at32f421_crm.o(i.crm_sysclk_switch_status_get) for crm_sysclk_switch_status_get
    at32f421_wk_config.o(i.wk_system_clock_config) refers to system_at32f421.o(i.system_core_clock_update) for system_core_clock_update
    main.o(i.LCD_Test) refers to lcd.o(i.TranferPicturetoTFT_LCD) for TranferPicturetoTFT_LCD
    main.o(i.LCD_Test) refers to main.o(.data) for FPS_Count
    main.o(i.main) refers to at32f421_wk_config.o(i.wk_system_clock_config) for wk_system_clock_config
    main.o(i.main) refers to at32f421_wk_config.o(i.wk_periph_clock_config) for wk_periph_clock_config
    main.o(i.main) refers to at32f421_wk_config.o(i.wk_nvic_config) for wk_nvic_config
    main.o(i.main) refers to wk_system.o(i.wk_timebase_init) for wk_timebase_init
    main.o(i.main) refers to wk_dma.o(i.wk_dma1_channel1_init) for wk_dma1_channel1_init
    main.o(i.main) refers to wk_dma.o(i.wk_dma_channel_config) for wk_dma_channel_config
    main.o(i.main) refers to at32f421_dma.o(i.dma_channel_enable) for dma_channel_enable
    main.o(i.main) refers to wk_usart.o(i.wk_usart1_init) for wk_usart1_init
    main.o(i.main) refers to wk_wdt.o(i.wk_wdt_init) for wk_wdt_init
    main.o(i.main) refers to wk_gpio.o(i.wk_gpio_config) for wk_gpio_config
    main.o(i.main) refers to at32f421_usart.o(i.usart_data_transmit) for usart_data_transmit
    main.o(i.main) refers to at32_spiflash.o(i.spiflash_init) for spiflash_init
    main.o(i.main) refers to at32_spiflash.o(i.spiflash_read_id) for spiflash_read_id
    main.o(i.main) refers to lcd.o(i.LCD_Init) for LCD_Init
    main.o(i.main) refers to lcd.o(i.TranferPicturetoTFT_LCD) for TranferPicturetoTFT_LCD
    main.o(i.main) refers to lcd.o(i.LCD_ShowChar1) for LCD_ShowChar1
    main.o(i.main) refers to lcd.o(i.DrawProgressBar) for DrawProgressBar
    main.o(i.main) refers to wk_system.o(i.wk_delay_ms) for wk_delay_ms
    wk_system.o(i.wk_delay_ms) refers to wk_system.o(i.wk_timebase_get) for wk_timebase_get
    wk_system.o(i.wk_timebase_get) refers to wk_system.o(.data) for timebase_ticks
    wk_system.o(i.wk_timebase_handler) refers to wk_system.o(i.wk_timebase_increase) for wk_timebase_increase
    wk_system.o(i.wk_timebase_increase) refers to wk_system.o(.data) for timebase_ticks
[...]
    startup_at32f421.o(RESET) refers to at32f421_int.o(i.BusFault_Handler) for BusFault_Handler
    startup_at32f421.o(RESET) refers to at32f421_int.o(i.UsageFault_Handler) for UsageFault_Handler
    startup_at32f421.o(RESET) refers to at32f421_int.o(i.SVC_Handler) for SVC_Handler
    startup_at32f421.o(RESET) refers to at32f421_int.o(i.DebugMon_Handler) for DebugMon_Handler
    startup_at32f421.o(RESET) refers to at32f421_int.o(i.PendSV_Handler) for PendSV_Handler
    startup_at32f421.o(RESET) refers to at32f421_int.o(i.SysTick_Handler) for SysTick_Handler
    startup_at32f421.o(RESET) refers to at32f421_int.o(i.USART1_IRQHandler) for USART1_IRQHandler
    startup_at32f421.o(.text) refers to system_at32f421.o(i.SystemInit) for SystemInit
    startup_at32f421.o(.text) refers to entry.o(.ARM.Collect$$$$00000000) for __main
    lcd.o(i.DrawProgressBar) refers to fflti.o(.text) for __aeabi_i2f
    lcd.o(i.DrawProgressBar) refers to fdiv.o(.text) for __aeabi_fdiv
    lcd.o(i.DrawProgressBar) refers to ffltui.o(.text) for __aeabi_ui2f
    lcd.o(i.DrawProgressBar) refers to fmul.o(.text) for __aeabi_fmul
    lcd.o(i.DrawProgressBar) refers to ffixui.o(.text) for __aeabi_f2uiz
    lcd.o(i.DrawProgressBar) refers to lcd.o(i.LCD_Fill) for LCD_Fill
    lcd.o(i.DrawProgressBar) refers to lcd.o(i.LCD_ShowPicture) for LCD_ShowPicture
    lcd.o(i.DrawProgressBar) refers to lcd.o(.constdata) for gImage_1
    lcd.o(i.Draw_Circle) refers to lcd.o(i.LCD_DrawPoint) for LCD_DrawPoint
    lcd.o(i.LCD_Address_Set) refers to lcd.o(i.LCD_WR_REG) for LCD_WR_REG
    lcd.o(i.LCD_Address_Set) refers to lcd.o(i.LCD_WR_data) for LCD_WR_data
    lcd.o(i.LCD_Clear) refers to lcd.o(i.LCD_Address_Set) for LCD_Address_Set
    lcd.o(i.LCD_Clear) refers to lcd.o(i.LCD_WR_DATA) for LCD_WR_DATA
    lcd.o(i.LCD_Clear) refers to lcd.o(.bss) for lcddev
    lcd.o(i.LCD_DisplayOff) refers to lcd.o(i.LCD_WR_REG) for LCD_WR_REG
    lcd.o(i.LCD_DisplayOn) refers to lcd.o(i.LCD_WR_REG) for LCD_WR_REG
    lcd.o(i.LCD_Display_Dir) refers to lcd.o(i.LCD_Scan_Dir) for LCD_Scan_Dir
    lcd.o(i.LCD_Display_Dir) refers to lcd.o(.bss) for lcddev
    lcd.o(i.LCD_DrawLine) refers to lcd.o(i.LCD_DrawPoint) for LCD_DrawPoint
    lcd.o(i.LCD_DrawPoint) refers to lcd.o(i.LCD_Address_Set) for LCD_Address_Set
    lcd.o(i.LCD_DrawPoint) refers to lcd.o(i.LCD_WR_DATA) for LCD_WR_DATA
    lcd.o(i.LCD_DrawRectangle) refers to lcd.o(i.LCD_DrawLine) for LCD_DrawLine
    lcd.o(i.LCD_Fill) refers to lcd.o(i.LCD_Address_Set) for LCD_Address_Set
    lcd.o(i.LCD_Fill) refers to lcd.o(i.LCD_WR_DATA) for LCD_WR_DATA
    lcd.o(i.LCD_Init) refers to at32f421_gpio.o(i.gpio_bits_set) for gpio_bits_set
    lcd.o(i.LCD_Init) refers to wk_system.o(i.wk_delay_ms) for wk_delay_ms
    lcd.o(i.LCD_Init) refers to lcd.o(i.LCD_WR_REG) for LCD_WR_REG
    lcd.o(i.LCD_Init) refers to lcd.o(i.LCD_RD_DATA) for LCD_RD_DATA
    lcd.o(i.LCD_Init) refers to lcd.o(i.LCD_WR_DATA) for LCD_WR_DATA
    lcd.o(i.LCD_Init) refers to lcd.o(i.LCD_Display_Dir) for LCD_Display_Dir
    lcd.o(i.LCD_Init) refers to lcd.o(i.LCD_Clear) for LCD_Clear
    lcd.o(i.LCD_Init) refers to lcd.o(.bss) for lcddev
    lcd.o(i.LCD_RD_DATA) refers to lcd.o(i.set_mode) for set_mode
    lcd.o(i.LCD_RD_DATA) refers to at32f421_gpio.o(i.gpio_bits_reset) for gpio_bits_reset
    lcd.o(i.LCD_RD_DATA) refers to at32f421_gpio.o(i.gpio_bits_set) for gpio_bits_set
    lcd.o(i.LCD_Scan_Dir) refers to lcd.o(i.LCD_WriteReg) for LCD_WriteReg
    lcd.o(i.LCD_Scan_Dir) refers to lcd.o(i.LCD_WR_REG) for LCD_WR_REG
    lcd.o(i.LCD_Scan_Dir) refers to lcd.o(i.LCD_WR_DATA) for LCD_WR_DATA
    lcd.o(i.LCD_Scan_Dir) refers to lcd.o(.bss) for lcddev
    lcd.o(i.LCD_SetCursor) refers to lcd.o(i.LCD_WR_REG) for LCD_WR_REG
    lcd.o(i.LCD_SetCursor) refers to lcd.o(i.LCD_WR_data) for LCD_WR_data
    lcd.o(i.LCD_ShowChar) refers to lcd.o(i.LCD_Address_Set) for LCD_Address_Set
    lcd.o(i.LCD_ShowChar) refers to lcd.o(i.LCD_WR_DATA) for LCD_WR_DATA
    lcd.o(i.LCD_ShowChar) refers to lcd.o(i.LCD_DrawPoint) for LCD_DrawPoint
    lcd.o(i.LCD_ShowChar) refers to lcd.o(.constdata) for ascii_1206
    lcd.o(i.LCD_ShowChar1) refers to lcd.o(i.LCD_DrawPoint) for LCD_DrawPoint
    lcd.o(i.LCD_ShowChar1) refers to lcd.o(.constdata) for GBK6464
    lcd.o(i.LCD_ShowChar1) refers to lcd.o(.bss) for lcddev
    lcd.o(i.LCD_ShowChinese) refers to lcd.o(i.LCD_ShowChinese12x12) for LCD_ShowChinese12x12
    lcd.o(i.LCD_ShowChinese) refers to lcd.o(i.LCD_ShowChinese16x16) for LCD_ShowChinese16x16
    lcd.o(i.LCD_ShowChinese) refers to lcd.o(i.LCD_ShowChinese24x24) for LCD_ShowChinese24x24
    lcd.o(i.LCD_ShowChinese) refers to lcd.o(i.LCD_ShowChinese32x32) for LCD_ShowChinese32x32
    lcd.o(i.LCD_ShowChinese12x12) refers to lcd.o(i.LCD_Address_Set) for LCD_Address_Set
    lcd.o(i.LCD_ShowChinese12x12) refers to lcd.o(i.LCD_WR_DATA) for LCD_WR_DATA
    lcd.o(i.LCD_ShowChinese12x12) refers to lcd.o(i.LCD_DrawPoint) for LCD_DrawPoint
    lcd.o(i.LCD_ShowChinese12x12) refers to lcd.o(.constdata) for tfont12
    lcd.o(i.LCD_ShowChinese16x16) refers to lcd.o(i.LCD_Address_Set) for LCD_Address_Set
    lcd.o(i.LCD_ShowChinese16x16) refers to lcd.o(i.LCD_WR_DATA) for LCD_WR_DATA
    lcd.o(i.LCD_ShowChinese16x16) refers to lcd.o(i.LCD_DrawPoint) for LCD_DrawPoint
    lcd.o(i.LCD_ShowChinese16x16) refers to lcd.o(.constdata) for tfont16
    lcd.o(i.LCD_ShowChinese24x24) refers to lcd.o(i.LCD_Address_Set) for LCD_Address_Set
    lcd.o(i.LCD_ShowChinese24x24) refers to lcd.o(i.LCD_WR_DATA) for LCD_WR_DATA
    lcd.o(i.LCD_ShowChinese24x24) refers to lcd.o(i.LCD_DrawPoint) for LCD_DrawPoint
    lcd.o(i.LCD_ShowChinese24x24) refers to lcd.o(.constdata) for tfont24
    lcd.o(i.LCD_ShowChinese32x32) refers to lcd.o(i.LCD_Address_Set) for LCD_Address_Set
    lcd.o(i.LCD_ShowChinese32x32) refers to lcd.o(i.LCD_WR_DATA) for LCD_WR_DATA
    lcd.o(i.LCD_ShowChinese32x32) refers to lcd.o(i.LCD_DrawPoint) for LCD_DrawPoint
    lcd.o(i.LCD_ShowChinese32x32) refers to lcd.o(.constdata) for tfont32
    lcd.o(i.LCD_ShowFloatNum1) refers to fmul.o(.text) for __aeabi_fmul
    lcd.o(i.LCD_ShowFloatNum1) refers to ffixui.o(.text) for __aeabi_f2uiz
    lcd.o(i.LCD_ShowFloatNum1) refers to lcd.o(i.mypow) for mypow
    lcd.o(i.LCD_ShowFloatNum1) refers to lcd.o(i.LCD_ShowChar) for LCD_ShowChar
    lcd.o(i.LCD_ShowIntNum) refers to lcd.o(i.mypow) for mypow
    lcd.o(i.LCD_ShowIntNum) refers to lcd.o(i.LCD_ShowChar) for LCD_ShowChar
    lcd.o(i.LCD_ShowPicture) refers to lcd.o(i.LCD_Address_Set) for LCD_Address_Set
    lcd.o(i.LCD_ShowPicture) refers to lcd.o(i.LCD_WR_DATA) for LCD_WR_DATA
    lcd.o(i.LCD_ShowString) refers to lcd.o(i.LCD_ShowChar) for LCD_ShowChar
    lcd.o(i.LCD_WR_DATA) refers to at32f421_gpio.o(i.gpio_bits_reset) for gpio_bits_reset
    lcd.o(i.LCD_WR_DATA) refers to at32f421_gpio.o(i.gpio_bits_set) for gpio_bits_set
    lcd.o(i.LCD_WR_REG) refers to at32f421_gpio.o(i.gpio_bits_reset) for gpio_bits_reset
    lcd.o(i.LCD_WR_REG) refers to at32f421_gpio.o(i.gpio_bits_set) for gpio_bits_set
    lcd.o(i.LCD_WR_data) refers to at32f421_gpio.o(i.gpio_bits_reset) for gpio_bits_reset
    lcd.o(i.LCD_WR_data) refers to at32f421_gpio.o(i.gpio_bits_set) for gpio_bits_set
    lcd.o(i.LCD_WriteReg) refers to lcd.o(i.LCD_WR_REG) for LCD_WR_REG
    lcd.o(i.LCD_WriteReg) refers to lcd.o(i.LCD_WR_DATA) for LCD_WR_DATA
    lcd.o(i.Set_Dir) refers to lcd.o(.bss) for lcddev
    lcd.o(i.TranferPicturetoTFT_LCD) refers to at32_spiflash.o(i.spiflash_read) for spiflash_read
    lcd.o(i.TranferPicturetoTFT_LCD) refers to lcd.o(i.LCD_WR_DATA) for LCD_WR_DATA
    lcd.o(i.TranferPicturetoTFT_LCD) refers to lcd.o(.bss) for Read_data
    lcd.o(i.set_mode) refers to at32f421_gpio.o(i.gpio_default_para_init) for gpio_default_para_init
    lcd.o(i.set_mode) refers to at32f421_gpio.o(i.gpio_init) for gpio_init
    at32_spiflash.o(i.spi_byte_read) refers to at32_spiflash.o(i.spi_byte_write) for spi_byte_write
    at32_spiflash.o(i.spi_byte_write) refers to at32f421_spi.o(i.spi_i2s_dma_transmitter_enable) for spi_i2s_dma_transmitter_enable
    at32_spiflash.o(i.spi_byte_write) refers to at32f421_spi.o(i.spi_i2s_dma_receiver_enable) for spi_i2s_dma_receiver_enable
    at32_spiflash.o(i.spi_byte_write) refers to at32f421_spi.o(i.spi_i2s_data_transmit) for spi_i2s_data_transmit
    at32_spiflash.o(i.spi_byte_write) refers to at32f421_spi.o(i.spi_i2s_flag_get) for spi_i2s_flag_get
    at32_spiflash.o(i.spi_byte_write) refers to at32f421_spi.o(i.spi_i2s_data_receive) for spi_i2s_data_receive
    at32_spiflash.o(i.spi_bytes_read) refers to at32f421_dma.o(i.dma_reset) for dma_reset
    at32_spiflash.o(i.spi_bytes_read) refers to at32f421_dma.o(i.dma_default_para_init) for dma_default_para_init
    at32_spiflash.o(i.spi_bytes_read) refers to at32f421_dma.o(i.dma_init) for dma_init
    at32_spiflash.o(i.spi_bytes_read) refers to at32f421_spi.o(i.spi_i2s_dma_transmitter_enable) for spi_i2s_dma_transmitter_enable
    at32_spiflash.o(i.spi_bytes_read) refers to at32f421_spi.o(i.spi_i2s_dma_receiver_enable) for spi_i2s_dma_receiver_enable
    at32_spiflash.o(i.spi_bytes_read) refers to at32f421_dma.o(i.dma_channel_enable) for dma_channel_enable
    at32_spiflash.o(i.spi_bytes_read) refers to at32f421_dma.o(i.dma_flag_get) for dma_flag_get
    at32_spiflash.o(i.spi_bytes_read) refers to at32f421_dma.o(i.dma_flag_clear) for dma_flag_clear
    at32_spiflash.o(i.spi_bytes_write) refers to at32f421_dma.o(i.dma_reset) for dma_reset
    at32_spiflash.o(i.spi_bytes_write) refers to at32f421_dma.o(i.dma_default_para_init) for dma_default_para_init
    at32_spiflash.o(i.spi_bytes_write) refers to at32f421_dma.o(i.dma_init) for dma_init
    at32_spiflash.o(i.spi_bytes_write) refers to at32f421_spi.o(i.spi_i2s_dma_transmitter_enable) for spi_i2s_dma_transmitter_enable
    at32_spiflash.o(i.spi_bytes_write) refers to at32f421_spi.o(i.spi_i2s_dma_receiver_enable) for spi_i2s_dma_receiver_enable
    at32_spiflash.o(i.spi_bytes_write) refers to at32f421_dma.o(i.dma_channel_enable) for dma_channel_enable
    at32_spiflash.o(i.spi_bytes_write) refers to at32f421_dma.o(i.dma_flag_get) for dma_flag_get
    at32_spiflash.o(i.spi_bytes_write) refers to at32f421_dma.o(i.dma_flag_clear) for dma_flag_clear
    at32_spiflash.o(i.spiflash_init) refers to at32f421_crm.o(i.crm_periph_clock_enable) for crm_periph_clock_enable
    at32_spiflash.o(i.spiflash_init) refers to at32f421_gpio.o(i.gpio_init) for gpio_init
    at32_spiflash.o(i.spiflash_init) refers to at32f421_gpio.o(i.gpio_bits_set) for gpio_bits_set
    at32_spiflash.o(i.spiflash_init) refers to at32f421_spi.o(i.spi_default_para_init) for spi_default_para_init
    at32_spiflash.o(i.spiflash_init) refers to at32f421_spi.o(i.spi_init) for spi_init
    at32_spiflash.o(i.spiflash_init) refers to at32f421_spi.o(i.spi_enable) for spi_enable
    at32_spiflash.o(i.spiflash_page_write) refers to at32_spiflash.o(i.spiflash_write_enable) for spiflash_write_enable
    at32_spiflash.o(i.spiflash_page_write) refers to at32f421_gpio.o(i.gpio_bits_reset) for gpio_bits_reset
    at32_spiflash.o(i.spiflash_page_write) refers to at32_spiflash.o(i.spi_byte_write) for spi_byte_write
    at32_spiflash.o(i.spiflash_page_write) refers to at32_spiflash.o(i.spi_bytes_write) for spi_bytes_write
    at32_spiflash.o(i.spiflash_page_write) refers to at32f421_gpio.o(i.gpio_bits_set) for gpio_bits_set
    at32_spiflash.o(i.spiflash_page_write) refers to at32_spiflash.o(i.spiflash_wait_busy) for spiflash_wait_busy
    at32_spiflash.o(i.spiflash_read) refers to at32f421_gpio.o(i.gpio_bits_reset) for gpio_bits_reset
    at32_spiflash.o(i.spiflash_read) refers to at32_spiflash.o(i.spi_byte_write) for spi_byte_write
    at32_spiflash.o(i.spiflash_read) refers to at32_spiflash.o(i.spi_bytes_read) for spi_bytes_read
    at32_spiflash.o(i.spiflash_read) refers to at32f421_gpio.o(i.gpio_bits_set) for gpio_bits_set
    at32_spiflash.o(i.spiflash_read_id) refers to at32f421_gpio.o(i.gpio_bits_reset) for gpio_bits_reset
    at32_spiflash.o(i.spiflash_read_id) refers to at32_spiflash.o(i.spi_byte_write) for spi_byte_write
    at32_spiflash.o(i.spiflash_read_id) refers to at32_spiflash.o(i.spi_byte_read) for spi_byte_read
    at32_spiflash.o(i.spiflash_read_id) refers to at32f421_gpio.o(i.gpio_bits_set) for gpio_bits_set
    at32_spiflash.o(i.spiflash_read_sr1) refers to at32f421_gpio.o(i.gpio_bits_reset) for gpio_bits_reset
    at32_spiflash.o(i.spiflash_read_sr1) refers to at32_spiflash.o(i.spi_byte_write) for spi_byte_write
    at32_spiflash.o(i.spiflash_read_sr1) refers to at32_spiflash.o(i.spi_byte_read) for spi_byte_read
    at32_spiflash.o(i.spiflash_read_sr1) refers to at32f421_gpio.o(i.gpio_bits_set) for gpio_bits_set
    at32_spiflash.o(i.spiflash_sector_erase) refers to at32_spiflash.o(i.spiflash_write_enable) for spiflash_write_enable
    at32_spiflash.o(i.spiflash_sector_erase) refers to at32_spiflash.o(i.spiflash_wait_busy) for spiflash_wait_busy
    at32_spiflash.o(i.spiflash_sector_erase) refers to at32f421_gpio.o(i.gpio_bits_reset) for gpio_bits_reset
    at32_spiflash.o(i.spiflash_sector_erase) refers to at32_spiflash.o(i.spi_byte_write) for spi_byte_write
    at32_spiflash.o(i.spiflash_sector_erase) refers to at32f421_gpio.o(i.gpio_bits_set) for gpio_bits_set
    at32_spiflash.o(i.spiflash_wait_busy) refers to at32_spiflash.o(i.spiflash_read_sr1) for spiflash_read_sr1
    at32_spiflash.o(i.spiflash_write) refers to at32_spiflash.o(i.spiflash_read) for spiflash_read
    at32_spiflash.o(i.spiflash_write) refers to at32_spiflash.o(i.spiflash_sector_erase) for spiflash_sector_erase
    at32_spiflash.o(i.spiflash_write) refers to at32_spiflash.o(i.spiflash_write_nocheck) for spiflash_write_nocheck
    at32_spiflash.o(i.spiflash_write) refers to at32_spiflash.o(.bss) for spiflash_sector_buf
    at32_spiflash.o(i.spiflash_write_enable) refers to at32f421_gpio.o(i.gpio_bits_reset) for gpio_bits_reset
    at32_spiflash.o(i.spiflash_write_enable) refers to at32_spiflash.o(i.spi_byte_write) for spi_byte_write
    at32_spiflash.o(i.spiflash_write_enable) refers to at32f421_gpio.o(i.gpio_bits_set) for gpio_bits_set
    at32_spiflash.o(i.spiflash_write_nocheck) refers to at32_spiflash.o(i.spiflash_page_write) for spiflash_page_write
    entry.o(.ARM.Collect$$$$00000000) refers (Special) to entry10a.o(.ARM.Collect$$$$0000000F) for __rt_final_cpp
    entry.o(.ARM.Collect$$$$00000000) refers (Special) to entry11a.o(.ARM.Collect$$$$00000011) for __rt_final_exit
    entry.o(.ARM.Collect$$$$00000000) refers (Special) to entry12b.o(.ARM.Collect$$$$0000000E) for __rt_lib_shutdown_fini
    entry.o(.ARM.Collect$$$$00000000) refers (Special) to entry7b.o(.ARM.Collect$$$$00000008) for _main_clock
    entry.o(.ARM.Collect$$$$00000000) refers (Special) to entry8b.o(.ARM.Collect$$$$0000000A) for _main_cpp_init
    entry.o(.ARM.Collect$$$$00000000) refers (Special) to entry9a.o(.ARM.Collect$$$$0000000B) for _main_init
    entry.o(.ARM.Collect$$$$00000000) refers (Special) to entry5.o(.ARM.Collect$$$$00000004) for _main_scatterload
    entry.o(.ARM.Collect$$$$00000000) refers (Special) to entry2.o(.ARM.Collect$$$$00000001) for _main_stk
    uldiv.o(.text) refers to llushr.o(.text) for __aeabi_llsr
    uldiv.o(.text) refers to llshl.o(.text) for __aeabi_llsl
    fmul.o(.text) refers (Special) to iusefp.o(.text) for __I$use$fp
    fdiv.o(.text) refers (Special) to iusefp.o(.text) for __I$use$fp
    fdiv.o(.text) refers to fepilogue.o(.text) for _float_round
    fflti.o(.text) refers (Special) to iusefp.o(.text) for __I$use$fp
    fflti.o(.text) refers to fepilogue.o(.text) for _float_epilogue
    ffltui.o(.text) refers (Special) to iusefp.o(.text) for __I$use$fp
    ffltui.o(.text) refers to fepilogue.o(.text) for _float_epilogue
    ffixui.o(.text) refers (Special) to iusefp.o(.text) for __I$use$fp
    entry2.o(.ARM.Collect$$$$00000001) refers to entry2.o(.ARM.Collect$$$$00002712) for __lit__00000000
    entry2.o(.ARM.Collect$$$$00002712) refers to startup_at32f421.o(STACK) for __initial_sp
    entry2.o(__vectab_stack_and_reset_area) refers to startup_at32f421.o(STACK) for __initial_sp
    entry2.o(__vectab_stack_and_reset_area) refers to entry.o(.ARM.Collect$$$$00000000) for __main
    entry5.o(.ARM.Collect$$$$00000004) refers to init.o(.text) for __scatterload
    entry9a.o(.ARM.Collect$$$$0000000B) refers to main.o(i.main) for main
    entry9b.o(.ARM.Collect$$$$0000000C) refers to main.o(i.main) for main
    init.o(.text) refers to entry5.o(.ARM.Collect$$$$00000004) for __main_after_scatterload


==============================================================================

Removing Unused input sections from the image.

    Removing at32f421_int.o(.rev16_text), (4 bytes).
    Removing at32f421_int.o(.revsh_text), (4 bytes).
    Removing at32f421_int.o(.rrx_text), (6 bytes).
    Removing at32f421_wk_config.o(.rev16_text), (4 bytes).
    Removing at32f421_wk_config.o(.revsh_text), (4 bytes).
    Removing at32f421_wk_config.o(.rrx_text), (6 bytes).
    Removing main.o(.rev16_text), (4 bytes).
    Removing main.o(.revsh_text), (4 bytes).
    Removing main.o(.rrx_text), (6 bytes).
    Removing main.o(i.LCD_Test), (24 bytes).
    Removing wk_system.o(.rev16_text), (4 bytes).
    Removing wk_system.o(.revsh_text), (4 bytes).
    Removing wk_system.o(.rrx_text), (6 bytes).
    Removing wk_gpio.o(.rev16_text), (4 bytes).
    Removing wk_gpio.o(.revsh_text), (4 bytes).
    Removing wk_gpio.o(.rrx_text), (6 bytes).
    Removing wk_usart.o(.rev16_text), (4 bytes).
    Removing wk_usart.o(.revsh_text), (4 bytes).
    Removing wk_usart.o(.rrx_text), (6 bytes).
    Removing wk_wdt.o(.rev16_text), (4 bytes).
    Removing wk_wdt.o(.revsh_text), (4 bytes).
    Removing wk_wdt.o(.rrx_text), (6 bytes).
    Removing wk_spi.o(.rev16_text), (4 bytes).
    Removing wk_spi.o(.revsh_text), (4 bytes).
    Removing wk_spi.o(.rrx_text), (6 bytes).
    Removing wk_spi.o(i.wk_spi1_init), (232 bytes).
    Removing wk_dma.o(.rev16_text), (4 bytes).
    Removing wk_dma.o(.revsh_text), (4 bytes).
    Removing wk_dma.o(.rrx_text), (6 bytes).
    Removing at32f421_crm.o(.rev16_text), (4 bytes).
    Removing at32f421_crm.o(.revsh_text), (4 bytes).
    Removing at32f421_crm.o(.rrx_text), (6 bytes).
    Removing at32f421_crm.o(i.crm_adc_clock_div_set), (32 bytes).
    Removing at32f421_crm.o(i.crm_battery_powered_domain_reset), (20 bytes).
    Removing at32f421_crm.o(i.crm_clkout_div_set), (20 bytes).
    Removing at32f421_crm.o(i.crm_clock_failure_detection_enable), (20 bytes).
    Removing at32f421_crm.o(i.crm_clock_out_set), (32 bytes).
    Removing at32f421_crm.o(i.crm_ertc_clock_enable), (20 bytes).
    Removing at32f421_crm.o(i.crm_ertc_clock_select), (20 bytes).
    Removing at32f421_crm.o(i.crm_flag_clear), (212 bytes).
    Removing at32f421_crm.o(i.crm_hext_bypass), (20 bytes).
    Removing at32f421_crm.o(i.crm_hick_clock_calibration_set), (40 bytes).
    Removing at32f421_crm.o(i.crm_hick_clock_trimming_set), (20 bytes).
    Removing at32f421_crm.o(i.crm_hick_divider_select), (20 bytes).
    Removing at32f421_crm.o(i.crm_hick_sclk_frequency_select), (28 bytes).
    Removing at32f421_crm.o(i.crm_interrupt_enable), (32 bytes).
    Removing at32f421_crm.o(i.crm_interrupt_flag_get), (176 bytes).
    Removing at32f421_crm.o(i.crm_lext_bypass), (20 bytes).
    Removing at32f421_crm.o(i.crm_periph_reset), (68 bytes).
    Removing at32f421_crm.o(i.crm_periph_sleep_mode_clock_enable), (68 bytes).
    Removing at32f421_crm.o(i.crm_pll_config2), (132 bytes).
    Removing at32f421_gpio.o(.rev16_text), (4 bytes).
    Removing at32f421_gpio.o(.revsh_text), (4 bytes).
    Removing at32f421_gpio.o(.rrx_text), (6 bytes).
    Removing at32f421_gpio.o(i.gpio_bits_write), (10 bytes).
    Removing at32f421_gpio.o(i.gpio_input_data_bit_read), (18 bytes).
    Removing at32f421_gpio.o(i.gpio_input_data_read), (8 bytes).
    Removing at32f421_gpio.o(i.gpio_output_data_bit_read), (18 bytes).
    Removing at32f421_gpio.o(i.gpio_output_data_read), (8 bytes).
    Removing at32f421_gpio.o(i.gpio_pin_wp_config), (18 bytes).
    Removing at32f421_gpio.o(i.gpio_pins_huge_driven_config), (18 bytes).
    Removing at32f421_gpio.o(i.gpio_port_write), (4 bytes).
    Removing at32f421_gpio.o(i.gpio_reset), (128 bytes).
    Removing at32f421_usart.o(.rev16_text), (4 bytes).
    Removing at32f421_usart.o(.revsh_text), (4 bytes).
    Removing at32f421_usart.o(.rrx_text), (6 bytes).
    Removing at32f421_usart.o(i.usart_break_bit_num_set), (10 bytes).
    Removing at32f421_usart.o(i.usart_break_send), (12 bytes).
    Removing at32f421_usart.o(i.usart_clock_config), (28 bytes).
    Removing at32f421_usart.o(i.usart_clock_enable), (10 bytes).
    Removing at32f421_usart.o(i.usart_data_receive), (8 bytes).
    Removing at32f421_usart.o(i.usart_dma_receiver_enable), (10 bytes).
    Removing at32f421_usart.o(i.usart_dma_transmitter_enable), (10 bytes).
    Removing at32f421_usart.o(i.usart_flag_clear), (18 bytes).
    Removing at32f421_usart.o(i.usart_flag_get), (16 bytes).
    Removing at32f421_usart.o(i.usart_interrupt_enable), (54 bytes).
    Removing at32f421_usart.o(i.usart_interrupt_flag_get), (176 bytes).
    Removing at32f421_usart.o(i.usart_irda_low_power_enable), (10 bytes).
    Removing at32f421_usart.o(i.usart_irda_mode_enable), (10 bytes).
    Removing at32f421_usart.o(i.usart_irda_smartcard_division_set), (10 bytes).
    Removing at32f421_usart.o(i.usart_lin_mode_enable), (10 bytes).
    Removing at32f421_usart.o(i.usart_receiver_mute_enable), (10 bytes).
    Removing at32f421_usart.o(i.usart_reset), (64 bytes).
    Removing at32f421_usart.o(i.usart_single_line_halfduplex_select), (10 bytes).
    Removing at32f421_usart.o(i.usart_smartcard_guard_time_set), (10 bytes).
    Removing at32f421_usart.o(i.usart_smartcard_mode_enable), (10 bytes).
    Removing at32f421_usart.o(i.usart_smartcard_nack_set), (10 bytes).
    Removing at32f421_usart.o(i.usart_transmit_receive_pin_swap), (10 bytes).
    Removing at32f421_usart.o(i.usart_wakeup_id_set), (10 bytes).
    Removing at32f421_usart.o(i.usart_wakeup_mode_set), (10 bytes).
    Removing at32f421_pwc.o(.rev16_text), (4 bytes).
    Removing at32f421_pwc.o(.revsh_text), (4 bytes).
    Removing at32f421_pwc.o(.rrx_text), (6 bytes).
    Removing at32f421_pwc.o(i.pwc_deep_sleep_mode_enter), (48 bytes).
    Removing at32f421_pwc.o(i.pwc_flag_clear), (48 bytes).
    Removing at32f421_pwc.o(i.pwc_flag_get), (24 bytes).
    Removing at32f421_pwc.o(i.pwc_power_voltage_monitor_enable), (20 bytes).
    Removing at32f421_pwc.o(i.pwc_pvm_level_select), (20 bytes).
    Removing at32f421_pwc.o(i.pwc_reset), (24 bytes).
    Removing at32f421_pwc.o(i.pwc_sleep_mode_enter), (36 bytes).
    Removing at32f421_pwc.o(i.pwc_standby_mode_enter), (56 bytes).
    Removing at32f421_pwc.o(i.pwc_voltage_regulate_set), (48 bytes).
    Removing at32f421_pwc.o(i.pwc_wakeup_pin_enable), (32 bytes).
    Removing at32f421_spi.o(.rev16_text), (4 bytes).
    Removing at32f421_spi.o(.revsh_text), (4 bytes).
    Removing at32f421_spi.o(.rrx_text), (6 bytes).
    Removing at32f421_spi.o(i.i2s_default_para_init), (22 bytes).
    Removing at32f421_spi.o(i.i2s_enable), (10 bytes).
    Removing at32f421_spi.o(i.i2s_init), (554 bytes).
    Removing at32f421_spi.o(i.spi_crc_enable), (10 bytes).
    Removing at32f421_spi.o(i.spi_crc_next_transmit), (14 bytes).
    Removing at32f421_spi.o(i.spi_crc_polynomial_get), (8 bytes).
    Removing at32f421_spi.o(i.spi_crc_polynomial_set), (10 bytes).
    Removing at32f421_spi.o(i.spi_crc_value_get), (18 bytes).
    Removing at32f421_spi.o(i.spi_frame_bit_num_set), (10 bytes).
    Removing at32f421_spi.o(i.spi_half_duplex_direction_set), (10 bytes).
    Removing at32f421_spi.o(i.spi_hardware_cs_output_enable), (10 bytes).
    Removing at32f421_spi.o(i.spi_i2s_flag_clear), (48 bytes).
    Removing at32f421_spi.o(i.spi_i2s_interrupt_enable), (18 bytes).
    Removing at32f421_spi.o(i.spi_i2s_interrupt_flag_get), (160 bytes).
    Removing at32f421_spi.o(i.spi_i2s_reset), (64 bytes).
    Removing at32f421_spi.o(i.spi_software_cs_internal_level_set), (10 bytes).
    Removing at32f421_dma.o(.rev16_text), (4 bytes).
    Removing at32f421_dma.o(.revsh_text), (4 bytes).
    Removing at32f421_dma.o(.rrx_text), (6 bytes).
    Removing at32f421_dma.o(i.dma_data_number_get), (8 bytes).
    Removing at32f421_dma.o(i.dma_data_number_set), (4 bytes).
    Removing at32f421_dma.o(i.dma_interrupt_enable), (18 bytes).
    Removing at32f421_dma.o(i.dma_interrupt_flag_get), (28 bytes).
    Removing at32f421_debug.o(.rev16_text), (4 bytes).
    Removing at32f421_debug.o(.revsh_text), (4 bytes).
    Removing at32f421_debug.o(.rrx_text), (6 bytes).
    Removing at32f421_debug.o(i.debug_device_id_get), (12 bytes).
    Removing at32f421_debug.o(i.debug_periph_mode_set), (32 bytes).
    Removing at32f421_flash.o(.rev16_text), (4 bytes).
    Removing at32f421_flash.o(.revsh_text), (4 bytes).
    Removing at32f421_flash.o(.rrx_text), (6 bytes).
    Removing at32f421_flash.o(i.flash_boot_memory_extension_mode_enable), (64 bytes).
    Removing at32f421_flash.o(i.flash_byte_program), (56 bytes).
    Removing at32f421_flash.o(i.flash_crc_calibrate), (40 bytes).
    Removing at32f421_flash.o(i.flash_em_slib_inststart_sector_get), (16 bytes).
    Removing at32f421_flash.o(i.flash_epp_set), (220 bytes).
    Removing at32f421_flash.o(i.flash_epp_status_get), (12 bytes).
    Removing at32f421_flash.o(i.flash_extension_memory_slib_enable), (88 bytes).
    Removing at32f421_flash.o(i.flash_extension_memory_slib_state_get), (24 bytes).
    Removing at32f421_flash.o(i.flash_fap_enable), (140 bytes).
    Removing at32f421_flash.o(i.flash_fap_high_level_enable), (260 bytes).
    Removing at32f421_flash.o(i.flash_fap_high_level_status_get), (16 bytes).
    Removing at32f421_flash.o(i.flash_fap_status_get), (16 bytes).
    Removing at32f421_flash.o(i.flash_flag_clear), (12 bytes).
    Removing at32f421_flash.o(i.flash_flag_get), (56 bytes).
    Removing at32f421_flash.o(i.flash_halfword_program), (56 bytes).
    Removing at32f421_flash.o(i.flash_internal_all_erase), (60 bytes).
    Removing at32f421_flash.o(i.flash_interrupt_enable), (44 bytes).
    Removing at32f421_flash.o(i.flash_lock), (20 bytes).
    Removing at32f421_flash.o(i.flash_low_power_mode_enable), (20 bytes).
    Removing at32f421_flash.o(i.flash_operation_status_get), (52 bytes).
    Removing at32f421_flash.o(i.flash_operation_wait_for), (36 bytes).
    Removing at32f421_flash.o(i.flash_sector_erase), (64 bytes).
    Removing at32f421_flash.o(i.flash_slib_disable), (52 bytes).
    Removing at32f421_flash.o(i.flash_slib_enable), (148 bytes).
    Removing at32f421_flash.o(i.flash_slib_end_sector_get), (12 bytes).
    Removing at32f421_flash.o(i.flash_slib_inststart_sector_get), (16 bytes).
    Removing at32f421_flash.o(i.flash_slib_start_sector_get), (16 bytes).
    Removing at32f421_flash.o(i.flash_slib_state_get), (24 bytes).
    Removing at32f421_flash.o(i.flash_ssb_set), (92 bytes).
    Removing at32f421_flash.o(i.flash_ssb_status_get), (16 bytes).
    Removing at32f421_flash.o(i.flash_unlock), (24 bytes).
    Removing at32f421_flash.o(i.flash_user_system_data_erase), (152 bytes).
    Removing at32f421_flash.o(i.flash_user_system_data_program), (88 bytes).
    Removing at32f421_flash.o(i.flash_word_program), (56 bytes).
    Removing at32f421_flash.o(.constdata), (8 bytes).
    Removing at32f421_wdt.o(.rev16_text), (4 bytes).
    Removing at32f421_wdt.o(.revsh_text), (4 bytes).
    Removing at32f421_wdt.o(.rrx_text), (6 bytes).
    Removing at32f421_wdt.o(i.wdt_enable), (16 bytes).
    Removing at32f421_wdt.o(i.wdt_flag_get), (24 bytes).
    Removing at32f421_misc.o(.rev16_text), (4 bytes).
    Removing at32f421_misc.o(.revsh_text), (4 bytes).
    Removing at32f421_misc.o(.rrx_text), (6 bytes).
    Removing at32f421_misc.o(i.nvic_irq_disable), (44 bytes).
    Removing at32f421_misc.o(i.nvic_lowpower_mode_config), (32 bytes).
    Removing at32f421_misc.o(i.nvic_system_reset), (44 bytes).
    Removing at32f421_misc.o(i.nvic_vector_table_set), (20 bytes).
    Removing at32f421_scfg.o(.rev16_text), (4 bytes).
    Removing at32f421_scfg.o(.revsh_text), (4 bytes).
    Removing at32f421_scfg.o(.rrx_text), (6 bytes).
    Removing at32f421_scfg.o(i.scfg_adc_dma_channel_remap), (20 bytes).
    Removing at32f421_scfg.o(i.scfg_exint_line_config), (164 bytes).
    Removing at32f421_scfg.o(i.scfg_infrared_config), (28 bytes).
    Removing at32f421_scfg.o(i.scfg_mem_map_get), (16 bytes).
    Removing at32f421_scfg.o(i.scfg_pa11pa12_pin_remap), (20 bytes).
    Removing at32f421_scfg.o(i.scfg_reset), (24 bytes).
    Removing at32f421_scfg.o(i.scfg_tmr16_dma_channel_remap), (20 bytes).
    Removing at32f421_scfg.o(i.scfg_tmr17_dma_channel_remap), (20 bytes).
    Removing at32f421_scfg.o(i.scfg_usart1_rx_dma_channel_remap), (20 bytes).
    Removing at32f421_scfg.o(i.scfg_usart1_tx_dma_channel_remap), (20 bytes).
    Removing system_at32f421.o(.rev16_text), (4 bytes).
    Removing system_at32f421.o(.revsh_text), (4 bytes).
    Removing system_at32f421.o(.rrx_text), (6 bytes).
    Removing startup_at32f421.o(HEAP), (512 bytes).
    Removing lcd.o(.rev16_text), (4 bytes).
    Removing lcd.o(.revsh_text), (4 bytes).
    Removing lcd.o(.rrx_text), (6 bytes).
    Removing lcd.o(i.Draw_Circle), (158 bytes).
    Removing lcd.o(i.LCD_DisplayOff), (10 bytes).
    Removing lcd.o(i.LCD_DisplayOn), (10 bytes).
    Removing lcd.o(i.LCD_DrawLine), (172 bytes).
    Removing lcd.o(i.LCD_DrawRectangle), (74 bytes).
    Removing lcd.o(i.LCD_SetCursor), (44 bytes).
    Removing lcd.o(i.LCD_ShowChar), (388 bytes).
    Removing lcd.o(i.LCD_ShowChinese), (140 bytes).
    Removing lcd.o(i.LCD_ShowChinese12x12), (328 bytes).
    Removing lcd.o(i.LCD_ShowChinese16x16), (312 bytes).
    Removing lcd.o(i.LCD_ShowChinese24x24), (328 bytes).
    Removing lcd.o(i.LCD_ShowChinese32x32), (312 bytes).
    Removing lcd.o(i.LCD_ShowFloatNum1), (164 bytes).
    Removing lcd.o(i.LCD_ShowIntNum), (150 bytes).
    Removing lcd.o(i.LCD_ShowString), (66 bytes).
    Removing lcd.o(i.Set_Dir), (56 bytes).
    Removing lcd.o(i.mypow), (22 bytes).
    Removing at32_spiflash.o(.rev16_text), (4 bytes).
    Removing at32_spiflash.o(.revsh_text), (4 bytes).
    Removing at32_spiflash.o(.rrx_text), (6 bytes).
    Removing at32_spiflash.o(i.spi_bytes_write), (256 bytes).
    Removing at32_spiflash.o(i.spiflash_page_write), (84 bytes).
    Removing at32_spiflash.o(i.spiflash_read_sr1), (40 bytes).
    Removing at32_spiflash.o(i.spiflash_sector_erase), (68 bytes).
    Removing at32_spiflash.o(i.spiflash_wait_busy), (18 bytes).
    Removing at32_spiflash.o(i.spiflash_write), (184 bytes).
    Removing at32_spiflash.o(i.spiflash_write_enable), (30 bytes).
    Removing at32_spiflash.o(i.spiflash_write_nocheck), (68 bytes).
    Removing at32_spiflash.o(.bss), (4096 bytes).

233 unused section(s) (total 14476 bytes) removed from the image.

==============================================================================

Image Symbol Table

    Local Symbols

    Symbol Name                              Value     Ov Type        Size  Object(Section)

    ../clib/microlib/division.c              0x00000000   Number         0  uldiv.o ABSOLUTE
    ../clib/microlib/init/entry.s            0x00000000   Number         0  entry12b.o ABSOLUTE
    ../clib/microlib/init/entry.s            0x00000000   Number         0  entry12a.o ABSOLUTE
    ../clib/microlib/init/entry.s            0x00000000   Number         0  entry5.o ABSOLUTE
    ../clib/microlib/init/entry.s            0x00000000   Number         0  entry11a.o ABSOLUTE
    ../clib/microlib/init/entry.s            0x00000000   Number         0  entry2.o ABSOLUTE
    ../clib/microlib/init/entry.s            0x00000000   Number         0  entry10b.o ABSOLUTE
    ../clib/microlib/init/entry.s            0x00000000   Number         0  entry10a.o ABSOLUTE
    ../clib/microlib/init/entry.s            0x00000000   Number         0  entry9b.o ABSOLUTE
    ../clib/microlib/init/entry.s            0x00000000   Number         0  entry8a.o ABSOLUTE
    ../clib/microlib/init/entry.s            0x00000000   Number         0  entry.o ABSOLUTE
    ../clib/microlib/init/entry.s            0x00000000   Number         0  entry8b.o ABSOLUTE
    ../clib/microlib/init/entry.s            0x00000000   Number         0  entry9a.o ABSOLUTE
    ../clib/microlib/init/entry.s            0x00000000   Number         0  entry11b.o ABSOLUTE
    ../clib/microlib/init/entry.s            0x00000000   Number         0  entry7b.o ABSOLUTE
    ../clib/microlib/init/entry.s            0x00000000   Number         0  entry7a.o ABSOLUTE
    ../clib/microlib/longlong.c              0x00000000   Number         0  llushr.o ABSOLUTE
    ../clib/microlib/longlong.c              0x00000000   Number         0  llshl.o ABSOLUTE
    ../clib/microlib/stubs.s                 0x00000000   Number         0  iusefp.o ABSOLUTE
    ../fplib/microlib/fpdiv.c                0x00000000   Number         0  fdiv.o ABSOLUTE
    ../fplib/microlib/fpepilogue.c           0x00000000   Number         0  fepilogue.o ABSOLUTE
    ../fplib/microlib/fpfix.c                0x00000000   Number         0  ffixui.o ABSOLUTE
    ../fplib/microlib/fpflt.c                0x00000000   Number         0  ffltui.o ABSOLUTE
    ../fplib/microlib/fpflt.c                0x00000000   Number         0  fflti.o ABSOLUTE
    ../fplib/microlib/fpmul.c                0x00000000   Number         0  fmul.o ABSOLUTE
    ..\..\libraries\cmsis\cm4\device_support\system_at32f421.c 0x00000000   Number         0  system_at32f421.o ABSOLUTE
    ..\..\libraries\drivers\src\at32f421_crm.c 0x00000000   Number         0  at32f421_crm.o ABSOLUTE
    ..\..\libraries\drivers\src\at32f421_debug.c 0x00000000   Number         0  at32f421_debug.o ABSOLUTE
    ..\..\libraries\drivers\src\at32f421_dma.c 0x00000000   Number         0  at32f421_dma.o ABSOLUTE
    ..\..\libraries\drivers\src\at32f421_flash.c 0x00000000   Number         0  at32f421_flash.o ABSOLUTE
    ..\..\libraries\drivers\src\at32f421_gpio.c 0x00000000   Number         0  at32f421_gpio.o ABSOLUTE
    ..\..\libraries\drivers\src\at32f421_misc.c 0x00000000   Number         0  at32f421_misc.o ABSOLUTE
    ..\..\libraries\drivers\src\at32f421_pwc.c 0x00000000   Number         0  at32f421_pwc.o ABSOLUTE
    ..\..\libraries\drivers\src\at32f421_scfg.c 0x00000000   Number         0  at32f421_scfg.o ABSOLUTE
    ..\..\libraries\drivers\src\at32f421_spi.c 0x00000000   Number         0  at32f421_spi.o ABSOLUTE
    ..\..\libraries\drivers\src\at32f421_usart.c 0x00000000   Number         0  at32f421_usart.o ABSOLUTE
    ..\..\libraries\drivers\src\at32f421_wdt.c 0x00000000   Number         0  at32f421_wdt.o ABSOLUTE
    ..\\..\\libraries\\cmsis\\cm4\\device_support\\system_at32f421.c 0x00000000   Number         0  system_at32f421.o ABSOLUTE
    ..\\..\\libraries\\drivers\\src\\at32f421_crm.c 0x00000000   Number         0  at32f421_crm.o ABSOLUTE
    ..\\..\\libraries\\drivers\\src\\at32f421_debug.c 0x00000000   Number         0  at32f421_debug.o ABSOLUTE
    ..\\..\\libraries\\drivers\\src\\at32f421_dma.c 0x00000000   Number         0  at32f421_dma.o ABSOLUTE
    ..\\..\\libraries\\drivers\\src\\at32f421_flash.c 0x00000000   Number         0  at32f421_flash.o ABSOLUTE
    ..\\..\\libraries\\drivers\\src\\at32f421_gpio.c 0x00000000   Number         0  at32f421_gpio.o ABSOLUTE
    ..\\..\\libraries\\drivers\\src\\at32f421_misc.c 0x00000000   Number         0  at32f421_misc.o ABSOLUTE
    ..\\..\\libraries\\drivers\\src\\at32f421_pwc.c 0x00000000   Number         0  at32f421_pwc.o ABSOLUTE
    ..\\..\\libraries\\drivers\\src\\at32f421_scfg.c 0x00000000   Number         0  at32f421_scfg.o ABSOLUTE
    ..\\..\\libraries\\drivers\\src\\at32f421_spi.c 0x00000000   Number         0  at32f421_spi.o ABSOLUTE
    ..\\..\\libraries\\drivers\\src\\at32f421_usart.c 0x00000000   Number         0  at32f421_usart.o ABSOLUTE
    ..\\..\\libraries\\drivers\\src\\at32f421_wdt.c 0x00000000   Number         0  at32f421_wdt.o ABSOLUTE
    ..\\app\\lcd.c                           0x00000000   Number         0  lcd.o ABSOLUTE
    ..\\drive\\at32_spiflash.c               0x00000000   Number         0  at32_spiflash.o ABSOLUTE
    ..\\src\\at32f421_int.c                  0x00000000   Number         0  at32f421_int.o ABSOLUTE
    ..\\src\\at32f421_wk_config.c            0x00000000   Number         0  at32f421_wk_config.o ABSOLUTE
    ..\\src\\main.c                          0x00000000   Number         0  main.o ABSOLUTE
    ..\\src\\wk_dma.c                        0x00000000   Number         0  wk_dma.o ABSOLUTE
    ..\\src\\wk_gpio.c                       0x00000000   Number         0  wk_gpio.o ABSOLUTE
    ..\\src\\wk_spi.c                        0x00000000   Number         0  wk_spi.o ABSOLUTE
    ..\\src\\wk_system.c                     0x00000000   Number         0  wk_system.o ABSOLUTE
    ..\\src\\wk_usart.c                      0x00000000   Number         0  wk_usart.o ABSOLUTE
    ..\\src\\wk_wdt.c                        0x00000000   Number         0  wk_wdt.o ABSOLUTE
    ..\app\lcd.c                             0x00000000   Number         0  lcd.o ABSOLUTE
    ..\app\pic.c                             0x00000000   Number         0  pic.o ABSOLUTE
    ..\drive\at32_spiflash.c                 0x00000000   Number         0  at32_spiflash.o ABSOLUTE
    ..\src\at32f421_int.c                    0x00000000   Number         0  at32f421_int.o ABSOLUTE
    ..\src\at32f421_wk_config.c              0x00000000   Number         0  at32f421_wk_config.o ABSOLUTE
    ..\src\main.c                            0x00000000   Number         0  main.o ABSOLUTE
    ..\src\wk_dma.c                          0x00000000   Number         0  wk_dma.o ABSOLUTE
    ..\src\wk_gpio.c                         0x00000000   Number         0  wk_gpio.o ABSOLUTE
    ..\src\wk_spi.c                          0x00000000   Number         0  wk_spi.o ABSOLUTE
    ..\src\wk_system.c                       0x00000000   Number         0  wk_system.o ABSOLUTE
    ..\src\wk_usart.c                        0x00000000   Number         0  wk_usart.o ABSOLUTE
    ..\src\wk_wdt.c                          0x00000000   Number         0  wk_wdt.o ABSOLUTE
    dc.s                                     0x00000000   Number         0  dc.o ABSOLUTE
    handlers.s                               0x00000000   Number         0  handlers.o ABSOLUTE
    init.s                                   0x00000000   Number         0  init.o ABSOLUTE
    startup_at32f421.s                       0x00000000   Number         0  startup_at32f421.o ABSOLUTE
    RESET                                    0x08000000   Section      204  startup_at32f421.o(RESET)
    .ARM.Collect$$$$00000000                 0x080000cc   Section        0  entry.o(.ARM.Collect$$$$00000000)
    .ARM.Collect$$$$00000001                 0x080000cc   Section        4  entry2.o(.ARM.Collect$$$$00000001)
    .ARM.Collect$$$$00000004                 0x080000d0   Section        4  entry5.o(.ARM.Collect$$$$00000004)
    .ARM.Collect$$$$00000008                 0x080000d4   Section        0  entry7b.o(.ARM.Collect$$$$00000008)
    .ARM.Collect$$$$0000000A                 0x080000d4   Section        0  entry8b.o(.ARM.Collect$$$$0000000A)
    .ARM.Collect$$$$0000000B                 0x080000d4   Section        8  entry9a.o(.ARM.Collect$$$$0000000B)
    .ARM.Collect$$$$0000000E                 0x080000dc   Section        4  entry12b.o(.ARM.Collect$$$$0000000E)
    .ARM.Collect$$$$0000000F                 0x080000e0   Section        0  entry10a.o(.ARM.Collect$$$$0000000F)
    .ARM.Collect$$$$00000011                 0x080000e0   Section        0  entry11a.o(.ARM.Collect$$$$00000011)
    .ARM.Collect$$$$00002712                 0x080000e0   Section        4  entry2.o(.ARM.Collect$$$$00002712)
    __lit__00000000                          0x080000e0   Data           4  entry2.o(.ARM.Collect$$$$00002712)
    .text                                    0x080000e4   Section       36  startup_at32f421.o(.text)
    .text                                    0x08000108   Section        0  uldiv.o(.text)
    .text                                    0x0800016a   Section        0  fmul.o(.text)
    .text                                    0x080001ce   Section        0  fdiv.o(.text)
    .text                                    0x0800024a   Section        0  fflti.o(.text)
    .text                                    0x0800025c   Section        0  ffltui.o(.text)
    .text                                    0x08000266   Section        0  ffixui.o(.text)
    .text                                    0x0800028e   Section        0  llshl.o(.text)
    .text                                    0x080002ac   Section        0  llushr.o(.text)
    .text                                    0x080002cc   Section        0  fepilogue.o(.text)
    .text                                    0x080002cc   Section        0  iusefp.o(.text)
    .text                                    0x0800033c   Section       36  init.o(.text)
    i.BusFault_Handler                       0x08000360   Section        0  at32f421_int.o(i.BusFault_Handler)
    i.DebugMon_Handler                       0x08000364   Section        0  at32f421_int.o(i.DebugMon_Handler)
    i.DrawProgressBar                        0x08000368   Section        0  lcd.o(i.DrawProgressBar)
    i.HardFault_Handler                      0x080003f0   Section        0  at32f421_int.o(i.HardFault_Handler)
    i.LCD_Address_Set                        0x080003f4   Section        0  lcd.o(i.LCD_Address_Set)
    i.LCD_Clear                              0x08000448   Section        0  lcd.o(i.LCD_Clear)
    i.LCD_Display_Dir                        0x08000490   Section        0  lcd.o(i.LCD_Display_Dir)
    i.LCD_DrawPoint                          0x080004e0   Section        0  lcd.o(i.LCD_DrawPoint)
    i.LCD_Fill                               0x080004fc   Section        0  lcd.o(i.LCD_Fill)
    i.LCD_Init                               0x08000548   Section        0  lcd.o(i.LCD_Init)
    i.LCD_RD_DATA                            0x08000778   Section        0  lcd.o(i.LCD_RD_DATA)
    i.LCD_Scan_Dir                           0x080007c4   Section        0  lcd.o(i.LCD_Scan_Dir)
    i.LCD_ShowChar1                          0x080008e0   Section        0  lcd.o(i.LCD_ShowChar1)
    i.LCD_ShowPicture                        0x0800098c   Section        0  lcd.o(i.LCD_ShowPicture)
    i.LCD_WR_DATA                            0x080009fc   Section        0  lcd.o(i.LCD_WR_DATA)
    i.LCD_WR_REG                             0x08000a38   Section        0  lcd.o(i.LCD_WR_REG)
    i.LCD_WR_data                            0x08000a88   Section        0  lcd.o(i.LCD_WR_data)
    i.LCD_WriteReg                           0x08000ac4   Section        0  lcd.o(i.LCD_WriteReg)
    i.MemManage_Handler                      0x08000ad8   Section        0  at32f421_int.o(i.MemManage_Handler)
    i.NMI_Handler                            0x08000adc   Section        0  at32f421_int.o(i.NMI_Handler)
    i.NVIC_EncodePriority                    0x08000ade   Section        0  at32f421_wk_config.o(i.NVIC_EncodePriority)
    NVIC_EncodePriority                      0x08000adf   Thumb Code    64  at32f421_wk_config.o(i.NVIC_EncodePriority)
    i.PendSV_Handler                         0x08000b1e   Section        0  at32f421_int.o(i.PendSV_Handler)
    i.SVC_Handler                            0x08000b20   Section        0  at32f421_int.o(i.SVC_Handler)
    i.SysTick_Handler                        0x08000b24   Section        0  at32f421_int.o(i.SysTick_Handler)
    i.SystemInit                             0x08000b5c   Section        0  system_at32f421.o(i.SystemInit)
    i.TranferPicturetoTFT_LCD                0x08000bc8   Section        0  lcd.o(i.TranferPicturetoTFT_LCD)
    i.USART1_IRQHandler                      0x08000c44   Section        0  at32f421_int.o(i.USART1_IRQHandler)
    i.UsageFault_Handler                     0x08000c46   Section        0  at32f421_int.o(i.UsageFault_Handler)
    i.__NVIC_GetPriorityGrouping             0x08000c4c   Section        0  at32f421_wk_config.o(i.__NVIC_GetPriorityGrouping)
    __NVIC_GetPriorityGrouping               0x08000c4d   Thumb Code    10  at32f421_wk_config.o(i.__NVIC_GetPriorityGrouping)
    i.__NVIC_SetPriority                     0x08000c5c   Section        0  at32f421_wk_config.o(i.__NVIC_SetPriority)
    __NVIC_SetPriority                       0x08000c5d   Thumb Code    32  at32f421_wk_config.o(i.__NVIC_SetPriority)
    i.__scatterload_copy                     0x08000c84   Section       14  handlers.o(i.__scatterload_copy)
    i.__scatterload_null                     0x08000c92   Section        2  handlers.o(i.__scatterload_null)
    i.__scatterload_zeroinit                 0x08000c94   Section       14  handlers.o(i.__scatterload_zeroinit)
    i.crm_ahb_div_set                        0x08000ca4   Section        0  at32f421_crm.o(i.crm_ahb_div_set)
    i.crm_apb1_div_set                       0x08000cb8   Section        0  at32f421_crm.o(i.crm_apb1_div_set)
    i.crm_apb2_div_set                       0x08000ccc   Section        0  at32f421_crm.o(i.crm_apb2_div_set)
    i.crm_auto_step_mode_enable              0x08000ce0   Section        0  at32f421_crm.o(i.crm_auto_step_mode_enable)
    i.crm_clock_source_enable                0x08000d08   Section        0  at32f421_crm.o(i.crm_clock_source_enable)
    i.crm_clocks_freq_get                    0x08000d68   Section        0  at32f421_crm.o(i.crm_clocks_freq_get)
    i.crm_flag_get                           0x08000f14   Section        0  at32f421_crm.o(i.crm_flag_get)
    i.crm_hext_stable_wait                   0x08000f44   Section        0  at32f421_crm.o(i.crm_hext_stable_wait)
    i.crm_periph_clock_enable                0x08000f74   Section        0  at32f421_crm.o(i.crm_periph_clock_enable)
    i.crm_pll_config                         0x08000fb8   Section        0  at32f421_crm.o(i.crm_pll_config)
    i.crm_reset                              0x080010cc   Section        0  at32f421_crm.o(i.crm_reset)
    i.crm_sysclk_switch                      0x08001130   Section        0  at32f421_crm.o(i.crm_sysclk_switch)
    i.crm_sysclk_switch_status_get           0x0800116c   Section        0  at32f421_crm.o(i.crm_sysclk_switch_status_get)
    i.dma_channel_enable                     0x0800117c   Section        0  at32f421_dma.o(i.dma_channel_enable)
    i.dma_default_para_init                  0x08001186   Section        0  at32f421_dma.o(i.dma_default_para_init)
    i.dma_flag_clear                         0x080011a0   Section        0  at32f421_dma.o(i.dma_flag_clear)
    i.dma_flag_get                           0x080011ac   Section        0  at32f421_dma.o(i.dma_flag_get)
    i.dma_init                               0x080011c8   Section        0  at32f421_dma.o(i.dma_init)
    i.dma_reset                              0x08001224   Section        0  at32f421_dma.o(i.dma_reset)
    i.gpio_bits_reset                        0x0800125c   Section        0  at32f421_gpio.o(i.gpio_bits_reset)
    i.gpio_bits_set                          0x08001260   Section        0  at32f421_gpio.o(i.gpio_bits_set)
    i.gpio_default_para_init                 0x08001264   Section        0  at32f421_gpio.o(i.gpio_default_para_init)
    i.gpio_init                              0x08001278   Section        0  at32f421_gpio.o(i.gpio_init)
    i.gpio_pin_mux_config                    0x080012f2   Section        0  at32f421_gpio.o(i.gpio_pin_mux_config)
    i.main                                   0x08001334   Section        0  main.o(i.main)
    i.nvic_irq_enable                        0x080013f8   Section        0  at32f421_misc.o(i.nvic_irq_enable)
    i.nvic_priority_group_config             0x080014c0   Section        0  at32f421_misc.o(i.nvic_priority_group_config)
    i.pwc_battery_powered_domain_access      0x080014e8   Section        0  at32f421_pwc.o(i.pwc_battery_powered_domain_access)
    i.set_mode                               0x080014fc   Section        0  lcd.o(i.set_mode)
    i.spi_byte_read                          0x08001554   Section        0  at32_spiflash.o(i.spi_byte_read)
    i.spi_byte_write                         0x08001560   Section        0  at32_spiflash.o(i.spi_byte_write)
    i.spi_bytes_read                         0x080015a8   Section        0  at32_spiflash.o(i.spi_bytes_read)
    i.spi_default_para_init                  0x080016ac   Section        0  at32f421_spi.o(i.spi_default_para_init)
    i.spi_enable                             0x080016c2   Section        0  at32f421_spi.o(i.spi_enable)
    i.spi_i2s_data_receive                   0x080016cc   Section        0  at32f421_spi.o(i.spi_i2s_data_receive)
    i.spi_i2s_data_transmit                  0x080016d4   Section        0  at32f421_spi.o(i.spi_i2s_data_transmit)
    i.spi_i2s_dma_receiver_enable            0x080016d8   Section        0  at32f421_spi.o(i.spi_i2s_dma_receiver_enable)
    i.spi_i2s_dma_transmitter_enable         0x080016e2   Section        0  at32f421_spi.o(i.spi_i2s_dma_transmitter_enable)
    i.spi_i2s_flag_get                       0x080016ec   Section        0  at32f421_spi.o(i.spi_i2s_flag_get)
    i.spi_init                               0x080016fc   Section        0  at32f421_spi.o(i.spi_init)
    i.spiflash_init                          0x08001820   Section        0  at32_spiflash.o(i.spiflash_init)
    i.spiflash_read                          0x080018e4   Section        0  at32_spiflash.o(i.spiflash_read)
    i.spiflash_read_id                       0x08001926   Section        0  at32_spiflash.o(i.spiflash_read_id)
    i.system_core_clock_update               0x08001968   Section        0  system_at32f421.o(i.system_core_clock_update)
    i.systick_clock_source_config            0x08001abc   Section        0  at32f421_misc.o(i.systick_clock_source_config)
    i.usart_data_transmit                    0x08001ae4   Section        0  at32f421_usart.o(i.usart_data_transmit)
    i.usart_enable                           0x08001aec   Section        0  at32f421_usart.o(i.usart_enable)
    i.usart_hardware_flow_control_set        0x08001af6   Section        0  at32f421_usart.o(i.usart_hardware_flow_control_set)
    i.usart_init                             0x08001b5c   Section        0  at32f421_usart.o(i.usart_init)
    i.usart_parity_selection_config          0x08001bc8   Section        0  at32f421_usart.o(i.usart_parity_selection_config)
    i.usart_receiver_enable                  0x08001c14   Section        0  at32f421_usart.o(i.usart_receiver_enable)
    i.usart_transmitter_enable               0x08001c1e   Section        0  at32f421_usart.o(i.usart_transmitter_enable)
    i.wdt_counter_reload                     0x08001c28   Section        0  at32f421_wdt.o(i.wdt_counter_reload)
    i.wdt_divider_set                        0x08001c38   Section        0  at32f421_wdt.o(i.wdt_divider_set)
    i.wdt_register_write_enable              0x08001c4c   Section        0  at32f421_wdt.o(i.wdt_register_write_enable)
    i.wdt_reload_value_set                   0x08001c64   Section        0  at32f421_wdt.o(i.wdt_reload_value_set)
    i.wk_delay_ms                            0x08001c70   Section        0  wk_system.o(i.wk_delay_ms)
    i.wk_dma1_channel1_init                  0x08001c90   Section        0  wk_dma.o(i.wk_dma1_channel1_init)
    i.wk_dma_channel_config                  0x08001cdc   Section        0  wk_dma.o(i.wk_dma_channel_config)
    i.wk_gpio_config                         0x08001ce4   Section        0  wk_gpio.o(i.wk_gpio_config)
    i.wk_nvic_config                         0x08001d90   Section        0  at32f421_wk_config.o(i.wk_nvic_config)
    i.wk_periph_clock_config                 0x08001e5c   Section        0  at32f421_wk_config.o(i.wk_periph_clock_config)
    i.wk_system_clock_config                 0x08001eb4   Section        0  at32f421_wk_config.o(i.wk_system_clock_config)
    i.wk_timebase_get                        0x08001f94   Section        0  wk_system.o(i.wk_timebase_get)
    i.wk_timebase_handler                    0x08001fa0   Section        0  wk_system.o(i.wk_timebase_handler)
    i.wk_timebase_increase                   0x08001fa8   Section        0  wk_system.o(i.wk_timebase_increase)
    i.wk_timebase_init                       0x08001fb8   Section        0  wk_system.o(i.wk_timebase_init)
    i.wk_usart1_init                         0x08001ff0   Section        0  wk_usart.o(i.wk_usart1_init)
    i.wk_wdt_init                            0x08002098   Section        0  wk_wdt.o(i.wk_wdt_init)
    .constdata                               0x080020b2   Section       40  at32f421_crm.o(.constdata)
    sclk_ahb_div_table                       0x080020b2   Data          16  at32f421_crm.o(.constdata)
    ahb_apb1_div_table                       0x080020c2   Data           8  at32f421_crm.o(.constdata)
    ahb_apb2_div_table                       0x080020ca   Data           8  at32f421_crm.o(.constdata)
    adc_div_table                            0x080020d2   Data           8  at32f421_crm.o(.constdata)
    .constdata                               0x080020da   Section       16  system_at32f421.o(.constdata)
    sys_ahb_div_table                        0x080020da   Data          16  system_at32f421.o(.constdata)
    .constdata                               0x080020ec   Section    25260  lcd.o(.constdata)
    .data                                    0x20000000   Section        4  at32f421_int.o(.data)
    ms_Count                                 0x20000000   Data           4  at32f421_int.o(.data)
    .data                                    0x20000004   Section       12  main.o(.data)
    .data                                    0x20000010   Section        4  wk_system.o(.data)
    .data                                    0x20000014   Section        4  system_at32f421.o(.data)
    .bss                                     0x20000018   Section     4110  lcd.o(.bss)
    Read_data                                0x20000026   Data        4096  lcd.o(.bss)
    STACK                                    0x20001028   Section     1024  startup_at32f421.o(STACK)

    Global Symbols

    Symbol Name                              Value     Ov Type        Size  Object(Section)

    BuildAttributes$$THM_ISAv4$E$P$D$K$B$S$7EM$PE$A:L22UL41UL21$X:L11$S22US41US21$IEEE1$IW$USESV6$~STKCKD$USESV7$~SHL$OTIME$ROPI$EBA8$MICROLIB$REQ8$PRES8$EABIv2 0x00000000   Number         0  anon$$obj.o ABSOLUTE
    __ARM_use_no_argv                        0x00000000   Number         0  main.o ABSOLUTE
    __arm_fini_                               - Undefined Weak Reference
    __cpp_initialize__aeabi_                  - Undefined Weak Reference
    __cxa_finalize                            - Undefined Weak Reference
    __decompress                              - Undefined Weak Reference
    _clock_init                               - Undefined Weak Reference
    _microlib_exit                            - Undefined Weak Reference
    __Vectors_Size                           0x000000cc   Number         0  startup_at32f421.o ABSOLUTE
    __Vectors                                0x08000000   Data           4  startup_at32f421.o(RESET)
    __Vectors_End                            0x080000cc   Data           0  startup_at32f421.o(RESET)
    __main                                   0x080000cd   Thumb Code     0  entry.o(.ARM.Collect$$$$00000000)
    _main_stk                                0x080000cd   Thumb Code     0  entry2.o(.ARM.Collect$$$$00000001)
    _main_scatterload                        0x080000d1   Thumb Code     0  entry5.o(.ARM.Collect$$$$00000004)
    __main_after_scatterload                 0x080000d5   Thumb Code     0  entry5.o(.ARM.Collect$$$$00000004)
    _main_clock                              0x080000d5   Thumb Code     0  entry7b.o(.ARM.Collect$$$$00000008)
    _main_cpp_init                           0x080000d5   Thumb Code     0  entry8b.o(.ARM.Collect$$$$0000000A)
    _main_init                               0x080000d5   Thumb Code     0  entry9a.o(.ARM.Collect$$$$0000000B)
    __rt_lib_shutdown_fini                   0x080000dd   Thumb Code     0  entry12b.o(.ARM.Collect$$$$0000000E)
    __rt_final_cpp                           0x080000e1   Thumb Code     0  entry10a.o(.ARM.Collect$$$$0000000F)
    __rt_final_exit                          0x080000e1   Thumb Code     0  entry11a.o(.ARM.Collect$$$$00000011)
    Reset_Handler                            0x080000e5   Thumb Code     8  startup_at32f421.o(.text)
    ADC1_CMP_IRQHandler                      0x080000ff   Thumb Code     0  startup_at32f421.o(.text)
    CRM_IRQHandler                           0x080000ff   Thumb Code     0  startup_at32f421.o(.text)
    DMA1_Channel1_IRQHandler                 0x080000ff   Thumb Code     0  startup_at32f421.o(.text)
    DMA1_Channel3_2_IRQHandler               0x080000ff   Thumb Code     0  startup_at32f421.o(.text)
    DMA1_Channel5_4_IRQHandler               0x080000ff   Thumb Code     0  startup_at32f421.o(.text)
    ERTC_IRQHandler                          0x080000ff   Thumb Code     0  startup_at32f421.o(.text)
    EXINT15_4_IRQHandler                     0x080000ff   Thumb Code     0  startup_at32f421.o(.text)
    EXINT1_0_IRQHandler                      0x080000ff   Thumb Code     0  startup_at32f421.o(.text)
    EXINT3_2_IRQHandler                      0x080000ff   Thumb Code     0  startup_at32f421.o(.text)
    FLASH_IRQHandler                         0x080000ff   Thumb Code     0  startup_at32f421.o(.text)
    I2C1_ERR_IRQHandler                      0x080000ff   Thumb Code     0  startup_at32f421.o(.text)
    I2C1_EVT_IRQHandler                      0x080000ff   Thumb Code     0  startup_at32f421.o(.text)
    I2C2_ERR_IRQHandler                      0x080000ff   Thumb Code     0  startup_at32f421.o(.text)
    I2C2_EVT_IRQHandler                      0x080000ff   Thumb Code     0  startup_at32f421.o(.text)
    PVM_IRQHandler                           0x080000ff   Thumb Code     0  startup_at32f421.o(.text)
    SPI1_IRQHandler                          0x080000ff   Thumb Code     0  startup_at32f421.o(.text)
    SPI2_IRQHandler                          0x080000ff   Thumb Code     0  startup_at32f421.o(.text)
    TMR14_GLOBAL_IRQHandler                  0x080000ff   Thumb Code     0  startup_at32f421.o(.text)
    TMR15_GLOBAL_IRQHandler                  0x080000ff   Thumb Code     0  startup_at32f421.o(.text)
    TMR16_GLOBAL_IRQHandler                  0x080000ff   Thumb Code     0  startup_at32f421.o(.text)
    TMR17_GLOBAL_IRQHandler                  0x080000ff   Thumb Code     0  startup_at32f421.o(.text)
    TMR1_BRK_OVF_TRG_HALL_IRQHandler         0x080000ff   Thumb Code     0  startup_at32f421.o(.text)
    TMR1_CH_IRQHandler                       0x080000ff   Thumb Code     0  startup_at32f421.o(.text)
    TMR3_GLOBAL_IRQHandler                   0x080000ff   Thumb Code     0  startup_at32f421.o(.text)
    TMR6_GLOBAL_IRQHandler                   0x080000ff   Thumb Code     0  startup_at32f421.o(.text)
    USART2_IRQHandler                        0x080000ff   Thumb Code     0  startup_at32f421.o(.text)
    WWDT_IRQHandler                          0x080000ff   Thumb Code     0  startup_at32f421.o(.text)
    __aeabi_uldivmod                         0x08000109   Thumb Code    98  uldiv.o(.text)
    __aeabi_fmul                             0x0800016b   Thumb Code   100  fmul.o(.text)
    __aeabi_fdiv                             0x080001cf   Thumb Code   124  fdiv.o(.text)
    __aeabi_i2f                              0x0800024b   Thumb Code    18  fflti.o(.text)
    __aeabi_ui2f                             0x0800025d   Thumb Code    10  ffltui.o(.text)
    __aeabi_f2uiz                            0x08000267   Thumb Code    40  ffixui.o(.text)
    __aeabi_llsl                             0x0800028f   Thumb Code    30  llshl.o(.text)
    _ll_shift_l                              0x0800028f   Thumb Code     0  llshl.o(.text)
    __aeabi_llsr                             0x080002ad   Thumb Code    32  llushr.o(.text)
    _ll_ushift_r                             0x080002ad   Thumb Code     0  llushr.o(.text)
    __I$use$fp                               0x080002cd   Thumb Code     0  iusefp.o(.text)
    _float_round                             0x080002cd   Thumb Code    18  fepilogue.o(.text)
    _float_epilogue                          0x080002df   Thumb Code    92  fepilogue.o(.text)
    __scatterload                            0x0800033d   Thumb Code    28  init.o(.text)
    __scatterload_rt2                        0x0800033d   Thumb Code     0  init.o(.text)
    BusFault_Handler                         0x08000361   Thumb Code     4  at32f421_int.o(i.BusFault_Handler)
    DebugMon_Handler                         0x08000365   Thumb Code     2  at32f421_int.o(i.DebugMon_Handler)
    DrawProgressBar                          0x08000369   Thumb Code   126  lcd.o(i.DrawProgressBar)
    HardFault_Handler                        0x080003f1   Thumb Code     4  at32f421_int.o(i.HardFault_Handler)
    LCD_Address_Set                          0x080003f5   Thumb Code    82  lcd.o(i.LCD_Address_Set)
    LCD_Clear                                0x08000449   Thumb Code    68  lcd.o(i.LCD_Clear)
    LCD_Display_Dir                          0x08000491   Thumb Code    76  lcd.o(i.LCD_Display_Dir)
    LCD_DrawPoint                            0x080004e1   Thumb Code    28  lcd.o(i.LCD_DrawPoint)
    LCD_Fill                                 0x080004fd   Thumb Code    74  lcd.o(i.LCD_Fill)
    LCD_Init                                 0x08000549   Thumb Code   552  lcd.o(i.LCD_Init)
    LCD_RD_DATA                              0x08000779   Thumb Code    66  lcd.o(i.LCD_RD_DATA)
    LCD_Scan_Dir                             0x080007c5   Thumb Code   280  lcd.o(i.LCD_Scan_Dir)
    LCD_ShowChar1                            0x080008e1   Thumb Code   162  lcd.o(i.LCD_ShowChar1)
    LCD_ShowPicture                          0x0800098d   Thumb Code   110  lcd.o(i.LCD_ShowPicture)
    LCD_WR_DATA                              0x080009fd   Thumb Code    50  lcd.o(i.LCD_WR_DATA)
    LCD_WR_REG                               0x08000a39   Thumb Code    70  lcd.o(i.LCD_WR_REG)
    LCD_WR_data                              0x08000a89   Thumb Code    50  lcd.o(i.LCD_WR_data)
    LCD_WriteReg                             0x08000ac5   Thumb Code    20  lcd.o(i.LCD_WriteReg)
    MemManage_Handler                        0x08000ad9   Thumb Code     4  at32f421_int.o(i.MemManage_Handler)
    NMI_Handler                              0x08000add   Thumb Code     2  at32f421_int.o(i.NMI_Handler)
    PendSV_Handler                           0x08000b1f   Thumb Code     2  at32f421_int.o(i.PendSV_Handler)
    SVC_Handler                              0x08000b21   Thumb Code     2  at32f421_int.o(i.SVC_Handler)
    SysTick_Handler                          0x08000b25   Thumb Code    42  at32f421_int.o(i.SysTick_Handler)
    SystemInit                               0x08000b5d   Thumb Code    96  system_at32f421.o(i.SystemInit)
    TranferPicturetoTFT_LCD                  0x08000bc9   Thumb Code   120  lcd.o(i.TranferPicturetoTFT_LCD)
    USART1_IRQHandler                        0x08000c45   Thumb Code     2  at32f421_int.o(i.USART1_IRQHandler)
    UsageFault_Handler                       0x08000c47   Thumb Code     4  at32f421_int.o(i.UsageFault_Handler)
    __scatterload_copy                       0x08000c85   Thumb Code    14  handlers.o(i.__scatterload_copy)
    __scatterload_null                       0x08000c93   Thumb Code     2  handlers.o(i.__scatterload_null)
    __scatterload_zeroinit                   0x08000c95   Thumb Code    14  handlers.o(i.__scatterload_zeroinit)
    crm_ahb_div_set                          0x08000ca5   Thumb Code    14  at32f421_crm.o(i.crm_ahb_div_set)
    crm_apb1_div_set                         0x08000cb9   Thumb Code    14  at32f421_crm.o(i.crm_apb1_div_set)
    crm_apb2_div_set                         0x08000ccd   Thumb Code    14  at32f421_crm.o(i.crm_apb2_div_set)
    crm_auto_step_mode_enable                0x08000ce1   Thumb Code    34  at32f421_crm.o(i.crm_auto_step_mode_enable)
    crm_clock_source_enable                  0x08000d09   Thumb Code    90  at32f421_crm.o(i.crm_clock_source_enable)
    crm_clocks_freq_get                      0x08000d69   Thumb Code   396  at32f421_crm.o(i.crm_clocks_freq_get)
    crm_flag_get                             0x08000f15   Thumb Code    42  at32f421_crm.o(i.crm_flag_get)
    crm_hext_stable_wait                     0x08000f45   Thumb Code    46  at32f421_crm.o(i.crm_hext_stable_wait)
    crm_periph_clock_enable                  0x08000f75   Thumb Code    62  at32f421_crm.o(i.crm_periph_clock_enable)
    crm_pll_config                           0x08000fb9   Thumb Code   224  at32f421_crm.o(i.crm_pll_config)
    crm_reset                                0x080010cd   Thumb Code    90  at32f421_crm.o(i.crm_reset)
    crm_sysclk_switch                        0x08001131   Thumb Code    54  at32f421_crm.o(i.crm_sysclk_switch)
    crm_sysclk_switch_status_get             0x0800116d   Thumb Code    10  at32f421_crm.o(i.crm_sysclk_switch_status_get)
    dma_channel_enable                       0x0800117d   Thumb Code    10  at32f421_dma.o(i.dma_channel_enable)
    dma_default_para_init                    0x08001187   Thumb Code    24  at32f421_dma.o(i.dma_default_para_init)
    dma_flag_clear                           0x080011a1   Thumb Code     6  at32f421_dma.o(i.dma_flag_clear)
    dma_flag_get                             0x080011ad   Thumb Code    24  at32f421_dma.o(i.dma_flag_get)
    dma_init                                 0x080011c9   Thumb Code    92  at32f421_dma.o(i.dma_init)
    dma_reset                                0x08001225   Thumb Code    50  at32f421_dma.o(i.dma_reset)
    gpio_bits_reset                          0x0800125d   Thumb Code     4  at32f421_gpio.o(i.gpio_bits_reset)
    gpio_bits_set                            0x08001261   Thumb Code     4  at32f421_gpio.o(i.gpio_bits_set)
    gpio_default_para_init                   0x08001265   Thumb Code    20  at32f421_gpio.o(i.gpio_default_para_init)
    gpio_init                                0x08001279   Thumb Code   122  at32f421_gpio.o(i.gpio_init)
    gpio_pin_mux_config                      0x080012f3   Thumb Code    66  at32f421_gpio.o(i.gpio_pin_mux_config)
    main                                     0x08001335   Thumb Code   186  main.o(i.main)
    nvic_irq_enable                          0x080013f9   Thumb Code   190  at32f421_misc.o(i.nvic_irq_enable)
    nvic_priority_group_config               0x080014c1   Thumb Code    32  at32f421_misc.o(i.nvic_priority_group_config)
    pwc_battery_powered_domain_access        0x080014e9   Thumb Code    14  at32f421_pwc.o(i.pwc_battery_powered_domain_access)
    set_mode                                 0x080014fd   Thumb Code    82  lcd.o(i.set_mode)
    spi_byte_read                            0x08001555   Thumb Code    10  at32_spiflash.o(i.spi_byte_read)
    spi_byte_write                           0x08001561   Thumb Code    68  at32_spiflash.o(i.spi_byte_write)
    spi_bytes_read                           0x080015a9   Thumb Code   250  at32_spiflash.o(i.spi_bytes_read)
    spi_default_para_init                    0x080016ad   Thumb Code    22  at32f421_spi.o(i.spi_default_para_init)
    spi_enable                               0x080016c3   Thumb Code    10  at32f421_spi.o(i.spi_enable)
    spi_i2s_data_receive                     0x080016cd   Thumb Code     8  at32f421_spi.o(i.spi_i2s_data_receive)
    spi_i2s_data_transmit                    0x080016d5   Thumb Code     4  at32f421_spi.o(i.spi_i2s_data_transmit)
    spi_i2s_dma_receiver_enable              0x080016d9   Thumb Code    10  at32f421_spi.o(i.spi_i2s_dma_receiver_enable)
    spi_i2s_dma_transmitter_enable           0x080016e3   Thumb Code    10  at32f421_spi.o(i.spi_i2s_dma_transmitter_enable)
    spi_i2s_flag_get                         0x080016ed   Thumb Code    16  at32f421_spi.o(i.spi_i2s_flag_get)
    spi_init                                 0x080016fd   Thumb Code   292  at32f421_spi.o(i.spi_init)
    spiflash_init                            0x08001821   Thumb Code   184  at32_spiflash.o(i.spiflash_init)
    spiflash_read                            0x080018e5   Thumb Code    66  at32_spiflash.o(i.spiflash_read)
    spiflash_read_id                         0x08001927   Thumb Code    66  at32_spiflash.o(i.spiflash_read_id)
    system_core_clock_update                 0x08001969   Thumb Code   316  system_at32f421.o(i.system_core_clock_update)
    systick_clock_source_config              0x08001abd   Thumb Code    40  at32f421_misc.o(i.systick_clock_source_config)
    usart_data_transmit                      0x08001ae5   Thumb Code     8  at32f421_usart.o(i.usart_data_transmit)
    usart_enable                             0x08001aed   Thumb Code    10  at32f421_usart.o(i.usart_enable)
    usart_hardware_flow_control_set          0x08001af7   Thumb Code   102  at32f421_usart.o(i.usart_hardware_flow_control_set)
    usart_init                               0x08001b5d   Thumb Code   102  at32f421_usart.o(i.usart_init)
    usart_parity_selection_config            0x08001bc9   Thumb Code    76  at32f421_usart.o(i.usart_parity_selection_config)
    usart_receiver_enable                    0x08001c15   Thumb Code    10  at32f421_usart.o(i.usart_receiver_enable)
    usart_transmitter_enable                 0x08001c1f   Thumb Code    10  at32f421_usart.o(i.usart_transmitter_enable)
    wdt_counter_reload                       0x08001c29   Thumb Code    10  at32f421_wdt.o(i.wdt_counter_reload)
    wdt_divider_set                          0x08001c39   Thumb Code    14  at32f421_wdt.o(i.wdt_divider_set)
    wdt_register_write_enable                0x08001c4d   Thumb Code    20  at32f421_wdt.o(i.wdt_register_write_enable)
    wdt_reload_value_set                     0x08001c65   Thumb Code     6  at32f421_wdt.o(i.wdt_reload_value_set)
    wk_delay_ms                              0x08001c71   Thumb Code    30  wk_system.o(i.wk_delay_ms)
    wk_dma1_channel1_init                    0x08001c91   Thumb Code    70  wk_dma.o(i.wk_dma1_channel1_init)
    wk_dma_channel_config                    0x08001cdd   Thumb Code     8  wk_dma.o(i.wk_dma_channel_config)
    wk_gpio_config                           0x08001ce5   Thumb Code   162  wk_gpio.o(i.wk_gpio_config)
    wk_nvic_config                           0x08001d91   Thumb Code   202  at32f421_wk_config.o(i.wk_nvic_config)
    wk_periph_clock_config                   0x08001e5d   Thumb Code    80  at32f421_wk_config.o(i.wk_periph_clock_config)
    wk_system_clock_config                   0x08001eb5   Thumb Code   212  at32f421_wk_config.o(i.wk_system_clock_config)
    wk_timebase_get                          0x08001f95   Thumb Code     6  wk_system.o(i.wk_timebase_get)
    wk_timebase_handler                      0x08001fa1   Thumb Code     8  wk_system.o(i.wk_timebase_handler)
    wk_timebase_increase                     0x08001fa9   Thumb Code    12  wk_system.o(i.wk_timebase_increase)
    wk_timebase_init                         0x08001fb9   Thumb Code    56  wk_system.o(i.wk_timebase_init)
    wk_usart1_init                           0x08001ff1   Thumb Code   162  wk_usart.o(i.wk_usart1_init)
    wk_wdt_init                              0x08002099   Thumb Code    26  wk_wdt.o(i.wk_wdt_init)
    ascii_1206                               0x080020ec   Data        1140  lcd.o(.constdata)
    ascii_1608                               0x08002560   Data        1520  lcd.o(.constdata)
    ascii_2412                               0x08002b50   Data        4560  lcd.o(.constdata)
    ascii_3216                               0x08003d20   Data        6080  lcd.o(.constdata)
    ascii_4020                               0x080054e0   Data         240  lcd.o(.constdata)
    ascii_6432                               0x080055d0   Data         768  lcd.o(.constdata)
    tfont12                                  0x080058d0   Data          26  lcd.o(.constdata)
    tfont16                                  0x080058ea   Data          34  lcd.o(.constdata)
    tfont24                                  0x0800590c   Data          74  lcd.o(.constdata)
    tfont32                                  0x08005956   Data         130  lcd.o(.constdata)
    GBK6464                                  0x080059d8   Data       10240  lcd.o(.constdata)
    gImage_1                                 0x080081d8   Data         448  lcd.o(.constdata)
    Region$$Table$$Base                      0x08008398   Number         0  anon$$obj.o(Region$$Table)
    Region$$Table$$Limit                     0x080083b8   Number         0  anon$$obj.o(Region$$Table)
    FPS                                      0x20000004   Data           4  main.o(.data)
    FPS_Count                                0x20000008   Data           4  main.o(.data)
    id                                       0x2000000c   Data           4  main.o(.data)
    timebase_ticks                           0x20000010   Data           4  wk_system.o(.data)
    system_core_clock                        0x20000014   Data           4  system_at32f421.o(.data)
    lcddev                                   0x20000018   Data          14  lcd.o(.bss)
    __initial_sp                             0x20001428   Data           0  startup_at32f421.o(STACK)



==============================================================================

Memory Map of the image

  Image Entry point : 0x080000cd

  Load Region LR_IROM1 (Base: 0x08000000, Size: 0x000083d0, Max: 0x00010000, ABSOLUTE)

    Execution Region ER_IROM1 (Exec base: 0x08000000, Load base: 0x08000000, Size: 0x000083b8, Max: 0x00010000, ABSOLUTE)

    Exec Addr    Load Addr    Size         Type   Attr      Idx    E Section Name        Object

    0x08000000   0x08000000   0x000000cc   Data   RO         1785    RESET               startup_at32f421.o
    0x080000cc   0x080000cc   0x00000000   Code   RO         2131  * .ARM.Collect$$$$00000000  mc_w.l(entry.o)
    0x080000cc   0x080000cc   0x00000004   Code   RO         2146    .ARM.Collect$$$$00000001  mc_w.l(entry2.o)
    0x080000d0   0x080000d0   0x00000004   Code   RO         2149    .ARM.Collect$$$$00000004  mc_w.l(entry5.o)
    0x080000d4   0x080000d4   0x00000000   Code   RO         2151    .ARM.Collect$$$$00000008  mc_w.l(entry7b.o)
    0x080000d4   0x080000d4   0x00000000   Code   RO         2153    .ARM.Collect$$$$0000000A  mc_w.l(entry8b.o)
    0x080000d4   0x080000d4   0x00000008   Code   RO         2154    .ARM.Collect$$$$0000000B  mc_w.l(entry9a.o)
    0x080000dc   0x080000dc   0x00000004   Code   RO         2161    .ARM.Collect$$$$0000000E  mc_w.l(entry12b.o)
    0x080000e0   0x080000e0   0x00000000   Code   RO         2156    .ARM.Collect$$$$0000000F  mc_w.l(entry10a.o)
    0x080000e0   0x080000e0   0x00000000   Code   RO         2158    .ARM.Collect$$$$00000011  mc_w.l(entry11a.o)
    0x080000e0   0x080000e0   0x00000004   Code   RO         2147    .ARM.Collect$$$$00002712  mc_w.l(entry2.o)
    0x080000e4   0x080000e4   0x00000024   Code   RO         1786    .text               startup_at32f421.o
    0x08000108   0x08000108   0x00000062   Code   RO         2134    .text               mc_w.l(uldiv.o)
    0x0800016a   0x0800016a   0x00000064   Code   RO         2136    .text               mf_w.l(fmul.o)
    0x080001ce   0x080001ce   0x0000007c   Code   RO         2138    .text               mf_w.l(fdiv.o)
    0x0800024a   0x0800024a   0x00000012   Code   RO         2140    .text               mf_w.l(fflti.o)
    0x0800025c   0x0800025c   0x0000000a   Code   RO         2142    .text               mf_w.l(ffltui.o)
    0x08000266   0x08000266   0x00000028   Code   RO         2144    .text               mf_w.l(ffixui.o)
    0x0800028e   0x0800028e   0x0000001e   Code   RO         2162    .text               mc_w.l(llshl.o)
    0x080002ac   0x080002ac   0x00000020   Code   RO         2164    .text               mc_w.l(llushr.o)
    0x080002cc   0x080002cc   0x00000000   Code   RO         2166    .text               mc_w.l(iusefp.o)
    0x080002cc   0x080002cc   0x0000006e   Code   RO         2167    .text               mf_w.l(fepilogue.o)
    0x0800033a   0x0800033a   0x00000002   PAD
    0x0800033c   0x0800033c   0x00000024   Code   RO         2169    .text               mc_w.l(init.o)
    0x08000360   0x08000360   0x00000004   Code   RO            4    i.BusFault_Handler  at32f421_int.o
    0x08000364   0x08000364   0x00000002   Code   RO            5    i.DebugMon_Handler  at32f421_int.o
    0x08000366   0x08000366   0x00000002   PAD
    0x08000368   0x08000368   0x00000088   Code   RO         1793    i.DrawProgressBar   lcd.o
    0x080003f0   0x080003f0   0x00000004   Code   RO            6    i.HardFault_Handler  at32f421_int.o
    0x080003f4   0x080003f4   0x00000052   Code   RO         1795    i.LCD_Address_Set   lcd.o
    0x08000446   0x08000446   0x00000002   PAD
    0x08000448   0x08000448   0x00000048   Code   RO         1796    i.LCD_Clear         lcd.o
    0x08000490   0x08000490   0x00000050   Code   RO         1799    i.LCD_Display_Dir   lcd.o
    0x080004e0   0x080004e0   0x0000001c   Code   RO         1801    i.LCD_DrawPoint     lcd.o
    0x080004fc   0x080004fc   0x0000004a   Code   RO         1803    i.LCD_Fill          lcd.o
    0x08000546   0x08000546   0x00000002   PAD
    0x08000548   0x08000548   0x00000230   Code   RO         1804    i.LCD_Init          lcd.o
    0x08000778   0x08000778   0x0000004c   Code   RO         1805    i.LCD_RD_DATA       lcd.o
    0x080007c4   0x080007c4   0x0000011c   Code   RO         1806    i.LCD_Scan_Dir      lcd.o
    0x080008e0   0x080008e0   0x000000ac   Code   RO         1809    i.LCD_ShowChar1     lcd.o
    0x0800098c   0x0800098c   0x0000006e   Code   RO         1817    i.LCD_ShowPicture   lcd.o
    0x080009fa   0x080009fa   0x00000002   PAD
    0x080009fc   0x080009fc   0x0000003c   Code   RO         1819    i.LCD_WR_DATA       lcd.o
    0x08000a38   0x08000a38   0x00000050   Code   RO         1820    i.LCD_WR_REG        lcd.o
    0x08000a88   0x08000a88   0x0000003c   Code   RO         1821    i.LCD_WR_data       lcd.o
    0x08000ac4   0x08000ac4   0x00000014   Code   RO         1822    i.LCD_WriteReg      lcd.o
    0x08000ad8   0x08000ad8   0x00000004   Code   RO            7    i.MemManage_Handler  at32f421_int.o
    0x08000adc   0x08000adc   0x00000002   Code   RO            8    i.NMI_Handler       at32f421_int.o
    0x08000ade   0x08000ade   0x00000040   Code   RO          158    i.NVIC_EncodePriority  at32f421_wk_config.o
    0x08000b1e   0x08000b1e   0x00000002   Code   RO            9    i.PendSV_Handler    at32f421_int.o
    0x08000b20   0x08000b20   0x00000002   Code   RO           10    i.SVC_Handler       at32f421_int.o
    0x08000b22   0x08000b22   0x00000002   PAD
    0x08000b24   0x08000b24   0x00000038   Code   RO           11    i.SysTick_Handler   at32f421_int.o
    0x08000b5c   0x08000b5c   0x0000006c   Code   RO         1749    i.SystemInit        system_at32f421.o
    0x08000bc8   0x08000bc8   0x0000007c   Code   RO         1824    i.TranferPicturetoTFT_LCD  lcd.o
    0x08000c44   0x08000c44   0x00000002   Code   RO           12    i.USART1_IRQHandler  at32f421_int.o
    0x08000c46   0x08000c46   0x00000004   Code   RO           13    i.UsageFault_Handler  at32f421_int.o
    0x08000c4a   0x08000c4a   0x00000002   PAD
    0x08000c4c   0x08000c4c   0x00000010   Code   RO          159    i.__NVIC_GetPriorityGrouping  at32f421_wk_config.o
    0x08000c5c   0x08000c5c   0x00000028   Code   RO          160    i.__NVIC_SetPriority  at32f421_wk_config.o
    0x08000c84   0x08000c84   0x0000000e   Code   RO         2173    i.__scatterload_copy  mc_w.l(handlers.o)
    0x08000c92   0x08000c92   0x00000002   Code   RO         2174    i.__scatterload_null  mc_w.l(handlers.o)
    0x08000c94   0x08000c94   0x0000000e   Code   RO         2175    i.__scatterload_zeroinit  mc_w.l(handlers.o)
    0x08000ca2   0x08000ca2   0x00000002   PAD
    0x08000ca4   0x08000ca4   0x00000014   Code   RO          460    i.crm_ahb_div_set   at32f421_crm.o
    0x08000cb8   0x08000cb8   0x00000014   Code   RO          461    i.crm_apb1_div_set  at32f421_crm.o
    0x08000ccc   0x08000ccc   0x00000014   Code   RO          462    i.crm_apb2_div_set  at32f421_crm.o
    0x08000ce0   0x08000ce0   0x00000028   Code   RO          463    i.crm_auto_step_mode_enable  at32f421_crm.o
    0x08000d08   0x08000d08   0x00000060   Code   RO          468    i.crm_clock_source_enable  at32f421_crm.o
    0x08000d68   0x08000d68   0x000001ac   Code   RO          469    i.crm_clocks_freq_get  at32f421_crm.o
    0x08000f14   0x08000f14   0x00000030   Code   RO          473    i.crm_flag_get      at32f421_crm.o
    0x08000f44   0x08000f44   0x0000002e   Code   RO          475    i.crm_hext_stable_wait  at32f421_crm.o
    0x08000f72   0x08000f72   0x00000002   PAD
    0x08000f74   0x08000f74   0x00000044   Code   RO          483    i.crm_periph_clock_enable  at32f421_crm.o
    0x08000fb8   0x08000fb8   0x00000114   Code   RO          486    i.crm_pll_config    at32f421_crm.o
    0x080010cc   0x080010cc   0x00000064   Code   RO          488    i.crm_reset         at32f421_crm.o
    0x08001130   0x08001130   0x0000003c   Code   RO          489    i.crm_sysclk_switch  at32f421_crm.o
    0x0800116c   0x0800116c   0x00000010   Code   RO          490    i.crm_sysclk_switch_status_get  at32f421_crm.o
    0x0800117c   0x0800117c   0x0000000a   Code   RO         1222    i.dma_channel_enable  at32f421_dma.o
    0x08001186   0x08001186   0x00000018   Code   RO         1225    i.dma_default_para_init  at32f421_dma.o
    0x0800119e   0x0800119e   0x00000002   PAD
    0x080011a0   0x080011a0   0x0000000c   Code   RO         1226    i.dma_flag_clear    at32f421_dma.o
    0x080011ac   0x080011ac   0x0000001c   Code   RO         1227    i.dma_flag_get      at32f421_dma.o
    0x080011c8   0x080011c8   0x0000005c   Code   RO         1228    i.dma_init          at32f421_dma.o
    0x08001224   0x08001224   0x00000038   Code   RO         1231    i.dma_reset         at32f421_dma.o
    0x0800125c   0x0800125c   0x00000004   Code   RO          670    i.gpio_bits_reset   at32f421_gpio.o
    0x08001260   0x08001260   0x00000004   Code   RO          671    i.gpio_bits_set     at32f421_gpio.o
    0x08001264   0x08001264   0x00000014   Code   RO          673    i.gpio_default_para_init  at32f421_gpio.o
    0x08001278   0x08001278   0x0000007a   Code   RO          674    i.gpio_init         at32f421_gpio.o
    0x080012f2   0x080012f2   0x00000042   Code   RO          679    i.gpio_pin_mux_config  at32f421_gpio.o
    0x08001334   0x08001334   0x000000c4   Code   RO          221    i.main              main.o
    0x080013f8   0x080013f8   0x000000c8   Code   RO         1608    i.nvic_irq_enable   at32f421_misc.o
    0x080014c0   0x080014c0   0x00000028   Code   RO         1610    i.nvic_priority_group_config  at32f421_misc.o
    0x080014e8   0x080014e8   0x00000014   Code   RO          976    i.pwc_battery_powered_domain_access  at32f421_pwc.o
    0x080014fc   0x080014fc   0x00000058   Code   RO         1826    i.set_mode          lcd.o
    0x08001554   0x08001554   0x0000000a   Code   RO         2029    i.spi_byte_read     at32_spiflash.o
    0x0800155e   0x0800155e   0x00000002   PAD
    0x08001560   0x08001560   0x00000048   Code   RO         2030    i.spi_byte_write    at32_spiflash.o
    0x080015a8   0x080015a8   0x00000104   Code   RO         2031    i.spi_bytes_read    at32_spiflash.o
    0x080016ac   0x080016ac   0x00000016   Code   RO         1068    i.spi_default_para_init  at32f421_spi.o
    0x080016c2   0x080016c2   0x0000000a   Code   RO         1069    i.spi_enable        at32f421_spi.o
    0x080016cc   0x080016cc   0x00000008   Code   RO         1073    i.spi_i2s_data_receive  at32f421_spi.o
    0x080016d4   0x080016d4   0x00000004   Code   RO         1074    i.spi_i2s_data_transmit  at32f421_spi.o
    0x080016d8   0x080016d8   0x0000000a   Code   RO         1075    i.spi_i2s_dma_receiver_enable  at32f421_spi.o
    0x080016e2   0x080016e2   0x0000000a   Code   RO         1076    i.spi_i2s_dma_transmitter_enable  at32f421_spi.o
    0x080016ec   0x080016ec   0x00000010   Code   RO         1078    i.spi_i2s_flag_get  at32f421_spi.o
    0x080016fc   0x080016fc   0x00000124   Code   RO         1082    i.spi_init          at32f421_spi.o
    0x08001820   0x08001820   0x000000c4   Code   RO         2033    i.spiflash_init     at32_spiflash.o
    0x080018e4   0x080018e4   0x00000042   Code   RO         2035    i.spiflash_read     at32_spiflash.o
    0x08001926   0x08001926   0x00000042   Code   RO         2036    i.spiflash_read_id  at32_spiflash.o
    0x08001968   0x08001968   0x00000154   Code   RO         1750    i.system_core_clock_update  system_at32f421.o
    0x08001abc   0x08001abc   0x00000028   Code   RO         1613    i.systick_clock_source_config  at32f421_misc.o
    0x08001ae4   0x08001ae4   0x00000008   Code   RO          777    i.usart_data_transmit  at32f421_usart.o
    0x08001aec   0x08001aec   0x0000000a   Code   RO          780    i.usart_enable      at32f421_usart.o
    0x08001af6   0x08001af6   0x00000066   Code   RO          783    i.usart_hardware_flow_control_set  at32f421_usart.o
    0x08001b5c   0x08001b5c   0x0000006c   Code   RO          784    i.usart_init        at32f421_usart.o
    0x08001bc8   0x08001bc8   0x0000004c   Code   RO          791    i.usart_parity_selection_config  at32f421_usart.o
    0x08001c14   0x08001c14   0x0000000a   Code   RO          792    i.usart_receiver_enable  at32f421_usart.o
    0x08001c1e   0x08001c1e   0x0000000a   Code   RO          800    i.usart_transmitter_enable  at32f421_usart.o
    0x08001c28   0x08001c28   0x00000010   Code   RO         1553    i.wdt_counter_reload  at32f421_wdt.o
    0x08001c38   0x08001c38   0x00000014   Code   RO         1554    i.wdt_divider_set   at32f421_wdt.o
    0x08001c4c   0x08001c4c   0x00000018   Code   RO         1557    i.wdt_register_write_enable  at32f421_wdt.o
    0x08001c64   0x08001c64   0x0000000c   Code   RO         1558    i.wdt_reload_value_set  at32f421_wdt.o
    0x08001c70   0x08001c70   0x0000001e   Code   RO          282    i.wk_delay_ms       wk_system.o
    0x08001c8e   0x08001c8e   0x00000002   PAD
    0x08001c90   0x08001c90   0x0000004c   Code   RO          429    i.wk_dma1_channel1_init  wk_dma.o
    0x08001cdc   0x08001cdc   0x00000008   Code   RO          430    i.wk_dma_channel_config  wk_dma.o
    0x08001ce4   0x08001ce4   0x000000ac   Code   RO          333    i.wk_gpio_config    wk_gpio.o
    0x08001d90   0x08001d90   0x000000ca   Code   RO          161    i.wk_nvic_config    at32f421_wk_config.o
    0x08001e5a   0x08001e5a   0x00000002   PAD
    0x08001e5c   0x08001e5c   0x00000058   Code   RO          162    i.wk_periph_clock_config  at32f421_wk_config.o
    0x08001eb4   0x08001eb4   0x000000e0   Code   RO          163    i.wk_system_clock_config  at32f421_wk_config.o
    0x08001f94   0x08001f94   0x0000000c   Code   RO          283    i.wk_timebase_get   wk_system.o
    0x08001fa0   0x08001fa0   0x00000008   Code   RO          284    i.wk_timebase_handler  wk_system.o
    0x08001fa8   0x08001fa8   0x00000010   Code   RO          285    i.wk_timebase_increase  wk_system.o
    0x08001fb8   0x08001fb8   0x00000038   Code   RO          286    i.wk_timebase_init  wk_system.o
    0x08001ff0   0x08001ff0   0x000000a8   Code   RO          357    i.wk_usart1_init    wk_usart.o
    0x08002098   0x08002098   0x0000001a   Code   RO          381    i.wk_wdt_init       wk_wdt.o
    0x080020b2   0x080020b2   0x00000028   Data   RO          491    .constdata          at32f421_crm.o
    0x080020da   0x080020da   0x00000010   Data   RO         1751    .constdata          system_at32f421.o
    0x080020ea   0x080020ea   0x00000002   PAD
    0x080020ec   0x080020ec   0x000062ac   Data   RO         1828    .constdata          lcd.o
    0x08008398   0x08008398   0x00000020   Data   RO         2171    Region$$Table       anon$$obj.o


    Execution Region RW_IRAM1 (Exec base: 0x20000000, Load base: 0x080083b8, Size: 0x00001428, Max: 0x00004000, ABSOLUTE)

    Exec Addr    Load Addr    Size         Type   Attr      Idx    E Section Name        Object

    0x20000000   0x080083b8   0x00000004   Data   RW           14    .data               at32f421_int.o
    0x20000004   0x080083bc   0x0000000c   Data   RW          222    .data               main.o
    0x20000010   0x080083c8   0x00000004   Data   RW          287    .data               wk_system.o
    0x20000014   0x080083cc   0x00000004   Data   RW         1752    .data               system_at32f421.o
    0x20000018        -       0x0000100e   Zero   RW         1827    .bss                lcd.o
    0x20001026   0x080083d0   0x00000002   PAD
    0x20001028        -       0x00000400   Zero   RW         1783    STACK               startup_at32f421.o


==============================================================================

Image component sizes


      Code (inc. data)   RO Data    RW Data    ZI Data      Debug   Object Name

       670         26          0          0          0       3889   at32_spiflash.o
      1238        154         40          0          0       8192   at32f421_crm.o
       222         16          0          0          0       3600   at32f421_dma.o
       216          0          0          0          0       3337   at32f421_gpio.o
        82         14          0          4          0      42950   at32f421_int.o
       280         18          0          0          0      32536   at32f421_misc.o
        20          6          0          0          0        536   at32f421_pwc.o
       372          0          0          0          0       4909   at32f421_spi.o
       324          6          0          0          0       4607   at32f421_usart.o
        72         22          0          0          0       2014   at32f421_wdt.o
       634         34          0          0          0      33114   at32f421_wk_config.o
      2106        106      25260          0       4110      14169   lcd.o
       196         10          0         12          0       1513   main.o
        36          8        204          0       1024        760   startup_at32f421.o
       448         36         16          4          0       2220   system_at32f421.o
        84          6          0          0          0       1396   wk_dma.o
       172         10          0          0          0        549   wk_gpio.o
       122         10          0          4          0       2865   wk_system.o
       168          6          0          0          0        545   wk_usart.o
        26          0          0          0          0        438   wk_wdt.o

    ----------------------------------------------------------------------
      7510        488      25554         24       5136     164139   Object Totals
         0          0         32          0          0          0   (incl. Generated)
        22          0          2          0          2          0   (incl. Padding)

    ----------------------------------------------------------------------

      Code (inc. data)   RO Data    RW Data    ZI Data      Debug   Library Member Name

         0          0          0          0          0          0   entry.o
         0          0          0          0          0          0   entry10a.o
         0          0          0          0          0          0   entry11a.o
         4          0          0          0          0          0   entry12b.o
         8          4          0          0          0          0   entry2.o
         4          0          0          0          0          0   entry5.o
         0          0          0          0          0          0   entry7b.o
         0          0          0          0          0          0   entry8b.o
         8          4          0          0          0          0   entry9a.o
        30          0          0          0          0          0   handlers.o
        36          8          0          0          0         68   init.o
         0          0          0          0          0          0   iusefp.o
        30          0          0          0          0         68   llshl.o
        32          0          0          0          0         68   llushr.o
        98          0          0          0          0         92   uldiv.o
       124          0          0          0          0         88   fdiv.o
       110          0          0          0          0        168   fepilogue.o
        40          0          0          0          0         68   ffixui.o
        18          0          0          0          0         68   fflti.o
        10          0          0          0          0         68   ffltui.o
       100          0          0          0          0         76   fmul.o

    ----------------------------------------------------------------------
       656         16          0          0          0        832   Library Totals
         4          0          0          0          0          0   (incl. Padding)

    ----------------------------------------------------------------------

      Code (inc. data)   RO Data    RW Data    ZI Data      Debug   Library Name

       250         16          0          0          0        296   mc_w.l
       402          0          0          0          0        536   mf_w.l

    ----------------------------------------------------------------------
       656         16          0          0          0        832   Library Totals

    ----------------------------------------------------------------------

==============================================================================


      Code (inc. data)   RO Data    RW Data    ZI Data      Debug   

      8166        504      25554         24       5136     159819   Grand Totals
      8166        504      25554         24       5136     159819   ELF Image Totals
      8166        504      25554         24          0          0   ROM Totals

==============================================================================

    Total RO  Size (Code + RO Data)                33720 (  32.93kB)
    Total RW  Size (RW Data + ZI Data)              5160 (   5.04kB)
    Total ROM Size (Code + RO Data + RW Data)      33744 (  32.95kB)

==============================================================================

